Archive member included because of file (symbol)

/home/linux/devkitPro/libnds/lib/libfilesystem.a(nitrofs.o)
                              Game.o (nitroFSInit)
/home/linux/devkitPro/libnds/lib/libfat.a(libfat.o)
                              /home/linux/devkitPro/libnds/lib/libfilesystem.a(nitrofs.o) (fatInitDefault)
/home/linux/devkitPro/libnds/lib/libfat.a(partition.o)
                              /home/linux/devkitPro/libnds/lib/libfat.a(libfat.o) (_FAT_partition_constructor)
/home/linux/devkitPro/libnds/lib/libfat.a(cache.o)
                              /home/linux/devkitPro/libnds/lib/libfat.a(partition.o) (_FAT_cache_constructor)
/home/linux/devkitPro/libnds/lib/libfat.a(directory.o)
                              /home/linux/devkitPro/libnds/lib/libfat.a(libfat.o) (_FAT_directory_getVolumeLabel)
/home/linux/devkitPro/libnds/lib/libfat.a(disc.o)
                              /home/linux/devkitPro/libnds/lib/libfat.a(libfat.o) (_FAT_disc_interfaces)
/home/linux/devkitPro/libnds/lib/libfat.a(fatdir.o)
                              /home/linux/devkitPro/libnds/lib/libfat.a(libfat.o) (_FAT_stat_r)
/home/linux/devkitPro/libnds/lib/libfat.a(fatfile.o)
                              /home/linux/devkitPro/libnds/lib/libfat.a(libfat.o) (_FAT_open_r)
/home/linux/devkitPro/libnds/lib/libfat.a(file_allocation_table.o)
                              /home/linux/devkitPro/libnds/lib/libfat.a(directory.o) (_FAT_fat_nextCluster)
/home/linux/devkitPro/libnds/lib/libfat.a(filetime.o)
                              /home/linux/devkitPro/libnds/lib/libfat.a(fatdir.o) (_FAT_filetime_getTimeFromRTC)
/home/linux/devkitPro/libnds/lib/libfat.a(lock.o)
                              /home/linux/devkitPro/libnds/lib/libfat.a(partition.o) (_FAT_lock_init)
/home/linux/devkitPro/libnds/lib/libnds9.a(background.o)
                              Map.o (bgUpdate)
/home/linux/devkitPro/libnds/lib/libnds9.a(console.o)
                              Game.o (consoleDemoInit)
/home/linux/devkitPro/libnds/lib/libnds9.a(gurumeditation.o)
                              Game.o (defaultExceptionHandler)
/home/linux/devkitPro/libnds/lib/libnds9.a(keys.o)
                              Game.o (scanKeys)
/home/linux/devkitPro/libnds/lib/libnds9.a(sassert.o)
                              MapManager.o (__sassert)
/home/linux/devkitPro/libnds/lib/libnds9.a(trig.o)
                              /home/linux/devkitPro/libnds/lib/libnds9.a(background.o) (sinLerp)
/home/linux/devkitPro/libnds/lib/libnds9.a(dldi.o)
                              /home/linux/devkitPro/libnds/lib/libfat.a(disc.o) (dldiGetInternal)
/home/linux/devkitPro/libnds/lib/libnds9.a(dsi_sd.o)
                              /home/linux/devkitPro/libnds/lib/libfat.a(disc.o) (__io_dsisd)
/home/linux/devkitPro/libnds/lib/libnds9.a(initSystem.o)
                              /home/linux/devkitPro/devkitARM/bin/../lib/gcc/arm-none-eabi/4.8.2/../../../../arm-none-eabi/lib/thumb/ds_arm9_crt0.o (initSystem)
/home/linux/devkitPro/libnds/lib/libnds9.a(card.o)
                              /home/linux/devkitPro/libnds/lib/libfilesystem.a(nitrofs.o) (cardParamCommand)
/home/linux/devkitPro/libnds/lib/libnds9.a(fifosystem.o)
                              /home/linux/devkitPro/libnds/lib/libnds9.a(dsi_sd.o) (fifoSendValue32)
/home/linux/devkitPro/libnds/lib/libnds9.a(interrupts.o)
                              Timer.o (irqSet)
/home/linux/devkitPro/libnds/lib/libnds9.a(libnds_exit.arm.o)
                              /home/linux/devkitPro/devkitARM/bin/../lib/gcc/arm-none-eabi/4.8.2/../../../../arm-none-eabi/lib/thumb/ds_arm9_crt0.o (__libnds_exit)
/home/linux/devkitPro/libnds/lib/libnds9.a(dcache.o)
                              /home/linux/devkitPro/libnds/lib/libnds9.a(dsi_sd.o) (DC_FlushRange)
/home/linux/devkitPro/libnds/lib/libnds9.a(exceptionHandler.o)
                              /home/linux/devkitPro/libnds/lib/libnds9.a(gurumeditation.o) (getCPSR)
/home/linux/devkitPro/libnds/lib/libnds9.a(dldi_stub.o)
                              /home/linux/devkitPro/libnds/lib/libnds9.a(dldi.o) (_io_dldi_stub)
/home/linux/devkitPro/libnds/lib/libnds9.a(mpu_setup.o)
                              /home/linux/devkitPro/devkitARM/bin/../lib/gcc/arm-none-eabi/4.8.2/../../../../arm-none-eabi/lib/thumb/ds_arm9_crt0.o (__libnds_mpu_setup)
/home/linux/devkitPro/libnds/lib/libnds9.a(biosCalls.o)
                              /home/linux/devkitPro/libnds/lib/libnds9.a(card.o) (swiDelay)
/home/linux/devkitPro/libnds/lib/libnds9.a(debugprint.o)
                              /home/linux/devkitPro/libnds/lib/libnds9.a(console.o) (nocashWrite)
/home/linux/devkitPro/libnds/lib/libnds9.a(interruptDispatcher.o)
                              /home/linux/devkitPro/libnds/lib/libnds9.a(interrupts.o) (IntrMain)
/home/linux/devkitPro/libnds/lib/libnds9.a(swiSoftReset.o)
                              /home/linux/devkitPro/libnds/lib/libnds9.a(fifosystem.o) (swiSoftReset)
[...]
Memory Configuration

Name             Origin             Length             Attributes
rom              0x0000000008000000 0x0000000002000000
ewram            0x0000000002000000 0x00000000003ff000
dtcm             0x000000000b000000 0x0000000000004000
vectors          0x0000000001000000 0x0000000000000100
itcm             0x0000000001000100 0x0000000000007f00
*default*        0x0000000000000000 0xffffffffffffffff

Linker script and memory map

                0x0000000001000000                __vectors_start = ORIGIN (vectors)
                0x0000000001000100                __itcm_start = ORIGIN (itcm)
                0x00000000023ff000                __ewram_end = (ORIGIN (ewram) + 0x3ff000)
                0x00000000023ff000                __eheap_end = (ORIGIN (ewram) + 0x3ff000)
                0x000000000b000000                __dtcm_start = ORIGIN (dtcm)
                0x000000000b004000                __dtcm_top = (ORIGIN (dtcm) + 0x4000)
                0x000000000b003ff8                __irq_flags = (__dtcm_top - 0x8)
                0x000000000b003ffc                __irq_vector = (__dtcm_top - 0x4)
                0x000000000b003f00                __sp_svc = (__dtcm_top - 0x100)
                0x000000000b003e00                __sp_irq = (__sp_svc - 0x100)
                0x000000000b003d00                __sp_usr = (__sp_irq - 0x100)

.init           0x0000000002000000      0x23c
                0x0000000002000000                __text_start = .
 *(.init)
 .init          0x0000000002000000      0x230 /home/linux/devkitPro/devkitARM/bin/../lib/gcc/arm-none-eabi/4.8.2/../../../../arm-none-eabi/lib/thumb/ds_arm9_crt0.o
                0x0000000002000000                _start
 .init          0x0000000002000230        0x4 /home/linux/devkitPro/devkitARM/bin/../lib/gcc/arm-none-eabi/4.8.2/thumb/crti.o
                0x0000000002000230                _init
 .init          0x0000000002000234        0x8 /home/linux/devkitPro/devkitARM/bin/../lib/gcc/arm-none-eabi/4.8.2/thumb/crtn.o
                0x000000000200023c                . = ALIGN (0x4)

.plt
 *(.plt)

.text           0x0000000002000240    0x2cdb0
 *(EXCLUDE_FILE(*.itcm*) .text)
 .text          0x0000000002000240        0x0 /home/linux/devkitPro/devkitARM/bin/../lib/gcc/arm-none-eabi/4.8.2/../../../../arm-none-eabi/lib/thumb/ds_arm9_crt0.o
 .text          0x0000000002000240        0x0 /home/linux/devkitPro/devkitARM/bin/../lib/gcc/arm-none-eabi/4.8.2/thumb/crti.o
 .text          0x0000000002000240       0xd0 /home/linux/devkitPro/devkitARM/bin/../lib/gcc/arm-none-eabi/4.8.2/thumb/crtbegin.o
 .text          0x0000000002000310        0x0 plain.o
 .text          0x0000000002000310        0x0 underground.o
 .text          0x0000000002000310        0x0 indoor.o
 .text          0x0000000002000310        0x0 main.o
 .text          0x0000000002000310       0xac Timer.o
                0x0000000002000310                OnTimer()
                0x0000000002000320                Timer::Timer()
                0x0000000002000320                Timer::Timer()
                0x0000000002000334                Timer::~Timer()
                0x0000000002000334                Timer::~Timer()
                0x0000000002000338                Timer::stop()
                0x0000000002000354                Timer::start()
                0x0000000002000370                Timer::reset()
                0x0000000002000384                Timer::initSystemTimer()
 .text          0x00000000020003bc       0xf8 Game.o
                0x00000000020003bc                Game::~Game()
                0x00000000020003bc                Game::~Game()
                0x00000000020003cc                Game::initNitroFS()
                0x0000000002000404                Game::Game()
                0x0000000002000404                Game::Game()
                0x0000000002000460                Game::initVideo()
                0x000000000200049c                Game::mainLoop()
 .text          0x00000000020004b4      0x3a4 Map.o
                0x00000000020004b4                Map::Map(Tileset*, std::string, unsigned short, unsigned short, unsigned short, unsigned short, unsigned short)
                0x00000000020004b4                Map::Map(Tileset*, std::string, unsigned short, unsigned short, unsigned short, unsigned short, unsigned short)
                0x0000000002000530                Map::~Map()
                0x0000000002000530                Map::~Map()
                0x0000000002000544                Map::screenPos(short, short) const
                0x0000000002000568                Map::loadTile(short, short, signed char, signed char)
                0x00000000020006cc                Map::load()
 .text          0x0000000002000858        0x8 Sprite.o
                0x0000000002000858                Sprite::Sprite()
                0x0000000002000858                Sprite::Sprite()
                0x000000000200085c                Sprite::~Sprite()
                0x000000000200085c                Sprite::~Sprite()
 .text          0x0000000002000860       0x18 Player.o
                0x0000000002000860                Player::Player()
                0x0000000002000860                Player::Player()
                0x000000000200086c                Player::~Player()
                0x000000000200086c                Player::~Player()
 .text          0x0000000002000878       0x1c Character.o
                0x0000000002000878                Character::Character()
                0x0000000002000878                Character::Character()
                0x0000000002000888                Character::~Character()
                0x0000000002000888                Character::~Character()
 .text          0x0000000002000894       0x34 CharacterManager.o
                0x0000000002000894                CharacterManager::init()
                0x00000000020008ac                CharacterManager::free()
 .text          0x00000000020008c8      0x7e0 MapManager.o
                0x00000000020008c8                MapManager::free()
                0x0000000002000928                MapManager::scrollMaps(signed char, signed char)
                0x0000000002000be4                MapManager::initTilesets()
                0x0000000002000c40                MapManager::initMaps()
                0x0000000002001030                MapManager::init()
 .text          0x00000000020010a8      0x350 libs5.o
                0x00000000020010a8                enableSprites
                0x000000000200113c                clearSprite
                0x0000000002001184                drawSprite
                0x0000000002001224                moveSprite
                0x0000000002001268                getSpriteX
                0x0000000002001288                getSpriteY
                0x00000000020012a4                setSpritePriority
                0x00000000020012d4                setSpriteFlip
                0x000000000200130c                setSpritePalette
                0x0000000002001334                enableSpriteAlpha
                0x0000000002001358                disableSpriteAlpha
                0x000000000200137c                enableSpriteMosaic
                0x00000000020013a0                disableSpriteMosaic
                0x00000000020013c4                setSpriteMosaic
 .text          0x00000000020013f8      0x1d0 libs5_asm.o
                0x00000000020013f8                loadTiles
                0x000000000200143c                loadPalette
                0x000000000200146c                loadPalette256
                0x00000000020014f8                loadExtPalette
 .text          0x00000000020015c8        0x0 link.o
 .text          0x00000000020015c8        0x0 grass_effect.o
 .text          0x00000000020015c8        0x0 water_effect.o
 .text          0x00000000020015c8      0x9f4 /home/linux/devkitPro/libnds/lib/libfilesystem.a(nitrofs.o)
                0x0000000002001eb0                nitroFSInit
 .text          0x0000000002001fbc      0x33c /home/linux/devkitPro/libnds/lib/libfat.a(libfat.o)
                0x0000000002001fbc                fatMount
                0x0000000002002078                fatMountSimple
                0x000000000200208c                fatUnmount
                0x00000000020020c0                fatInit
                0x000000000200220c                fatInitDefault
                0x0000000002002218                fatGetVolumeLabel
 .text          0x00000000020022f8      0x728 /home/linux/devkitPro/libnds/lib/libfat.a(partition.o)
                0x00000000020022f8                FindFirstValidPartition_buf
                0x0000000002002480                FindFirstValidPartition
                0x00000000020024a8                _FAT_partition_getPartitionFromPath
                0x00000000020024bc                _FAT_partition_createFSinfo
                0x0000000002002578                _FAT_partition_readFSinfo
                0x0000000002002630                _FAT_partition_constructor_buf
                0x00000000020028d8                _FAT_partition_constructor
                0x0000000002002918                _FAT_partition_writeFSinfo
                0x00000000020029c4                _FAT_partition_destructor
                0x0000000002002a04                _FAT_getCwdClusterPtr
 .text          0x0000000002002a20      0x4ac /home/linux/devkitPro/libnds/lib/libfat.a(cache.o)
                0x0000000002002b10                _FAT_cache_constructor
                0x0000000002002bac                _FAT_cache_readSectors
                0x0000000002002c10                _FAT_cache_readPartialSector
                0x0000000002002c4c                _FAT_cache_readLittleEndianValue
                0x0000000002002cb0                _FAT_cache_writePartialSector
                0x0000000002002cf8                _FAT_cache_writeLittleEndianValue
                0x0000000002002d48                _FAT_cache_eraseWritePartialSector
                0x0000000002002da0                _FAT_cache_writeSectors
                0x0000000002002e0c                _FAT_cache_flush
                0x0000000002002e68                _FAT_cache_destructor
                0x0000000002002e9c                _FAT_cache_invalidate
 .text          0x0000000002002ecc     0x1444 /home/linux/devkitPro/libnds/lib/libfat.a(directory.o)
                0x0000000002003170                _FAT_directory_entryGetCluster
                0x000000000200318c                _FAT_directory_getNextEntry
                0x0000000002003400                _FAT_directory_getFirstEntry
                0x0000000002003420                _FAT_directory_getRootEntry
                0x000000000200347c                _FAT_directory_getVolumeLabel
                0x000000000200353c                _FAT_directory_entryFromPosition
                0x000000000200366c                _FAT_directory_entryFromPath
                0x00000000020038a8                _FAT_directory_removeEntry
                0x0000000002003978                _FAT_directory_addEntry
                0x00000000020041e8                _FAT_directory_chdir
                0x0000000002004238                _FAT_directory_entryStat
 .text          0x0000000002004310        0x8 /home/linux/devkitPro/libnds/lib/libfat.a(disc.o)
 .text          0x0000000002004318      0x950 /home/linux/devkitPro/libnds/lib/libfat.a(fatdir.o)
                0x0000000002004318                _FAT_stat_r
                0x00000000020043b4                _FAT_link_r
                0x00000000020043c0                _FAT_unlink_r
                0x0000000002004534                _FAT_chdir_r
                0x00000000020045a4                _FAT_rename_r
                0x0000000002004770                _FAT_mkdir_r
                0x0000000002004a30                _FAT_statvfs_r
                0x0000000002004ab8                _FAT_diropen_r
                0x0000000002004b78                _FAT_dirreset_r
                0x0000000002004bc4                _FAT_dirnext_r
                0x0000000002004c48                _FAT_dirclose_r
 .text          0x0000000002004c68     0x13a8 /home/linux/devkitPro/libnds/lib/libfat.a(fatfile.o)
                0x0000000002004fb0                _FAT_findEntry
                0x0000000002004fec                FAT_getAttr
                0x0000000002005014                FAT_setAttr
                0x00000000020050b4                _FAT_open_r
                0x00000000020053f4                _FAT_syncToDisc
                0x0000000002005414                _FAT_close_r
                0x000000000200548c                _FAT_read_r
                0x00000000020057b8                _FAT_write_r
                0x0000000002005c54                _FAT_seek_r
                0x0000000002005dc8                _FAT_fstat_r
                0x0000000002005e60                _FAT_ftruncate_r
                0x0000000002005fc8                _FAT_fsync_r
 .text          0x0000000002006010      0x4c0 /home/linux/devkitPro/libnds/lib/libfat.a(file_allocation_table.o)
                0x0000000002006160                _FAT_fat_nextCluster
                0x000000000200627c                _FAT_fat_linkFreeCluster
                0x0000000002006314                _FAT_fat_linkFreeClusterCleared
                0x0000000002006384                _FAT_fat_clearLinks
                0x00000000020063e8                _FAT_fat_trimChain
                0x0000000002006470                _FAT_fat_lastCluster
                0x00000000020064a4                _FAT_fat_freeClusterCount
 .text          0x00000000020064d0       0xb8 /home/linux/devkitPro/libnds/lib/libfat.a(filetime.o)
                0x00000000020064d0                _FAT_filetime_getTimeFromRTC
                0x0000000002006510                _FAT_filetime_getDateFromRTC
                0x0000000002006550                _FAT_filetime_to_time_t
 .text          0x0000000002006588       0x10 /home/linux/devkitPro/libnds/lib/libfat.a(lock.o)
                0x0000000002006588                _FAT_lock_init
                0x000000000200658c                _FAT_lock_deinit
                0x0000000002006590                _FAT_lock
                0x0000000002006594                _FAT_unlock
 .text          0x0000000002006598      0x334 /home/linux/devkitPro/libnds/lib/libnds9.a(background.o)
                0x0000000002006598                bgIsText
                0x00000000020065a4                checkIfText
                0x00000000020065fc                bgUpdate
                0x0000000002006700                bgInit_call
                0x00000000020067e0                bgInitSub_call
 .text          0x00000000020068cc      0xa28 /home/linux/devkitPro/libnds/lib/libnds9.a(console.o)
                0x0000000002006978                nocash_write
                0x0000000002006988                consoleGetDefault
                0x0000000002006994                consoleSelect
                0x00000000020069a4                consoleDebugInit
                0x00000000020069f8                consolePrintChar
                0x0000000002006bc4                consoleLoadFont
                0x0000000002006e54                consoleSetFont
                0x0000000002006e74                consoleInit
                0x0000000002006fdc                consoleDemoInit
                0x0000000002007020                con_write
                0x00000000020072c0                consoleClear
                0x00000000020072d0                consoleSetWindow
 .text          0x00000000020072f4      0x358 /home/linux/devkitPro/libnds/lib/libnds9.a(gurumeditation.o)
                0x00000000020072f4                ARMShift
                0x000000000200736c                getExceptionAddress
                0x0000000002007520                guruMeditationDump
                0x000000000200763c                defaultExceptionHandler
 .text          0x000000000200764c      0x104 /home/linux/devkitPro/libnds/lib/libnds9.a(keys.o)
                0x000000000200764c                scanKeys
                0x00000000020076c0                keysHeld
                0x00000000020076cc                keysDown
                0x00000000020076dc                keysDownRepeat
                0x00000000020076ec                keysSetRepeat
                0x0000000002007704                keysUp
                0x0000000002007714                keysCurrent
 .text          0x0000000002007750       0x30 /home/linux/devkitPro/libnds/lib/libnds9.a(sassert.o)
                0x0000000002007750                __sassert
 .text          0x0000000002007780      0x240 /home/linux/devkitPro/libnds/lib/libnds9.a(trig.o)
                0x0000000002007780                asinComp
                0x00000000020077a8                sinLutLookup
                0x00000000020077e0                sinLerp
                0x0000000002007818                cosLerp
                0x000000000200782c                tanLutLookup
                0x0000000002007864                tanLerp
                0x0000000002007908                asinLerp
                0x0000000002007984                acosLerp
                0x0000000002007998                atanComp
 .text          0x00000000020079c0      0x234 /home/linux/devkitPro/libnds/lib/libnds9.a(dldi.o)
                0x00000000020079c0                dldiGetInternal
                0x00000000020079f8                dldiIsValid
                0x0000000002007a30                dldiFixDriverAddresses
                0x0000000002007b0c                dldiLoadFromFile
                0x0000000002007be8                dldiFree
 .text          0x0000000002007bf4      0x148 /home/linux/devkitPro/libnds/lib/libnds9.a(dsi_sd.o)
                0x0000000002007bf4                sdio_ClearStatus
                0x0000000002007c04                sdio_Shutdown
                0x0000000002007c14                sdio_Startup
                0x0000000002007c60                sdio_IsInserted
                0x0000000002007c94                sdio_ReadSectors
                0x0000000002007ce8                sdio_WriteSectors
 .text          0x0000000002007d3c      0x140 /home/linux/devkitPro/libnds/lib/libnds9.a(initSystem.o)
                0x0000000002007d3c                initSystem
 .text          0x0000000002007e7c      0x23c /home/linux/devkitPro/libnds/lib/libnds9.a(card.o)
                0x0000000002007e7c                cardWriteCommand
                0x0000000002007ea0                cardPolledTransfer
                0x0000000002007ef0                cardStartTransfer
                0x0000000002007f4c                cardWriteAndRead
                0x0000000002007f90                cardParamCommand
                0x0000000002007fc0                cardReadID
                0x0000000002007fe8                cardReset
                0x000000000200805c                cardReadHeader
 .text          0x00000000020080b8      0xce0 /home/linux/devkitPro/libnds/lib/libnds9.a(fifosystem.o)
                0x0000000002008330                fifoSendAddress
                0x000000000200835c                fifoSendValue32
                0x0000000002008398                fifoSendDatamsg
                0x0000000002008408                fifoGetAddress
                0x000000000200847c                fifoSetAddressHandler
                0x00000000020084f8                fifoGetValue32
                0x000000000200856c                fifoSetValue32Handler
                0x00000000020085e8                fifoGetDatamsg
                0x0000000002008a8c                fifoSetDatamsgHandler
                0x0000000002008b30                fifoCheckAddress
                0x0000000002008b58                fifoCheckDatamsg
                0x0000000002008b80                fifoCheckDatamsgLength
                0x0000000002008bb8                fifoCheckValue32
                0x0000000002008be0                fifoInit
 .text          0x0000000002008d98      0x1ec /home/linux/devkitPro/libnds/lib/libnds9.a(interrupts.o)
                0x0000000002008d98                irqDummy
                0x0000000002008d9c                irqSet
                0x0000000002008e08                irqInit
                0x0000000002008e54                irqInitHandler
                0x0000000002008e84                irqEnable
                0x0000000002008ee8                irqDisable
                0x0000000002008f4c                irqClear
 .text          0x0000000002008f84       0x58 /home/linux/devkitPro/libnds/lib/libnds9.a(libnds_exit.arm.o)
                0x0000000002008f84                systemErrorExit
                0x0000000002008f88                __libnds_exit
 .text          0x0000000002008fdc       0x70 /home/linux/devkitPro/libnds/lib/libnds9.a(dcache.o)
                0x0000000002008fdc                DC_FlushAll
                0x0000000002009008                DC_FlushRange
                0x0000000002009024                DC_InvalidateAll
                0x0000000002009030                DC_InvalidateRange
 .text          0x000000000200904c       0xdc /home/linux/devkitPro/libnds/lib/libnds9.a(exceptionHandler.o)
                0x000000000200904c                getCPSR
                0x0000000002009054                enterException
                0x00000000020090c8                exceptionC
                0x00000000020090cc                exceptionStack
                0x00000000020090d0                exceptionRegisters
 *fill*         0x0000000002009128       0x18 ff
 .text          0x0000000002009140     0x8000 /home/linux/devkitPro/libnds/lib/libnds9.a(dldi_stub.o)
                0x0000000002009140                _io_dldi_stub
 .text          0x0000000002011140      0x1b4 /home/linux/devkitPro/libnds/lib/libnds9.a(mpu_setup.o)
                0x0000000002011140                __libnds_mpu_setup
                0x0000000002011280                memCached
                0x0000000002011298                memUncached
 *fill*         0x00000000020112f4        0xc ff
 .text          0x0000000002011300       0x70 /home/linux/devkitPro/libnds/lib/libnds9.a(biosCalls.o)
                0x0000000002011300                swiDelay
                0x0000000002011304                swiIntrWait
                0x0000000002011308                swiWaitForVBlank
                0x000000000201130c                swiSleep
                0x0000000002011310                swiChangeSoundBias
                0x0000000002011314                swiDivide
                0x0000000002011318                swiRemainder
                0x000000000201131e                swiDivMod
                0x000000000201132a                swiCopy
                0x000000000201132e                swiFastCopy
                0x0000000002011332                swiSqrt
                0x0000000002011336                swiCRC16
                0x000000000201133a                swiIsDebugger
                0x000000000201133e                swiUnpackBits
                0x0000000002011342                swiDecompressLZSSWram
                0x0000000002011346                swiDecompressLZSSVramNTR
                0x000000000201134a                swiDecompressLZSSVramTWL
                0x000000000201134e                swiDecompressHuffman
                0x0000000002011352                swiDecompressRLEWram
                0x0000000002011356                swiDecompressRLEVram
                0x000000000201135a                swiWaitForIRQ
                0x000000000201135e                swiDecodeDelta8
                0x0000000002011362                swiDecodeDelta16
                0x0000000002011366                swiSetHaltCR
 .text          0x0000000002011370       0xa4 /home/linux/devkitPro/libnds/lib/libnds9.a(debugprint.o)
                0x0000000002011370                nocashWrite
                0x0000000002011372                nocashMessage
 .text          0x0000000002011414        0x0 /home/linux/devkitPro/libnds/lib/libnds9.a(interruptDispatcher.o)
 *fill*         0x0000000002011414        0xc ff
 .text          0x0000000002011420       0x30 /home/linux/devkitPro/libnds/lib/libnds9.a(swiSoftReset.o)
                0x0000000002011420                swiSoftReset
 .text          0x0000000002011450        0x0 /home/linux/devkitPro/libnds/lib/libnds9.a(default_font.bin.o)
 .text          0x0000000002011450       0x28 /home/linux/devkitPro/libnds/lib/libnds9.a(exceptions.o)
                0x0000000002011450                setExceptionHandler
 .text          0x0000000002011478      0x128 /home/linux/devkitPro/libnds/lib/libnds9.a(system.o)
                0x0000000002011478                setSDcallback
                0x0000000002011484                systemMsgHandler
                0x00000000020114c8                systemSleep
                0x00000000020114e0                systemValueHandler
                0x000000000201151c                powerOn
                0x0000000002011548                powerOff
                0x0000000002011570                ledBlink
                0x0000000002011580                getBatteryLevel
 .text          0x00000000020115a0      0x1f8 /home/linux/devkitPro/libnds/lib/libnds9.a(video.o)
                0x00000000020115a0                vramSetPrimaryBanks
                0x00000000020115e4                vramSetMainBanks
                0x0000000002011628                vramSetBanks_EFG
                0x0000000002011660                vramRestorePrimaryBanks
                0x000000000201166c                vramRestoreMainBanks
                0x0000000002011678                vramRestoreBanks_EFG
                0x0000000002011684                setBrightness
                0x00000000020116c4                vramDefault
 .text          0x0000000002011798        0x0 /home/linux/devkitPro/devkitARM/bin/../lib/gcc/arm-none-eabi/4.8.2/../../../../arm-none-eabi/lib/thumb/libstdc++.a(new_op.o)
 .text          0x0000000002011798        0x0 /home/linux/devkitPro/devkitARM/bin/../lib/gcc/arm-none-eabi/4.8.2/../../../../arm-none-eabi/lib/thumb/libstdc++.a(eh_call.o)
 .text          0x0000000002011798        0x0 /home/linux/devkitPro/devkitARM/bin/../lib/gcc/arm-none-eabi/4.8.2/../../../../arm-none-eabi/lib/thumb/libstdc++.a(new_opv.o)
 .text          0x0000000002011798        0x0 /home/linux/devkitPro/devkitARM/bin/../lib/gcc/arm-none-eabi/4.8.2/../../../../arm-none-eabi/lib/thumb/libstdc++.a(eh_personality.o)
 .text          0x0000000002011798        0x0 /home/linux/devkitPro/devkitARM/bin/../lib/gcc/arm-none-eabi/4.8.2/../../../../arm-none-eabi/lib/thumb/libstdc++.a(del_op.o)
 .text          0x0000000002011798        0x0 /home/linux/devkitPro/devkitARM/bin/../lib/gcc/arm-none-eabi/4.8.2/../../../../arm-none-eabi/lib/thumb/libstdc++.a(atexit_arm.o)
 .text          0x0000000002011798        0x0 /home/linux/devkitPro/devkitARM/bin/../lib/gcc/arm-none-eabi/4.8.2/../../../../arm-none-eabi/lib/thumb/libstdc++.a(eh_terminate.o)
 .text          0x0000000002011798        0x0 /home/linux/devkitPro/devkitARM/bin/../lib/gcc/arm-none-eabi/4.8.2/../../../../arm-none-eabi/lib/thumb/libstdc++.a(eh_exception.o)
 .text          0x0000000002011798        0x0 /home/linux/devkitPro/devkitARM/bin/../lib/gcc/arm-none-eabi/4.8.2/../../../../arm-none-eabi/lib/thumb/libstdc++.a(eh_alloc.o)
 .text          0x0000000002011798        0x0 /home/linux/devkitPro/devkitARM/bin/../lib/gcc/arm-none-eabi/4.8.2/../../../../arm-none-eabi/lib/thumb/libstdc++.a(bad_alloc.o)
 .text          0x0000000002011798        0x0 /home/linux/devkitPro/devkitARM/bin/../lib/gcc/arm-none-eabi/4.8.2/../../../../arm-none-eabi/lib/thumb/libstdc++.a(del_opv.o)
 .text          0x0000000002011798        0x0 /home/linux/devkitPro/devkitARM/bin/../lib/gcc/arm-none-eabi/4.8.2/../../../../arm-none-eabi/lib/thumb/libstdc++.a(class_type_info.o)
 .text          0x0000000002011798        0x0 /home/linux/devkitPro/devkitARM/bin/../lib/gcc/arm-none-eabi/4.8.2/../../../../arm-none-eabi/lib/thumb/libstdc++.a(new_handler.o)
 .text          0x0000000002011798        0x0 /home/linux/devkitPro/devkitARM/bin/../lib/gcc/arm-none-eabi/4.8.2/../../../../arm-none-eabi/lib/thumb/libstdc++.a(string-inst.o)
 .text          0x0000000002011798        0x0 /home/linux/devkitPro/devkitARM/bin/../lib/gcc/arm-none-eabi/4.8.2/../../../../arm-none-eabi/lib/thumb/libstdc++.a(functexcept.o)
 .text          0x0000000002011798        0x0 /home/linux/devkitPro/devkitARM/bin/../lib/gcc/arm-none-eabi/4.8.2/../../../../arm-none-eabi/lib/thumb/libstdc++.a(eh_arm.o)
 .text          0x0000000002011798        0x0 /home/linux/devkitPro/devkitARM/bin/../lib/gcc/arm-none-eabi/4.8.2/../../../../arm-none-eabi/lib/thumb/libstdc++.a(eh_throw.o)
 .text          0x0000000002011798        0x0 /home/linux/devkitPro/devkitARM/bin/../lib/gcc/arm-none-eabi/4.8.2/../../../../arm-none-eabi/lib/thumb/libstdc++.a(pure.o)
 .text          0x0000000002011798        0x0 /home/linux/devkitPro/devkitARM/bin/../lib/gcc/arm-none-eabi/4.8.2/../../../../arm-none-eabi/lib/thumb/libstdc++.a(bad_cast.o)
 .text          0x0000000002011798        0x0 /home/linux/devkitPro/devkitARM/bin/../lib/gcc/arm-none-eabi/4.8.2/../../../../arm-none-eabi/lib/thumb/libstdc++.a(eh_globals.o)
 .text          0x0000000002011798        0x0 /home/linux/devkitPro/devkitARM/bin/../lib/gcc/arm-none-eabi/4.8.2/../../../../arm-none-eabi/lib/thumb/libstdc++.a(eh_catch.o)
 .text          0x0000000002011798        0x0 /home/linux/devkitPro/devkitARM/bin/../lib/gcc/arm-none-eabi/4.8.2/../../../../arm-none-eabi/lib/thumb/libstdc++.a(si_class_type_info.o)
 .text          0x0000000002011798        0x0 /home/linux/devkitPro/devkitARM/bin/../lib/gcc/arm-none-eabi/4.8.2/../../../../arm-none-eabi/lib/thumb/libstdc++.a(eh_unex_handler.o)
 .text          0x0000000002011798        0x0 /home/linux/devkitPro/devkitARM/bin/../lib/gcc/arm-none-eabi/4.8.2/../../../../arm-none-eabi/lib/thumb/libstdc++.a(tinfo.o)
 .text          0x0000000002011798        0x0 /home/linux/devkitPro/devkitARM/bin/../lib/gcc/arm-none-eabi/4.8.2/../../../../arm-none-eabi/lib/thumb/libstdc++.a(bad_typeid.o)
 .text          0x0000000002011798        0x0 /home/linux/devkitPro/devkitARM/bin/../lib/gcc/arm-none-eabi/4.8.2/../../../../arm-none-eabi/lib/thumb/libstdc++.a(eh_term_handler.o)
 .text          0x0000000002011798        0x0 /home/linux/devkitPro/devkitARM/bin/../lib/gcc/arm-none-eabi/4.8.2/../../../../arm-none-eabi/lib/thumb/libstdc++.a(ios_failure.o)
 .text          0x0000000002011798        0x0 /home/linux/devkitPro/devkitARM/bin/../lib/gcc/arm-none-eabi/4.8.2/../../../../arm-none-eabi/lib/thumb/libstdc++.a(stdexcept.o)
 .text          0x0000000002011798        0x0 /home/linux/devkitPro/devkitARM/bin/../lib/gcc/arm-none-eabi/4.8.2/../../../../arm-none-eabi/lib/thumb/libstdc++.a(functional.o)
 .text          0x0000000002011798        0x0 /home/linux/devkitPro/devkitARM/bin/../lib/gcc/arm-none-eabi/4.8.2/../../../../arm-none-eabi/lib/thumb/libstdc++.a(future.o)
 .text          0x0000000002011798        0x0 /home/linux/devkitPro/devkitARM/bin/../lib/gcc/arm-none-eabi/4.8.2/../../../../arm-none-eabi/lib/thumb/libstdc++.a(regex.o)
 .text          0x0000000002011798        0x0 /home/linux/devkitPro/devkitARM/bin/../lib/gcc/arm-none-eabi/4.8.2/../../../../arm-none-eabi/lib/thumb/libstdc++.a(system_error.o)
 .text          0x0000000002011798        0x0 /home/linux/devkitPro/devkitARM/bin/../lib/gcc/arm-none-eabi/4.8.2/../../../../arm-none-eabi/lib/thumb/libstdc++.a(guard.o)
 .text          0x0000000002011798        0x0 /home/linux/devkitPro/devkitARM/bin/../lib/gcc/arm-none-eabi/4.8.2/../../../../arm-none-eabi/lib/thumb/libstdc++.a(vterminate.o)
 .text          0x0000000002011798        0x0 /home/linux/devkitPro/devkitARM/bin/../lib/gcc/arm-none-eabi/4.8.2/../../../../arm-none-eabi/lib/thumb/libstdc++.a(guard_error.o)
 .text          0x0000000002011798        0x0 /home/linux/devkitPro/devkitARM/bin/../lib/gcc/arm-none-eabi/4.8.2/../../../../arm-none-eabi/lib/thumb/libstdc++.a(eh_type.o)
 .text          0x0000000002011798     0x60e0 /home/linux/devkitPro/devkitARM/bin/../lib/gcc/arm-none-eabi/4.8.2/../../../../arm-none-eabi/lib/thumb/libstdc++.a(cp-demangle.o)
                0x0000000002017784                __cxa_demangle
                0x000000000201784c                __gcclibcxx_demangle_callback
 .text          0x0000000002017878       0xc0 /home/linux/devkitPro/devkitARM/bin/../lib/gcc/arm-none-eabi/4.8.2/../../../../arm-none-eabi/lib/thumb/libm.a(lib_a-w_sqrt.o)
                0x0000000002017878                sqrt
 .text          0x0000000002017938      0x1c0 /home/linux/devkitPro/devkitARM/bin/../lib/gcc/arm-none-eabi/4.8.2/../../../../arm-none-eabi/lib/thumb/libm.a(lib_a-e_sqrt.o)
                0x0000000002017938                __ieee754_sqrt
 .text          0x0000000002017af8       0x5c /home/linux/devkitPro/devkitARM/bin/../lib/gcc/arm-none-eabi/4.8.2/../../../../arm-none-eabi/lib/thumb/libm.a(lib_a-s_fpclassify.o)
                0x0000000002017af8                __fpclassifyd
 .text          0x0000000002017b54        0x0 /home/linux/devkitPro/devkitARM/bin/../lib/gcc/arm-none-eabi/4.8.2/../../../../arm-none-eabi/lib/thumb/libm.a(lib_a-s_lib_ver.o)
 .text          0x0000000002017b54        0x4 /home/linux/devkitPro/devkitARM/bin/../lib/gcc/arm-none-eabi/4.8.2/../../../../arm-none-eabi/lib/thumb/libm.a(lib_a-s_matherr.o)
                0x0000000002017b54                matherr
 .text          0x0000000002017b58      0x11c /home/linux/devkitPro/devkitARM/bin/../lib/gcc/arm-none-eabi/4.8.2/thumb/libgcc.a(_udivsi3.o)
                0x0000000002017b58                __udivsi3
                0x0000000002017b58                __aeabi_uidiv
                0x0000000002017c54                __aeabi_uidivmod
 .text          0x0000000002017c74      0x150 /home/linux/devkitPro/devkitARM/bin/../lib/gcc/arm-none-eabi/4.8.2/thumb/libgcc.a(_divsi3.o)
                0x0000000002017c74                __aeabi_idiv
                0x0000000002017c74                __divsi3
                0x0000000002017da4                __aeabi_idivmod
 .text          0x0000000002017dc4        0x4 /home/linux/devkitPro/devkitARM/bin/../lib/gcc/arm-none-eabi/4.8.2/thumb/libgcc.a(_dvmd_tls.o)
                0x0000000002017dc4                __aeabi_ldiv0
                0x0000000002017dc4                __aeabi_idiv0
 .text          0x0000000002017dc8      0x41c /home/linux/devkitPro/devkitARM/bin/../lib/gcc/arm-none-eabi/4.8.2/thumb/libgcc.a(_arm_addsubdf3.o)
                0x0000000002017dc8                __aeabi_drsub
                0x0000000002017dd0                __aeabi_dsub
                0x0000000002017dd0                __subdf3
                0x0000000002017dd4                __adddf3
                0x0000000002017dd4                __aeabi_dadd
                0x00000000020180e4                __aeabi_ui2d
                0x00000000020180e4                __floatunsidf
                0x0000000002018108                __floatsidf
                0x0000000002018108                __aeabi_i2d
                0x0000000002018130                __extendsfdf2
                0x0000000002018130                __aeabi_f2d
                0x0000000002018170                __aeabi_ul2d
                0x0000000002018170                __floatundidf
                0x0000000002018184                __floatdidf
                0x0000000002018184                __aeabi_l2d
 .text          0x00000000020181e4      0x49c /home/linux/devkitPro/devkitARM/bin/../lib/gcc/arm-none-eabi/4.8.2/thumb/libgcc.a(_arm_muldivdf3.o)
                0x00000000020181e4                __aeabi_dmul
                0x00000000020181e4                __muldf3
                0x0000000002018474                __aeabi_ddiv
                0x0000000002018474                __divdf3
 .text          0x0000000002018680      0x144 /home/linux/devkitPro/devkitARM/bin/../lib/gcc/arm-none-eabi/4.8.2/thumb/libgcc.a(_arm_cmpdf2.o)
                0x0000000002018680                __gtdf2
                0x0000000002018680                __gedf2
                0x0000000002018688                __ltdf2
                0x0000000002018688                __ledf2
                0x0000000002018690                __cmpdf2
                0x0000000002018690                __eqdf2
                0x0000000002018690                __nedf2
                0x0000000002018718                __aeabi_cdrcmple
                0x0000000002018734                __aeabi_cdcmple
                0x0000000002018734                __aeabi_cdcmpeq
                0x000000000201874c                __aeabi_dcmpeq
                0x0000000002018764                __aeabi_dcmplt
                0x000000000201877c                __aeabi_dcmple
                0x0000000002018794                __aeabi_dcmpge
                0x00000000020187ac                __aeabi_dcmpgt
 .text          0x00000000020187c4       0x54 /home/linux/devkitPro/devkitARM/bin/../lib/gcc/arm-none-eabi/4.8.2/thumb/libgcc.a(_arm_fixunsdfsi.o)
                0x00000000020187c4                __fixunsdfsi
                0x00000000020187c4                __aeabi_d2uiz
 .text          0x0000000002018818       0x4c /home/linux/devkitPro/devkitARM/bin/../lib/gcc/arm-none-eabi/4.8.2/thumb/libgcc.a(_muldi3.o)
                0x0000000002018818                __aeabi_lmul
                0x0000000002018818                __muldi3
 .text          0x0000000002018864      0xac4 /home/linux/devkitPro/devkitARM/bin/../lib/gcc/arm-none-eabi/4.8.2/thumb/libgcc.a(unwind-arm.o)
                0x0000000002018b60                _Unwind_GetCFA
                0x0000000002018b64                __gnu_Unwind_RaiseException
                0x0000000002018bbc                __gnu_Unwind_ForcedUnwind
                0x0000000002018bd4                __gnu_Unwind_Resume
                0x0000000002018c1c                __gnu_Unwind_Resume_or_Rethrow
                0x0000000002018c3c                _Unwind_Complete
                0x0000000002018c40                _Unwind_DeleteException
                0x0000000002018c58                _Unwind_VRS_Get
                0x0000000002018cac                _Unwind_VRS_Set
                0x0000000002018d00                __gnu_Unwind_Backtrace
                0x000000000201906c                __aeabi_unwind_cpp_pr0
                0x000000000201907c                __aeabi_unwind_cpp_pr1
                0x000000000201908c                __aeabi_unwind_cpp_pr2
                0x000000000201909c                _Unwind_VRS_Pop
 .text          0x0000000002019328      0x1d8 /home/linux/devkitPro/devkitARM/bin/../lib/gcc/arm-none-eabi/4.8.2/thumb/libgcc.a(libunwind.o)
                0x0000000002019328                __restore_core_regs
                0x0000000002019328                restore_core_regs
                0x0000000002019344                __gnu_Unwind_Restore_VFP
                0x000000000201934c                __gnu_Unwind_Save_VFP
                0x0000000002019354                __gnu_Unwind_Restore_VFP_D
                0x000000000201935c                __gnu_Unwind_Save_VFP_D
                0x0000000002019364                __gnu_Unwind_Restore_VFP_D_16_to_31
                0x000000000201936c                __gnu_Unwind_Save_VFP_D_16_to_31
                0x0000000002019374                __gnu_Unwind_Restore_WMMXD
                0x00000000020193b8                __gnu_Unwind_Save_WMMXD
                0x00000000020193fc                __gnu_Unwind_Restore_WMMXC
                0x0000000002019410                __gnu_Unwind_Save_WMMXC
                0x0000000002019424                ___Unwind_RaiseException
                0x0000000002019424                _Unwind_RaiseException
                0x0000000002019450                ___Unwind_Resume
                0x0000000002019450                _Unwind_Resume
                0x000000000201947c                _Unwind_Resume_or_Rethrow
                0x000000000201947c                ___Unwind_Resume_or_Rethrow
                0x00000000020194a8                ___Unwind_ForcedUnwind
                0x00000000020194a8                _Unwind_ForcedUnwind
                0x00000000020194d4                _Unwind_Backtrace
                0x00000000020194d4                ___Unwind_Backtrace
 .text          0x0000000002019500      0x3c4 /home/linux/devkitPro/devkitARM/bin/../lib/gcc/arm-none-eabi/4.8.2/thumb/libgcc.a(pr-support.o)
                0x0000000002019560                __gnu_unwind_execute
                0x0000000002019860                __gnu_unwind_frame
                0x000000000201988c                _Unwind_GetRegionStart
                0x000000000201989c                _Unwind_GetLanguageSpecificData
                0x00000000020198b4                _Unwind_GetDataRelBase
                0x00000000020198bc                _Unwind_GetTextRelBase
 .text          0x00000000020198c4       0x10 /home/linux/devkitPro/devkitARM/bin/../lib/gcc/arm-none-eabi/4.8.2/../../../../arm-none-eabi/lib/thumb/libg.a(lib_a-abort.o)
                0x00000000020198c4                abort
 .text          0x00000000020198d4       0x64 /home/linux/devkitPro/devkitARM/bin/../lib/gcc/arm-none-eabi/4.8.2/../../../../arm-none-eabi/lib/thumb/libg.a(lib_a-bsearch.o)
                0x00000000020198d4                bsearch
 .text          0x0000000002019938       0x10 /home/linux/devkitPro/devkitARM/bin/../lib/gcc/arm-none-eabi/4.8.2/../../../../arm-none-eabi/lib/thumb/libg.a(lib_a-ctype_.o)
                0x0000000002019938                __set_ctype
 .text          0x0000000002019948       0x18 /home/linux/devkitPro/devkitARM/bin/../lib/gcc/arm-none-eabi/4.8.2/../../../../arm-none-eabi/lib/thumb/libg.a(lib_a-cxa_atexit.o)
                0x0000000002019948                __cxa_atexit
 .text          0x0000000002019960        0xc /home/linux/devkitPro/devkitARM/bin/../lib/gcc/arm-none-eabi/4.8.2/../../../../arm-none-eabi/lib/thumb/libg.a(lib_a-errno.o)
                0x0000000002019960                __errno
 .text          0x000000000201996c       0xb0 /home/linux/devkitPro/devkitARM/bin/../lib/gcc/arm-none-eabi/4.8.2/../../../../arm-none-eabi/lib/thumb/libg.a(lib_a-fclose.o)
                0x000000000201996c                _fclose_r
                0x0000000002019a00                fclose
 .text          0x0000000002019a1c      0x1bc /home/linux/devkitPro/devkitARM/bin/../lib/gcc/arm-none-eabi/4.8.2/../../../../arm-none-eabi/lib/thumb/libg.a(lib_a-fflush.o)
                0x0000000002019a1c                __sflush_r
                0x0000000002019b78                _fflush_r
                0x0000000002019ba8                fflush
 .text          0x0000000002019bd8      0x248 /home/linux/devkitPro/devkitARM/bin/../lib/gcc/arm-none-eabi/4.8.2/../../../../arm-none-eabi/lib/thumb/libg.a(lib_a-findfp.o)
                0x0000000002019be0                _cleanup_r
                0x0000000002019bf4                __sfmoreglue
                0x0000000002019c28                _cleanup
                0x0000000002019c44                __sinit
                0x0000000002019d44                __sfp
                0x0000000002019dd8                __sfp_lock_acquire
                0x0000000002019ddc                __sfp_lock_release
                0x0000000002019de0                __sinit_lock_acquire
                0x0000000002019de4                __sinit_lock_release
                0x0000000002019de8                __fp_lock_all
                0x0000000002019e04                __fp_unlock_all
 .text          0x0000000002019e20       0xa8 /home/linux/devkitPro/devkitARM/bin/../lib/gcc/arm-none-eabi/4.8.2/../../../../arm-none-eabi/lib/thumb/libg.a(lib_a-fopen.o)
                0x0000000002019e20                _fopen_r
                0x0000000002019eac                fopen
 .text          0x0000000002019ec8       0x58 /home/linux/devkitPro/devkitARM/bin/../lib/gcc/arm-none-eabi/4.8.2/../../../../arm-none-eabi/lib/thumb/libg.a(lib_a-fputc.o)
                0x0000000002019ec8                _fputc_r
                0x0000000002019ef0                fputc
 .text          0x0000000002019f20       0x78 /home/linux/devkitPro/devkitARM/bin/../lib/gcc/arm-none-eabi/4.8.2/../../../../arm-none-eabi/lib/thumb/libg.a(lib_a-fputs.o)
                0x0000000002019f20                _fputs_r
                0x0000000002019f7c                fputs
 .text          0x0000000002019f98      0x19c /home/linux/devkitPro/devkitARM/bin/../lib/gcc/arm-none-eabi/4.8.2/../../../../arm-none-eabi/lib/thumb/libg.a(lib_a-fread.o)
                0x0000000002019f98                _fread_r
                0x000000000201a10c                fread
 .text          0x000000000201a134      0x238 /home/linux/devkitPro/devkitARM/bin/../lib/gcc/arm-none-eabi/4.8.2/../../../../arm-none-eabi/lib/thumb/libg.a(lib_a-freer.o)
                0x000000000201a134                _malloc_trim_r
                0x000000000201a1d8                _free_r
 .text          0x000000000201a36c       0x2c /home/linux/devkitPro/devkitARM/bin/../lib/gcc/arm-none-eabi/4.8.2/../../../../arm-none-eabi/lib/thumb/libg.a(lib_a-fseek.o)
                0x000000000201a36c                _fseek_r
                0x000000000201a378                fseek
 .text          0x000000000201a398      0x34c /home/linux/devkitPro/devkitARM/bin/../lib/gcc/arm-none-eabi/4.8.2/../../../../arm-none-eabi/lib/thumb/libg.a(lib_a-fseeko.o)
                0x000000000201a398                _fseeko_r
                0x000000000201a6c0                fseeko
 .text          0x000000000201a6e4      0x330 /home/linux/devkitPro/devkitARM/bin/../lib/gcc/arm-none-eabi/4.8.2/../../../../arm-none-eabi/lib/thumb/libg.a(lib_a-fvwrite.o)
                0x000000000201a6e4                __sfvwrite_r
 .text          0x000000000201aa14       0xa4 /home/linux/devkitPro/devkitARM/bin/../lib/gcc/arm-none-eabi/4.8.2/../../../../arm-none-eabi/lib/thumb/libg.a(lib_a-fwalk.o)
                0x000000000201aa14                _fwalk
                0x000000000201aa60                _fwalk_reent
 .text          0x000000000201aab8       0x9c /home/linux/devkitPro/devkitARM/bin/../lib/gcc/arm-none-eabi/4.8.2/../../../../arm-none-eabi/lib/thumb/libg.a(lib_a-fwrite.o)
                0x000000000201aab8                _fwrite_r
                0x000000000201ab2c                fwrite
 .text          0x000000000201ab54        0x0 /home/linux/devkitPro/devkitARM/bin/../lib/gcc/arm-none-eabi/4.8.2/../../../../arm-none-eabi/lib/thumb/libg.a(lib_a-impure.o)
 .text          0x000000000201ab54       0x58 /home/linux/devkitPro/devkitARM/bin/../lib/gcc/arm-none-eabi/4.8.2/../../../../arm-none-eabi/lib/thumb/libg.a(lib_a-init.o)
                0x000000000201ab54                __libc_init_array
 .text          0x000000000201abac       0x40 /home/linux/devkitPro/devkitARM/bin/../lib/gcc/arm-none-eabi/4.8.2/../../../../arm-none-eabi/lib/thumb/libg.a(lib_a-iprintf.o)
                0x000000000201abac                iprintf
                0x000000000201abd0                _iprintf_r
 .text          0x000000000201abec       0x10 /home/linux/devkitPro/devkitARM/bin/../lib/gcc/arm-none-eabi/4.8.2/../../../../arm-none-eabi/lib/thumb/libg.a(lib_a-lcltime_r.o)
                0x000000000201abec                localtime_r
 .text          0x000000000201abfc      0x934 /home/linux/devkitPro/devkitARM/bin/../lib/gcc/arm-none-eabi/4.8.2/../../../../arm-none-eabi/lib/thumb/libg.a(lib_a-locale.o)
                0x000000000201b2bc                _setlocale_r
                0x000000000201b4d0                __locale_charset
                0x000000000201b4d8                __locale_mb_cur_max
                0x000000000201b4e4                __locale_msgcharset
                0x000000000201b4f0                __locale_cjk_lang
                0x000000000201b4fc                _localeconv_r
                0x000000000201b508                setlocale
                0x000000000201b524                localeconv
 .text          0x000000000201b530       0xe4 /home/linux/devkitPro/devkitARM/bin/../lib/gcc/arm-none-eabi/4.8.2/../../../../arm-none-eabi/lib/thumb/libg.a(lib_a-makebuf.o)
                0x000000000201b530                __smakebuf_r
 .text          0x000000000201b614       0x30 /home/linux/devkitPro/devkitARM/bin/../lib/gcc/arm-none-eabi/4.8.2/../../../../arm-none-eabi/lib/thumb/libg.a(lib_a-malloc.o)
                0x000000000201b614                malloc
                0x000000000201b62c                free
 .text          0x000000000201b644      0x510 /home/linux/devkitPro/devkitARM/bin/../lib/gcc/arm-none-eabi/4.8.2/../../../../arm-none-eabi/lib/thumb/libg.a(lib_a-mallocr.o)
                0x000000000201b644                _malloc_r
 .text          0x000000000201bb54       0xf8 /home/linux/devkitPro/devkitARM/bin/../lib/gcc/arm-none-eabi/4.8.2/../../../../arm-none-eabi/lib/thumb/libg.a(lib_a-mbrtowc.o)
                0x000000000201bb54                _mbrtowc_r
                0x000000000201bbcc                mbrtowc
 .text          0x000000000201bc4c       0x40 /home/linux/devkitPro/devkitARM/bin/../lib/gcc/arm-none-eabi/4.8.2/../../../../arm-none-eabi/lib/thumb/libg.a(lib_a-mbsrtowcs.o)
                0x000000000201bc4c                _mbsrtowcs_r
                0x000000000201bc64                mbsrtowcs
 .text          0x000000000201bc8c      0x5bc /home/linux/devkitPro/devkitARM/bin/../lib/gcc/arm-none-eabi/4.8.2/../../../../arm-none-eabi/lib/thumb/libg.a(lib_a-mbtowc_r.o)
                0x000000000201bc8c                __utf8_mbtowc
                0x000000000201bef4                _mbtowc_r
                0x000000000201bf30                __ascii_mbtowc
                0x000000000201bf60                __sjis_mbtowc
                0x000000000201c018                __eucjp_mbtowc
                0x000000000201c100                __jis_mbtowc
 .text          0x000000000201c248       0x8c /home/linux/devkitPro/devkitARM/bin/../lib/gcc/arm-none-eabi/4.8.2/../../../../arm-none-eabi/lib/thumb/libg.a(lib_a-memchr-stub.o)
                0x000000000201c248                memchr
 .text          0x000000000201c2d4       0x50 /home/linux/devkitPro/devkitARM/bin/../lib/gcc/arm-none-eabi/4.8.2/../../../../arm-none-eabi/lib/thumb/libg.a(lib_a-memcmp.o)
                0x000000000201c2d4                memcmp
 .text          0x000000000201c324       0x88 /home/linux/devkitPro/devkitARM/bin/../lib/gcc/arm-none-eabi/4.8.2/../../../../arm-none-eabi/lib/thumb/libg.a(lib_a-memcpy-stub.o)
                0x000000000201c324                memcpy
 .text          0x000000000201c3ac       0xa8 /home/linux/devkitPro/devkitARM/bin/../lib/gcc/arm-none-eabi/4.8.2/../../../../arm-none-eabi/lib/thumb/libg.a(lib_a-memmove.o)
                0x000000000201c3ac                memmove
 .text          0x000000000201c454       0xa4 /home/linux/devkitPro/devkitARM/bin/../lib/gcc/arm-none-eabi/4.8.2/../../../../arm-none-eabi/lib/thumb/libg.a(lib_a-memset.o)
                0x000000000201c454                memset
 .text          0x000000000201c4f8      0x51c /home/linux/devkitPro/devkitARM/bin/../lib/gcc/arm-none-eabi/4.8.2/../../../../arm-none-eabi/lib/thumb/libg.a(lib_a-mktime.o)
                0x000000000201c6d8                mktime
 .text          0x000000000201ca14      0x494 /home/linux/devkitPro/devkitARM/bin/../lib/gcc/arm-none-eabi/4.8.2/../../../../arm-none-eabi/lib/thumb/libg.a(lib_a-mktm_r.o)
                0x000000000201ca14                __tzcalc_limits
                0x000000000201cbb0                _mktm_r
 .text          0x000000000201cea8        0x8 /home/linux/devkitPro/devkitARM/bin/../lib/gcc/arm-none-eabi/4.8.2/../../../../arm-none-eabi/lib/thumb/libg.a(lib_a-mlock.o)
                0x000000000201cea8                __malloc_lock
                0x000000000201ceac                __malloc_unlock
 .text          0x000000000201ceb0       0x40 /home/linux/devkitPro/devkitARM/bin/../lib/gcc/arm-none-eabi/4.8.2/../../../../arm-none-eabi/lib/thumb/libg.a(lib_a-printf.o)
                0x000000000201ceb0                _printf_r
                0x000000000201cecc                printf
 .text          0x000000000201cef0       0xc8 /home/linux/devkitPro/devkitARM/bin/../lib/gcc/arm-none-eabi/4.8.2/../../../../arm-none-eabi/lib/thumb/libg.a(lib_a-putc.o)
                0x000000000201cef0                _putc_r
                0x000000000201cf50                putc
 .text          0x000000000201cfb8       0x78 /home/linux/devkitPro/devkitARM/bin/../lib/gcc/arm-none-eabi/4.8.2/../../../../arm-none-eabi/lib/thumb/libg.a(lib_a-puts.o)
                0x000000000201cfb8                _puts_r
                0x000000000201d018                puts
 .text          0x000000000201d030       0x1c /home/linux/devkitPro/devkitARM/bin/../lib/gcc/arm-none-eabi/4.8.2/../../../../arm-none-eabi/lib/thumb/libg.a(lib_a-realloc.o)
                0x000000000201d030                realloc
 .text          0x000000000201d04c      0x36c /home/linux/devkitPro/devkitARM/bin/../lib/gcc/arm-none-eabi/4.8.2/../../../../arm-none-eabi/lib/thumb/libg.a(lib_a-reallocr.o)
                0x000000000201d04c                _realloc_r
 .text          0x000000000201d3b8      0x148 /home/linux/devkitPro/devkitARM/bin/../lib/gcc/arm-none-eabi/4.8.2/../../../../arm-none-eabi/lib/thumb/libg.a(lib_a-refill.o)
                0x000000000201d3d8                __srefill_r
 .text          0x000000000201d500      0x110 /home/linux/devkitPro/devkitARM/bin/../lib/gcc/arm-none-eabi/4.8.2/../../../../arm-none-eabi/lib/thumb/libg.a(lib_a-setvbuf.o)
                0x000000000201d500                setvbuf
 .text          0x000000000201d610      0x198 /home/linux/devkitPro/devkitARM/bin/../lib/gcc/arm-none-eabi/4.8.2/../../../../arm-none-eabi/lib/thumb/libg.a(lib_a-signal.o)
                0x000000000201d610                _init_signal_r
                0x000000000201d650                _signal_r
                0x000000000201d690                _raise_r
                0x000000000201d6f0                __sigtramp_r
                0x000000000201d744                raise
                0x000000000201d75c                signal
                0x000000000201d778                _init_signal
                0x000000000201d78c                __sigtramp
 .text          0x000000000201d7a8       0xa0 /home/linux/devkitPro/devkitARM/bin/../lib/gcc/arm-none-eabi/4.8.2/../../../../arm-none-eabi/lib/thumb/libg.a(lib_a-siscanf.o)
                0x000000000201d7a8                siscanf
                0x000000000201d7f8                _siscanf_r
 .text          0x000000000201d848       0x84 /home/linux/devkitPro/devkitARM/bin/../lib/gcc/arm-none-eabi/4.8.2/../../../../arm-none-eabi/lib/thumb/libg.a(lib_a-sprintf.o)
                0x000000000201d848                _sprintf_r
                0x000000000201d888                sprintf
 .text          0x000000000201d8cc       0xac /home/linux/devkitPro/devkitARM/bin/../lib/gcc/arm-none-eabi/4.8.2/../../../../arm-none-eabi/lib/thumb/libg.a(lib_a-stdio.o)
                0x000000000201d8cc                __sread
                0x000000000201d8f8                __seofread
                0x000000000201d8fc                __swrite
                0x000000000201d938                __sseek
                0x000000000201d968                __sclose
 .text          0x000000000201d978       0x4c /home/linux/devkitPro/devkitARM/bin/../lib/gcc/arm-none-eabi/4.8.2/../../../../arm-none-eabi/lib/thumb/libg.a(lib_a-stpcpy.o)
                0x000000000201d978                stpcpy
 .text          0x000000000201d9c4       0x50 /home/linux/devkitPro/devkitARM/bin/../lib/gcc/arm-none-eabi/4.8.2/../../../../arm-none-eabi/lib/thumb/libg.a(lib_a-strcasecmp.o)
                0x000000000201d9c4                strcasecmp
 .text          0x000000000201da14       0x54 /home/linux/devkitPro/devkitARM/bin/../lib/gcc/arm-none-eabi/4.8.2/../../../../arm-none-eabi/lib/thumb/libg.a(lib_a-strcat.o)
                0x000000000201da14                strcat
 .text          0x000000000201da68       0xdc /home/linux/devkitPro/devkitARM/bin/../lib/gcc/arm-none-eabi/4.8.2/../../../../arm-none-eabi/lib/thumb/libg.a(lib_a-strchr.o)
                0x000000000201da68                strchr
 .text          0x000000000201db44       0x14 /home/linux/devkitPro/devkitARM/bin/../lib/gcc/arm-none-eabi/4.8.2/../../../../arm-none-eabi/lib/thumb/libg.a(lib_a-strcmp.o)
                0x000000000201db44                strcmp
 .text          0x000000000201db58       0x10 /home/linux/devkitPro/devkitARM/bin/../lib/gcc/arm-none-eabi/4.8.2/../../../../arm-none-eabi/lib/thumb/libg.a(lib_a-strcpy.o)
                0x000000000201db58                strcpy
 .text          0x000000000201db68       0x18 /home/linux/devkitPro/devkitARM/bin/../lib/gcc/arm-none-eabi/4.8.2/../../../../arm-none-eabi/lib/thumb/libg.a(lib_a-strdup.o)
                0x000000000201db68                strdup
 .text          0x000000000201db80       0x2c /home/linux/devkitPro/devkitARM/bin/../lib/gcc/arm-none-eabi/4.8.2/../../../../arm-none-eabi/lib/thumb/libg.a(lib_a-strdup_r.o)
                0x000000000201db80                _strdup_r
 .text          0x000000000201dbac      0x2a4 /home/linux/devkitPro/devkitARM/bin/../lib/gcc/arm-none-eabi/4.8.2/../../../../arm-none-eabi/lib/thumb/libg.a(lib_a-strerror.o)
                0x000000000201dbac                _strerror_r
                0x000000000201de34                strerror
 .text          0x000000000201de50       0x50 /home/linux/devkitPro/devkitARM/bin/../lib/gcc/arm-none-eabi/4.8.2/../../../../arm-none-eabi/lib/thumb/libg.a(lib_a-strlcpy.o)
                0x000000000201de50                strlcpy
 .text          0x000000000201dea0       0x10 /home/linux/devkitPro/devkitARM/bin/../lib/gcc/arm-none-eabi/4.8.2/../../../../arm-none-eabi/lib/thumb/libg.a(lib_a-strlen.o)
                0x000000000201dea0                strlen
 .text          0x000000000201deb0       0x60 /home/linux/devkitPro/devkitARM/bin/../lib/gcc/arm-none-eabi/4.8.2/../../../../arm-none-eabi/lib/thumb/libg.a(lib_a-strncasecmp.o)
                0x000000000201deb0                strncasecmp
 .text          0x000000000201df10       0xbc /home/linux/devkitPro/devkitARM/bin/../lib/gcc/arm-none-eabi/4.8.2/../../../../arm-none-eabi/lib/thumb/libg.a(lib_a-strncmp.o)
                0x000000000201df10                strncmp
 .text          0x000000000201dfcc       0x78 /home/linux/devkitPro/devkitARM/bin/../lib/gcc/arm-none-eabi/4.8.2/../../../../arm-none-eabi/lib/thumb/libg.a(lib_a-strncpy.o)
                0x000000000201dfcc                strncpy
 .text          0x000000000201e044       0x34 /home/linux/devkitPro/devkitARM/bin/../lib/gcc/arm-none-eabi/4.8.2/../../../../arm-none-eabi/lib/thumb/libg.a(lib_a-strnlen.o)
                0x000000000201e044                strnlen
 .text          0x000000000201e078       0x58 /home/linux/devkitPro/devkitARM/bin/../lib/gcc/arm-none-eabi/4.8.2/../../../../arm-none-eabi/lib/thumb/libg.a(lib_a-strpbrk.o)
                0x000000000201e078                strpbrk
 .text          0x000000000201e0d0       0x2c /home/linux/devkitPro/devkitARM/bin/../lib/gcc/arm-none-eabi/4.8.2/../../../../arm-none-eabi/lib/thumb/libg.a(lib_a-strrchr.o)
                0x000000000201e0d0                strrchr
 .text          0x000000000201e0fc      0x190 /home/linux/devkitPro/devkitARM/bin/../lib/gcc/arm-none-eabi/4.8.2/../../../../arm-none-eabi/lib/thumb/libg.a(lib_a-strtol.o)
                0x000000000201e0fc                _strtol_r
                0x000000000201e26c                strtol
 .text          0x000000000201e28c      0xadc /home/linux/devkitPro/devkitARM/bin/../lib/gcc/arm-none-eabi/4.8.2/../../../../arm-none-eabi/lib/thumb/libg.a(lib_a-svfiscanf.o)
                0x000000000201e28c                _sungetc_r
                0x000000000201e314                __ssrefill_r
                0x000000000201e358                _sfread_r
                0x000000000201e3e0                __ssvfiscanf_r
 .text          0x000000000201ed68     0x17a8 /home/linux/devkitPro/devkitARM/bin/../lib/gcc/arm-none-eabi/4.8.2/../../../../arm-none-eabi/lib/thumb/libg.a(lib_a-svfprintf.o)
                0x000000000201ed68                _svfprintf_r
 .text          0x0000000002020510       0x18 /home/linux/devkitPro/devkitARM/bin/../lib/gcc/arm-none-eabi/4.8.2/../../../../arm-none-eabi/lib/thumb/libg.a(lib_a-sysclose.o)
                0x0000000002020510                close
 .text          0x0000000002020528       0x20 /home/linux/devkitPro/devkitARM/bin/../lib/gcc/arm-none-eabi/4.8.2/../../../../arm-none-eabi/lib/thumb/libg.a(lib_a-syslseek.o)
                0x0000000002020528                lseek
 .text          0x0000000002020548       0x24 /home/linux/devkitPro/devkitARM/bin/../lib/gcc/arm-none-eabi/4.8.2/../../../../arm-none-eabi/lib/thumb/libg.a(lib_a-sysopen.o)
                0x0000000002020548                open
 .text          0x000000000202056c       0x20 /home/linux/devkitPro/devkitARM/bin/../lib/gcc/arm-none-eabi/4.8.2/../../../../arm-none-eabi/lib/thumb/libg.a(lib_a-sysread.o)
                0x000000000202056c                read
 .text          0x000000000202058c       0x20 /home/linux/devkitPro/devkitARM/bin/../lib/gcc/arm-none-eabi/4.8.2/../../../../arm-none-eabi/lib/thumb/libg.a(lib_a-syswrite.o)
                0x000000000202058c                write
 .text          0x00000000020205ac       0x30 /home/linux/devkitPro/devkitARM/bin/../lib/gcc/arm-none-eabi/4.8.2/../../../../arm-none-eabi/lib/thumb/libg.a(lib_a-time.o)
                0x00000000020205ac                time
 .text          0x00000000020205dc      0x7a4 /home/linux/devkitPro/devkitARM/bin/../lib/gcc/arm-none-eabi/4.8.2/../../../../arm-none-eabi/lib/thumb/libg.a(lib_a-towlower.o)
                0x00000000020205dc                towlower
 .text          0x0000000002020d80      0x9ac /home/linux/devkitPro/devkitARM/bin/../lib/gcc/arm-none-eabi/4.8.2/../../../../arm-none-eabi/lib/thumb/libg.a(lib_a-towupper.o)
                0x0000000002020d80                towupper
 .text          0x000000000202172c        0x8 /home/linux/devkitPro/devkitARM/bin/../lib/gcc/arm-none-eabi/4.8.2/../../../../arm-none-eabi/lib/thumb/libg.a(lib_a-tzlock.o)
                0x000000000202172c                __tz_lock
                0x0000000002021730                __tz_unlock
 .text          0x0000000002021734        0x0 /home/linux/devkitPro/devkitARM/bin/../lib/gcc/arm-none-eabi/4.8.2/../../../../arm-none-eabi/lib/thumb/libg.a(lib_a-tzvars.o)
 .text          0x0000000002021734      0x184 /home/linux/devkitPro/devkitARM/bin/../lib/gcc/arm-none-eabi/4.8.2/../../../../arm-none-eabi/lib/thumb/libg.a(lib_a-ungetc.o)
                0x0000000002021734                __submore
                0x00000000020217bc                _ungetc_r
                0x000000000202189c                ungetc
 .text          0x00000000020218b8        0x4 /home/linux/devkitPro/devkitARM/bin/../lib/gcc/arm-none-eabi/4.8.2/../../../../arm-none-eabi/lib/thumb/libg.a(lib_a-u_strerr.o)
                0x00000000020218b8                _user_strerror
 .text          0x00000000020218bc      0xe60 /home/linux/devkitPro/devkitARM/bin/../lib/gcc/arm-none-eabi/4.8.2/../../../../arm-none-eabi/lib/thumb/libg.a(lib_a-vfiprintf.o)
                0x000000000202193c                __sprint_r
                0x0000000002021954                _vfiprintf_r
                0x0000000002022680                vfiprintf
 *fill*         0x000000000202271c        0x4 ff
 .text          0x0000000002022720     0x1930 /home/linux/devkitPro/devkitARM/bin/../lib/gcc/arm-none-eabi/4.8.2/../../../../arm-none-eabi/lib/thumb/libg.a(lib_a-vfprintf.o)
                0x0000000002022720                _vfprintf_r
                0x0000000002023fb0                vfprintf
 .text          0x0000000002024050       0x30 /home/linux/devkitPro/devkitARM/bin/../lib/gcc/arm-none-eabi/4.8.2/../../../../arm-none-eabi/lib/thumb/libg.a(lib_a-viprintf.o)
                0x0000000002024050                viprintf
                0x000000000202406c                _viprintf_r
 .text          0x0000000002024080       0xd8 /home/linux/devkitPro/devkitARM/bin/../lib/gcc/arm-none-eabi/4.8.2/../../../../arm-none-eabi/lib/thumb/libg.a(lib_a-wbuf.o)
                0x0000000002024080                __swbuf_r
                0x000000000202413c                __swbuf
 .text          0x0000000002024158       0xdc /home/linux/devkitPro/devkitARM/bin/../lib/gcc/arm-none-eabi/4.8.2/../../../../arm-none-eabi/lib/thumb/libg.a(lib_a-wcrtomb.o)
                0x0000000002024158                _wcrtomb_r
                0x00000000020241c0                wcrtomb
 .text          0x0000000002024234       0x40 /home/linux/devkitPro/devkitARM/bin/../lib/gcc/arm-none-eabi/4.8.2/../../../../arm-none-eabi/lib/thumb/libg.a(lib_a-wcsrtombs.o)
                0x0000000002024234                _wcsrtombs_r
                0x000000000202424c                wcsrtombs
 .text          0x0000000002024274       0x54 /home/linux/devkitPro/devkitARM/bin/../lib/gcc/arm-none-eabi/4.8.2/../../../../arm-none-eabi/lib/thumb/libg.a(lib_a-wctob.o)
                0x0000000002024274                wctob
 .text          0x00000000020242c8      0x28c /home/linux/devkitPro/devkitARM/bin/../lib/gcc/arm-none-eabi/4.8.2/../../../../arm-none-eabi/lib/thumb/libg.a(lib_a-wctomb_r.o)
                0x00000000020242c8                __utf8_wctomb
                0x0000000002024388                _wctomb_r
                0x00000000020243c0                __ascii_wctomb
                0x00000000020243e0                __sjis_wctomb
                0x0000000002024454                __eucjp_wctomb
                0x00000000020244d4                __jis_wctomb
 .text          0x0000000002024554       0xd0 /home/linux/devkitPro/devkitARM/bin/../lib/gcc/arm-none-eabi/4.8.2/../../../../arm-none-eabi/lib/thumb/libg.a(lib_a-wsetup.o)
                0x0000000002024554                __swsetup_r
 .text          0x0000000002024624       0xc4 /home/linux/devkitPro/devkitARM/bin/../lib/gcc/arm-none-eabi/4.8.2/../../../../arm-none-eabi/lib/thumb/libg.a(lib_a-__atexit.o)
                0x0000000002024624                __register_exitproc
 .text          0x00000000020246e8       0x40 /home/linux/devkitPro/devkitARM/bin/../lib/gcc/arm-none-eabi/4.8.2/../../../../arm-none-eabi/lib/thumb/libg.a(lib_a-div.o)
                0x00000000020246e8                div
 .text          0x0000000002024728     0x1140 /home/linux/devkitPro/devkitARM/bin/../lib/gcc/arm-none-eabi/4.8.2/../../../../arm-none-eabi/lib/thumb/libg.a(lib_a-dtoa.o)
                0x000000000202487c                _dtoa_r
 .text          0x0000000002025868       0xa4 /home/linux/devkitPro/devkitARM/bin/../lib/gcc/arm-none-eabi/4.8.2/../../../../arm-none-eabi/lib/thumb/libg.a(lib_a-flags.o)
                0x0000000002025868                __sflags
 .text          0x000000000202590c      0x104 /home/linux/devkitPro/devkitARM/bin/../lib/gcc/arm-none-eabi/4.8.2/../../../../arm-none-eabi/lib/thumb/libg.a(lib_a-fputwc.o)
                0x000000000202590c                _fputwc_r
                0x00000000020259e0                fputwc
 .text          0x0000000002025a10       0xa8 /home/linux/devkitPro/devkitARM/bin/../lib/gcc/arm-none-eabi/4.8.2/../../../../arm-none-eabi/lib/thumb/libg.a(lib_a-getenv_r.o)
                0x0000000002025a10                _findenv_r
                0x0000000002025aa8                _getenv_r
 .text          0x0000000002025ab8        0x8 /home/linux/devkitPro/devkitARM/bin/../lib/gcc/arm-none-eabi/4.8.2/../../../../arm-none-eabi/lib/thumb/libg.a(lib_a-gettzinfo.o)
                0x0000000002025ab8                __gettzinfo
 .text          0x0000000002025ac0       0x78 /home/linux/devkitPro/devkitARM/bin/../lib/gcc/arm-none-eabi/4.8.2/../../../../arm-none-eabi/lib/thumb/libg.a(lib_a-iswspace.o)
                0x0000000002025ac0                iswspace
 .text          0x0000000002025b38      0x1e8 /home/linux/devkitPro/devkitARM/bin/../lib/gcc/arm-none-eabi/4.8.2/../../../../arm-none-eabi/lib/thumb/libg.a(lib_a-jp2uc.o)
                0x0000000002025cbc                _jp2uc
 .text          0x0000000002025d20       0xf0 /home/linux/devkitPro/devkitARM/bin/../lib/gcc/arm-none-eabi/4.8.2/../../../../arm-none-eabi/lib/thumb/libg.a(lib_a-mbsnrtowcs.o)
                0x0000000002025d20                _mbsnrtowcs_r
                0x0000000002025de4                mbsnrtowcs
 .text          0x0000000002025e10      0x968 /home/linux/devkitPro/devkitARM/bin/../lib/gcc/arm-none-eabi/4.8.2/../../../../arm-none-eabi/lib/thumb/libg.a(lib_a-mprec.o)
                0x0000000002025e10                _Balloc
                0x0000000002025e64                _Bfree
                0x0000000002025e7c                __multadd
                0x0000000002025f28                __s2b
                0x0000000002025fc4                __hi0bits
                0x0000000002026004                __lo0bits
                0x0000000002026064                __i2b
                0x000000000202607c                __multiply
                0x00000000020261c4                __pow5mult
                0x0000000002026280                __lshift
                0x0000000002026344                __mcmp
                0x0000000002026380                __mdiff
                0x0000000002026470                __ulp
                0x00000000020264b8                __b2d
                0x0000000002026568                __d2b
                0x0000000002026628                __ratio
                0x000000000202669c                _mprec_log10
                0x00000000020266dc                __copybits
                0x0000000002026720                __any_on
 .text          0x0000000002026778       0x7c /home/linux/devkitPro/devkitARM/bin/../lib/gcc/arm-none-eabi/4.8.2/../../../../arm-none-eabi/lib/thumb/libg.a(lib_a-sccl.o)
                0x0000000002026778                __sccl
 *fill*         0x00000000020267f4        0x4 ff
 .text          0x00000000020267f8      0x228 /home/linux/devkitPro/devkitARM/bin/../lib/gcc/arm-none-eabi/4.8.2/../../../../arm-none-eabi/lib/thumb/libg.a(lib_a-strtoll_r.o)
                0x00000000020267f8                _strtoll_r
 .text          0x0000000002026a20      0x1fc /home/linux/devkitPro/devkitARM/bin/../lib/gcc/arm-none-eabi/4.8.2/../../../../arm-none-eabi/lib/thumb/libg.a(lib_a-strtoull_r.o)
                0x0000000002026a20                _strtoull_r
 .text          0x0000000002026c1c      0x1ac /home/linux/devkitPro/devkitARM/bin/../lib/gcc/arm-none-eabi/4.8.2/../../../../arm-none-eabi/lib/thumb/libg.a(lib_a-strtoul.o)
                0x0000000002026c1c                _strtoul_r
                0x0000000002026da8                strtoul
 .text          0x0000000002026dc8      0xd98 /home/linux/devkitPro/devkitARM/bin/../lib/gcc/arm-none-eabi/4.8.2/../../../../arm-none-eabi/lib/thumb/libg.a(lib_a-svfiprintf.o)
                0x0000000002026dc8                __ssprint_r
                0x0000000002026ef8                _svfiprintf_r
 .text          0x0000000002027b60      0x13c /home/linux/devkitPro/devkitARM/bin/../lib/gcc/arm-none-eabi/4.8.2/../../../../arm-none-eabi/lib/thumb/libg.a(lib_a-wcsnrtombs.o)
                0x0000000002027b60                _wcsnrtombs_r
                0x0000000002027c6c                wcsnrtombs
 .text          0x0000000002027c9c       0x64 /home/linux/devkitPro/devkitARM/bin/../lib/gcc/arm-none-eabi/4.8.2/../../../../arm-none-eabi/lib/thumb/libg.a(lib_a-callocr.o)
                0x0000000002027c9c                _calloc_r
 .text          0x0000000002027d00        0x0 /home/linux/devkitPro/devkitARM/bin/../lib/gcc/arm-none-eabi/4.8.2/../../../../arm-none-eabi/lib/thumb/libg.a(lib_a-environ.o)
 .text          0x0000000002027d00        0x8 /home/linux/devkitPro/devkitARM/bin/../lib/gcc/arm-none-eabi/4.8.2/../../../../arm-none-eabi/lib/thumb/libg.a(lib_a-envlock.o)
                0x0000000002027d00                __env_lock
                0x0000000002027d04                __env_unlock
 .text          0x0000000002027d08      0x144 /home/linux/devkitPro/devkitARM/bin/../lib/gcc/arm-none-eabi/4.8.2/../../../../arm-none-eabi/lib/thumb/libsysbase.a(iosupport.o)
                0x0000000002027d08                setDefaultDevice
                0x0000000002027d1c                FindDevice
                0x0000000002027d8c                RemoveDevice
                0x0000000002027db0                AddDevice
                0x0000000002027e2c                GetDeviceOpTab
 .text          0x0000000002027e4c       0x50 /home/linux/devkitPro/devkitARM/bin/../lib/gcc/arm-none-eabi/4.8.2/../../../../arm-none-eabi/lib/thumb/libsysbase.a(close.o)
                0x0000000002027e4c                _close_r
 .text          0x0000000002027e9c       0x50 /home/linux/devkitPro/devkitARM/bin/../lib/gcc/arm-none-eabi/4.8.2/../../../../arm-none-eabi/lib/thumb/libsysbase.a(fstat.o)
                0x0000000002027e9c                _fstat_r
 .text          0x0000000002027eec        0xc /home/linux/devkitPro/devkitARM/bin/../lib/gcc/arm-none-eabi/4.8.2/../../../../arm-none-eabi/lib/thumb/libsysbase.a(getpid.o)
                0x0000000002027eec                _getpid_r
 .text          0x0000000002027ef8        0x4 /home/linux/devkitPro/devkitARM/bin/../lib/gcc/arm-none-eabi/4.8.2/../../../../arm-none-eabi/lib/thumb/libsysbase.a(isatty.o)
                0x0000000002027ef8                _isatty_r
 .text          0x0000000002027efc        0xc /home/linux/devkitPro/devkitARM/bin/../lib/gcc/arm-none-eabi/4.8.2/../../../../arm-none-eabi/lib/thumb/libsysbase.a(kill.o)
                0x0000000002027efc                _kill_r
 .text          0x0000000002027f08       0x50 /home/linux/devkitPro/devkitARM/bin/../lib/gcc/arm-none-eabi/4.8.2/../../../../arm-none-eabi/lib/thumb/libsysbase.a(lseek.o)
                0x0000000002027f08                _lseek_r
 .text          0x0000000002027f58       0xa0 /home/linux/devkitPro/devkitARM/bin/../lib/gcc/arm-none-eabi/4.8.2/../../../../arm-none-eabi/lib/thumb/libsysbase.a(open.o)
                0x0000000002027f58                _open_r
 .text          0x0000000002027ff8       0x50 /home/linux/devkitPro/devkitARM/bin/../lib/gcc/arm-none-eabi/4.8.2/../../../../arm-none-eabi/lib/thumb/libsysbase.a(read.o)
                0x0000000002027ff8                _read_r
 .text          0x0000000002028048       0x54 /home/linux/devkitPro/devkitARM/bin/../lib/gcc/arm-none-eabi/4.8.2/../../../../arm-none-eabi/lib/thumb/libsysbase.a(sbrk.o)
                0x0000000002028048                _sbrk_r
 .text          0x000000000202809c       0x44 /home/linux/devkitPro/devkitARM/bin/../lib/gcc/arm-none-eabi/4.8.2/../../../../arm-none-eabi/lib/thumb/libsysbase.a(times.o)
                0x000000000202809c                _times
                0x00000000020280b0                _times_r
                0x00000000020280b8                _gettimeofday_r
 .text          0x00000000020280e0       0x58 /home/linux/devkitPro/devkitARM/bin/../lib/gcc/arm-none-eabi/4.8.2/../../../../arm-none-eabi/lib/thumb/libsysbase.a(write.o)
                0x00000000020280e0                _write_r
 .text          0x0000000002028138       0x18 /home/linux/devkitPro/devkitARM/bin/../lib/gcc/arm-none-eabi/4.8.2/../../../../arm-none-eabi/lib/thumb/libsysbase.a(_exit.o)
                0x0000000002028138                _exit
 .text          0x0000000002028150        0x0 /home/linux/devkitPro/devkitARM/bin/../lib/gcc/arm-none-eabi/4.8.2/../../../../arm-none-eabi/lib/thumb/libsysbase.a(malloc_vars.o)
 .text          0x0000000002028150      0x25c /home/linux/devkitPro/devkitARM/bin/../lib/gcc/arm-none-eabi/4.8.2/../../../../arm-none-eabi/lib/thumb/libsysbase.a(chdir.o)
                0x0000000002028150                _concatenate_path
                0x0000000002028280                chdir
                0x0000000002028360                getcwd
 .text          0x00000000020283ac       0x50 /home/linux/devkitPro/devkitARM/bin/../lib/gcc/arm-none-eabi/4.8.2/../../../../arm-none-eabi/lib/thumb/libsysbase.a(build_argv.o)
                0x00000000020283ac                build_argv
 .text          0x00000000020283fc        0x0 /home/linux/devkitPro/devkitARM/bin/../lib/gcc/arm-none-eabi/4.8.2/../../../../arm-none-eabi/lib/thumb/libsysbase.a(syscall_support.o)
 .text          0x00000000020283fc       0x88 /home/linux/devkitPro/devkitARM/bin/../lib/gcc/arm-none-eabi/4.8.2/../../../../arm-none-eabi/lib/thumb/libsysbase.a(handle_manager.o)
                0x00000000020283fc                __release_handle
                0x0000000002028428                __alloc_handle
                0x0000000002028464                __get_handle
 .text          0x0000000002028484       0x5c /home/linux/devkitPro/devkitARM/bin/../lib/gcc/arm-none-eabi/4.8.2/thumb/libgcc.a(_arm_fixdfsi.o)
                0x0000000002028484                __fixdfsi
                0x0000000002028484                __aeabi_d2iz
 .text          0x00000000020284e0       0x3c /home/linux/devkitPro/devkitARM/bin/../lib/gcc/arm-none-eabi/4.8.2/thumb/libgcc.a(_aeabi_uldivmod.o)
                0x00000000020284e0                __aeabi_uldivmod
 .text          0x000000000202851c       0x74 /home/linux/devkitPro/devkitARM/bin/../lib/gcc/arm-none-eabi/4.8.2/thumb/libgcc.a(bpabi.o)
                0x000000000202851c                __gnu_ldivmod_helper
                0x0000000002028558                __gnu_uldivmod_helper
 .text          0x0000000002028590      0x3cc /home/linux/devkitPro/devkitARM/bin/../lib/gcc/arm-none-eabi/4.8.2/thumb/libgcc.a(_divdi3.o)
                0x0000000002028590                __divdi3
 .text          0x000000000202895c      0x378 /home/linux/devkitPro/devkitARM/bin/../lib/gcc/arm-none-eabi/4.8.2/thumb/libgcc.a(_udivdi3.o)
                0x000000000202895c                __udivdi3
 .text          0x0000000002028cd4       0x48 /home/linux/devkitPro/devkitARM/bin/../lib/gcc/arm-none-eabi/4.8.2/thumb/libgcc.a(_clzsi2.o)
                0x0000000002028cd4                __clzsi2
 .text          0x0000000002028d1c        0x0 /home/linux/devkitPro/devkitARM/bin/../lib/gcc/arm-none-eabi/4.8.2/thumb/crtend.o
 .text          0x0000000002028d1c        0x0 /home/linux/devkitPro/devkitARM/bin/../lib/gcc/arm-none-eabi/4.8.2/thumb/crtn.o
 *(.text.*)
 .text.startup  0x0000000002028d1c       0x1c main.o
                0x0000000002028d1c                main
 .text._ZNSt6vectorIP7TilesetSaIS1_EED2Ev
                0x0000000002028d38       0x14 MapManager.o
                0x0000000002028d38                std::vector<Tileset*, std::allocator<Tileset*> >::~vector()
                0x0000000002028d38                std::vector<Tileset*, std::allocator<Tileset*> >::~vector()
 .text._ZNSt6vectorIS_IP3MapSaIS1_EESaIS3_EED2Ev
                0x0000000002028d4c       0x30 MapManager.o
                0x0000000002028d4c                std::vector<std::vector<Map*, std::allocator<Map*> >, std::allocator<std::vector<Map*, std::allocator<Map*> > > >::~vector()
                0x0000000002028d4c                std::vector<std::vector<Map*, std::allocator<Map*> >, std::allocator<std::vector<Map*, std::allocator<Map*> > > >::~vector()
 .text._ZNSt6vectorIS_IP3MapSaIS1_EESaIS3_EE19_M_emplace_back_auxIIRKS3_EEEvDpOT_
                0x0000000002028d7c      0x170 MapManager.o
                0x0000000002028d7c                void std::vector<std::vector<Map*, std::allocator<Map*> >, std::allocator<std::vector<Map*, std::allocator<Map*> > > >::_M_emplace_back_aux<std::vector<Map*, std::allocator<Map*> > const&>(std::vector<Map*, std::allocator<Map*> > const&)
                0x0000000002028d7c                void std::vector<std::vector<Map*, std::allocator<Map*> >, std::allocator<std::vector<Map*, std::allocator<Map*> > > >::_M_emplace_back_aux<std::vector<Map*, std::allocator<Map*> > const&>(std::vector<Map*, std::allocator<Map*> > const&)
 .text._ZNSt6vectorIP7TilesetSaIS1_EE19_M_emplace_back_auxIIS1_EEEvDpOT_
                0x0000000002028eec       0x80 MapManager.o
                0x0000000002028eec                void std::vector<Tileset*, std::allocator<Tileset*> >::_M_emplace_back_aux<Tileset*>(Tileset*&&)
                0x0000000002028eec                void std::vector<Tileset*, std::allocator<Tileset*> >::_M_emplace_back_aux<Tileset*>(Tileset*&&)
 .text._ZNSt6vectorIP3MapSaIS1_EE19_M_emplace_back_auxIIS1_EEEvDpOT_
                0x0000000002028f6c       0x80 MapManager.o
                0x0000000002028f6c                void std::vector<Map*, std::allocator<Map*> >::_M_emplace_back_aux<Map*>(Map*&&)
                0x0000000002028f6c                void std::vector<Map*, std::allocator<Map*> >::_M_emplace_back_aux<Map*>(Map*&&)
 .text._ZNSt6vectorIP3MapSaIS1_EE12emplace_backIIS1_EEEvDpOT_
                0x0000000002028fec       0x24 MapManager.o
                0x0000000002028fec                void std::vector<Map*, std::allocator<Map*> >::emplace_back<Map*>(Map*&&)
                0x0000000002028fec                void std::vector<Map*, std::allocator<Map*> >::emplace_back<Map*>(Map*&&)
 .text.startup  0x0000000002029010       0x3c MapManager.o
 .text._Znwj    0x000000000202904c       0x60 /home/linux/devkitPro/devkitARM/bin/../lib/gcc/arm-none-eabi/4.8.2/../../../../arm-none-eabi/lib/thumb/libstdc++.a(new_op.o)
                0x000000000202904c                operator new(unsigned int)
 .text._ZN10__cxxabiv1L24__is_gxx_exception_classEPc
                0x00000000020290ac       0x40 /home/linux/devkitPro/devkitARM/bin/../lib/gcc/arm-none-eabi/4.8.2/../../../../arm-none-eabi/lib/thumb/libstdc++.a(eh_call.o)
 .text.__cxa_call_terminate
                0x00000000020290ec       0x20 /home/linux/devkitPro/devkitARM/bin/../lib/gcc/arm-none-eabi/4.8.2/../../../../arm-none-eabi/lib/thumb/libstdc++.a(eh_call.o)
                0x00000000020290ec                __cxa_call_terminate
 .text.__cxa_call_unexpected
                0x000000000202910c       0xfc /home/linux/devkitPro/devkitARM/bin/../lib/gcc/arm-none-eabi/4.8.2/../../../../arm-none-eabi/lib/thumb/libstdc++.a(eh_call.o)
                0x000000000202910c                __cxa_call_unexpected
 .text._Znaj    0x0000000002029208       0x18 /home/linux/devkitPro/devkitARM/bin/../lib/gcc/arm-none-eabi/4.8.2/../../../../arm-none-eabi/lib/thumb/libstdc++.a(new_opv.o)
                0x0000000002029208                operator new[](unsigned int)
 .text._ZL12read_sleb128PKhPl
                0x0000000002029220       0x34 /home/linux/devkitPro/devkitARM/bin/../lib/gcc/arm-none-eabi/4.8.2/../../../../arm-none-eabi/lib/thumb/libstdc++.a(eh_personality.o)
 .text._ZL28read_encoded_value_with_basehjPKhPj
                0x0000000002029254       0xe0 /home/linux/devkitPro/devkitARM/bin/../lib/gcc/arm-none-eabi/4.8.2/../../../../arm-none-eabi/lib/thumb/libstdc++.a(eh_personality.o)
 .text._ZL21base_of_encoded_valuehP15_Unwind_Context
                0x0000000002029334       0x48 /home/linux/devkitPro/devkitARM/bin/../lib/gcc/arm-none-eabi/4.8.2/../../../../arm-none-eabi/lib/thumb/libstdc++.a(eh_personality.o)
 .text._ZL17parse_lsda_headerP15_Unwind_ContextPKhP16lsda_header_info
                0x000000000202937c       0x9c /home/linux/devkitPro/devkitARM/bin/../lib/gcc/arm-none-eabi/4.8.2/../../../../arm-none-eabi/lib/thumb/libstdc++.a(eh_personality.o)
 .text.__gxx_personality_v0
                0x0000000002029418      0x3f8 /home/linux/devkitPro/devkitARM/bin/../lib/gcc/arm-none-eabi/4.8.2/../../../../arm-none-eabi/lib/thumb/libstdc++.a(eh_personality.o)
                0x0000000002029418                __gxx_personality_v0
 .text._ZdlPv   0x0000000002029810       0x10 /home/linux/devkitPro/devkitARM/bin/../lib/gcc/arm-none-eabi/4.8.2/../../../../arm-none-eabi/lib/thumb/libstdc++.a(del_op.o)
                0x0000000002029810                operator delete(void*)
 .text.__aeabi_atexit
                0x0000000002029820       0x14 /home/linux/devkitPro/devkitARM/bin/../lib/gcc/arm-none-eabi/4.8.2/../../../../arm-none-eabi/lib/thumb/libstdc++.a(atexit_arm.o)
                0x0000000002029820                __aeabi_atexit
 .text._ZN10__cxxabiv111__terminateEPFvvE
                0x0000000002029834       0x2c /home/linux/devkitPro/devkitARM/bin/../lib/gcc/arm-none-eabi/4.8.2/../../../../arm-none-eabi/lib/thumb/libstdc++.a(eh_terminate.o)
                0x0000000002029834                __cxxabiv1::__terminate(void (*)())
 .text._ZSt9terminatev
                0x0000000002029860       0x10 /home/linux/devkitPro/devkitARM/bin/../lib/gcc/arm-none-eabi/4.8.2/../../../../arm-none-eabi/lib/thumb/libstdc++.a(eh_terminate.o)
                0x0000000002029860                std::terminate()
 .text._ZN10__cxxabiv112__unexpectedEPFvvE
                0x0000000002029870        0xc /home/linux/devkitPro/devkitARM/bin/../lib/gcc/arm-none-eabi/4.8.2/../../../../arm-none-eabi/lib/thumb/libstdc++.a(eh_terminate.o)
                0x0000000002029870                __cxxabiv1::__unexpected(void (*)())
 .text._ZSt10unexpectedv
                0x000000000202987c       0x10 /home/linux/devkitPro/devkitARM/bin/../lib/gcc/arm-none-eabi/4.8.2/../../../../arm-none-eabi/lib/thumb/libstdc++.a(eh_terminate.o)
                0x000000000202987c                std::unexpected()
 .text._ZSt13set_terminatePFvvE
                0x000000000202988c       0x10 /home/linux/devkitPro/devkitARM/bin/../lib/gcc/arm-none-eabi/4.8.2/../../../../arm-none-eabi/lib/thumb/libstdc++.a(eh_terminate.o)
                0x000000000202988c                std::set_terminate(void (*)())
 .text._ZSt14set_unexpectedPFvvE
                0x000000000202989c       0x10 /home/linux/devkitPro/devkitARM/bin/../lib/gcc/arm-none-eabi/4.8.2/../../../../arm-none-eabi/lib/thumb/libstdc++.a(eh_terminate.o)
                0x000000000202989c                std::set_unexpected(void (*)())
 .text._ZNSt9exceptionD2Ev
                0x00000000020298ac        0xc /home/linux/devkitPro/devkitARM/bin/../lib/gcc/arm-none-eabi/4.8.2/../../../../arm-none-eabi/lib/thumb/libstdc++.a(eh_exception.o)
                0x00000000020298ac                std::exception::~exception()
                0x00000000020298ac                std::exception::~exception()
 .text._ZNSt13bad_exceptionD2Ev
                0x00000000020298b8        0xc /home/linux/devkitPro/devkitARM/bin/../lib/gcc/arm-none-eabi/4.8.2/../../../../arm-none-eabi/lib/thumb/libstdc++.a(eh_exception.o)
                0x00000000020298b8                std::bad_exception::~bad_exception()
                0x00000000020298b8                std::bad_exception::~bad_exception()
 .text._ZN10__cxxabiv115__forced_unwindD2Ev
                0x00000000020298c4        0xc /home/linux/devkitPro/devkitARM/bin/../lib/gcc/arm-none-eabi/4.8.2/../../../../arm-none-eabi/lib/thumb/libstdc++.a(eh_exception.o)
                0x00000000020298c4                __cxxabiv1::__forced_unwind::~__forced_unwind()
                0x00000000020298c4                __cxxabiv1::__forced_unwind::~__forced_unwind()
 .text._ZN10__cxxabiv119__foreign_exceptionD2Ev
                0x00000000020298d0        0xc /home/linux/devkitPro/devkitARM/bin/../lib/gcc/arm-none-eabi/4.8.2/../../../../arm-none-eabi/lib/thumb/libstdc++.a(eh_exception.o)
                0x00000000020298d0                __cxxabiv1::__foreign_exception::~__foreign_exception()
                0x00000000020298d0                __cxxabiv1::__foreign_exception::~__foreign_exception()
 .text._ZNKSt9exception4whatEv
                0x00000000020298dc        0x8 /home/linux/devkitPro/devkitARM/bin/../lib/gcc/arm-none-eabi/4.8.2/../../../../arm-none-eabi/lib/thumb/libstdc++.a(eh_exception.o)
                0x00000000020298dc                std::exception::what() const
 .text._ZNKSt13bad_exception4whatEv
                0x00000000020298e4        0x8 /home/linux/devkitPro/devkitARM/bin/../lib/gcc/arm-none-eabi/4.8.2/../../../../arm-none-eabi/lib/thumb/libstdc++.a(eh_exception.o)
                0x00000000020298e4                std::bad_exception::what() const
 .text._ZNSt9exceptionD0Ev
                0x00000000020298ec       0x1c /home/linux/devkitPro/devkitARM/bin/../lib/gcc/arm-none-eabi/4.8.2/../../../../arm-none-eabi/lib/thumb/libstdc++.a(eh_exception.o)
                0x00000000020298ec                std::exception::~exception()
 .text._ZNSt13bad_exceptionD0Ev
                0x0000000002029908       0x1c /home/linux/devkitPro/devkitARM/bin/../lib/gcc/arm-none-eabi/4.8.2/../../../../arm-none-eabi/lib/thumb/libstdc++.a(eh_exception.o)
                0x0000000002029908                std::bad_exception::~bad_exception()
 .text._ZN10__cxxabiv115__forced_unwindD0Ev
                0x0000000002029924       0x1c /home/linux/devkitPro/devkitARM/bin/../lib/gcc/arm-none-eabi/4.8.2/../../../../arm-none-eabi/lib/thumb/libstdc++.a(eh_exception.o)
                0x0000000002029924                __cxxabiv1::__forced_unwind::~__forced_unwind()
 .text._ZN10__cxxabiv119__foreign_exceptionD0Ev
                0x0000000002029940       0x1c /home/linux/devkitPro/devkitARM/bin/../lib/gcc/arm-none-eabi/4.8.2/../../../../arm-none-eabi/lib/thumb/libstdc++.a(eh_exception.o)
                0x0000000002029940                __cxxabiv1::__foreign_exception::~__foreign_exception()
 .text.__cxa_allocate_exception
                0x000000000202995c       0x68 /home/linux/devkitPro/devkitARM/bin/../lib/gcc/arm-none-eabi/4.8.2/../../../../arm-none-eabi/lib/thumb/libstdc++.a(eh_alloc.o)
                0x000000000202995c                __cxa_allocate_exception
 .text.__cxa_free_exception
                0x00000000020299c4       0x38 /home/linux/devkitPro/devkitARM/bin/../lib/gcc/arm-none-eabi/4.8.2/../../../../arm-none-eabi/lib/thumb/libstdc++.a(eh_alloc.o)
                0x00000000020299c4                __cxa_free_exception
 .text.__cxa_allocate_dependent_exception
                0x00000000020299fc       0x60 /home/linux/devkitPro/devkitARM/bin/../lib/gcc/arm-none-eabi/4.8.2/../../../../arm-none-eabi/lib/thumb/libstdc++.a(eh_alloc.o)
                0x00000000020299fc                __cxa_allocate_dependent_exception
 .text.__cxa_free_dependent_exception
                0x0000000002029a5c       0x3c /home/linux/devkitPro/devkitARM/bin/../lib/gcc/arm-none-eabi/4.8.2/../../../../arm-none-eabi/lib/thumb/libstdc++.a(eh_alloc.o)
                0x0000000002029a5c                __cxa_free_dependent_exception
 .text._ZNKSt9bad_alloc4whatEv
                0x0000000002029a98        0x8 /home/linux/devkitPro/devkitARM/bin/../lib/gcc/arm-none-eabi/4.8.2/../../../../arm-none-eabi/lib/thumb/libstdc++.a(bad_alloc.o)
                0x0000000002029a98                std::bad_alloc::what() const
 .text._ZNSt9bad_allocD2Ev
                0x0000000002029aa0       0x1c /home/linux/devkitPro/devkitARM/bin/../lib/gcc/arm-none-eabi/4.8.2/../../../../arm-none-eabi/lib/thumb/libstdc++.a(bad_alloc.o)
                0x0000000002029aa0                std::bad_alloc::~bad_alloc()
                0x0000000002029aa0                std::bad_alloc::~bad_alloc()
 .text._ZNSt9bad_allocD0Ev
                0x0000000002029abc       0x20 /home/linux/devkitPro/devkitARM/bin/../lib/gcc/arm-none-eabi/4.8.2/../../../../arm-none-eabi/lib/thumb/libstdc++.a(bad_alloc.o)
                0x0000000002029abc                std::bad_alloc::~bad_alloc()
 .text._ZdaPv   0x0000000002029adc        0xc /home/linux/devkitPro/devkitARM/bin/../lib/gcc/arm-none-eabi/4.8.2/../../../../arm-none-eabi/lib/thumb/libstdc++.a(del_opv.o)
                0x0000000002029adc                operator delete[](void*)
 .text._ZNK10__cxxabiv117__class_type_info11__do_upcastEPKS0_PPv
                0x0000000002029ae8       0x40 /home/linux/devkitPro/devkitARM/bin/../lib/gcc/arm-none-eabi/4.8.2/../../../../arm-none-eabi/lib/thumb/libstdc++.a(class_type_info.o)
                0x0000000002029ae8                __cxxabiv1::__class_type_info::__do_upcast(__cxxabiv1::__class_type_info const*, void**) const
 .text._ZNK10__cxxabiv117__class_type_info20__do_find_public_srcEiPKvPKS0_S2_
                0x0000000002029b28       0x14 /home/linux/devkitPro/devkitARM/bin/../lib/gcc/arm-none-eabi/4.8.2/../../../../arm-none-eabi/lib/thumb/libstdc++.a(class_type_info.o)
                0x0000000002029b28                __cxxabiv1::__class_type_info::__do_find_public_src(int, void const*, __cxxabiv1::__class_type_info const*, void const*) const
 .text._ZN10__cxxabiv117__class_type_infoD2Ev
                0x0000000002029b3c       0x1c /home/linux/devkitPro/devkitARM/bin/../lib/gcc/arm-none-eabi/4.8.2/../../../../arm-none-eabi/lib/thumb/libstdc++.a(class_type_info.o)
                0x0000000002029b3c                __cxxabiv1::__class_type_info::~__class_type_info()
                0x0000000002029b3c                __cxxabiv1::__class_type_info::~__class_type_info()
 .text._ZN10__cxxabiv117__class_type_infoD0Ev
                0x0000000002029b58       0x20 /home/linux/devkitPro/devkitARM/bin/../lib/gcc/arm-none-eabi/4.8.2/../../../../arm-none-eabi/lib/thumb/libstdc++.a(class_type_info.o)
                0x0000000002029b58                __cxxabiv1::__class_type_info::~__class_type_info()
 .text._ZNK10__cxxabiv117__class_type_info11__do_upcastEPKS0_PKvRNS0_15__upcast_resultE
                0x0000000002029b78       0x20 /home/linux/devkitPro/devkitARM/bin/../lib/gcc/arm-none-eabi/4.8.2/../../../../arm-none-eabi/lib/thumb/libstdc++.a(class_type_info.o)
                0x0000000002029b78                __cxxabiv1::__class_type_info::__do_upcast(__cxxabiv1::__class_type_info const*, void const*, __cxxabiv1::__class_type_info::__upcast_result&) const
 .text._ZNK10__cxxabiv117__class_type_info10__do_catchEPKSt9type_infoPPvj
                0x0000000002029b98       0x30 /home/linux/devkitPro/devkitARM/bin/../lib/gcc/arm-none-eabi/4.8.2/../../../../arm-none-eabi/lib/thumb/libstdc++.a(class_type_info.o)
                0x0000000002029b98                __cxxabiv1::__class_type_info::__do_catch(std::type_info const*, void**, unsigned int) const
 .text._ZNK10__cxxabiv117__class_type_info12__do_dyncastEiNS0_10__sub_kindEPKS0_PKvS3_S5_RNS0_16__dyncast_resultE
                0x0000000002029bc8       0x44 /home/linux/devkitPro/devkitARM/bin/../lib/gcc/arm-none-eabi/4.8.2/../../../../arm-none-eabi/lib/thumb/libstdc++.a(class_type_info.o)