Archive member included because of file (symbol)

/home/linux/devkitPro/libnds/lib/libfilesystem.a(nitrofs.o)
                              Game.o (nitroFSInit)
/home/linux/devkitPro/libnds/lib/libfat.a(libfat.o)
                              /home/linux/devkitPro/libnds/lib/libfilesystem.a(nitrofs.o) (fatInitDefault)
/home/linux/devkitPro/libnds/lib/libfat.a(partition.o)
                              /home/linux/devkitPro/libnds/lib/libfat.a(libfat.o) (_FAT_partition_constructor)
/home/linux/devkitPro/libnds/lib/libfat.a(cache.o)
                              /home/linux/devkitPro/libnds/lib/libfat.a(partition.o) (_FAT_cache_constructor)
/home/linux/devkitPro/libnds/lib/libfat.a(directory.o)
                              /home/linux/devkitPro/libnds/lib/libfat.a(libfat.o) (_FAT_directory_getVolumeLabel)
/home/linux/devkitPro/libnds/lib/libfat.a(disc.o)
                              /home/linux/devkitPro/libnds/lib/libfat.a(libfat.o) (_FAT_disc_interfaces)
/home/linux/devkitPro/libnds/lib/libfat.a(fatdir.o)
                              /home/linux/devkitPro/libnds/lib/libfat.a(libfat.o) (_FAT_stat_r)
/home/linux/devkitPro/libnds/lib/libfat.a(fatfile.o)
                              /home/linux/devkitPro/libnds/lib/libfat.a(libfat.o) (_FAT_open_r)
/home/linux/devkitPro/libnds/lib/libfat.a(file_allocation_table.o)
                              /home/linux/devkitPro/libnds/lib/libfat.a(directory.o) (_FAT_fat_nextCluster)
/home/linux/devkitPro/libnds/lib/libfat.a(filetime.o)
                              /home/linux/devkitPro/libnds/lib/libfat.a(fatdir.o) (_FAT_filetime_getTimeFromRTC)
/home/linux/devkitPro/libnds/lib/libfat.a(lock.o)
                              /home/linux/devkitPro/libnds/lib/libfat.a(partition.o) (_FAT_lock_init)
/home/linux/devkitPro/libnds/lib/libnds9.a(background.o)
                              Map.o (bgUpdate)
/home/linux/devkitPro/libnds/lib/libnds9.a(console.o)
                              Game.o (consoleDemoInit)
/home/linux/devkitPro/libnds/lib/libnds9.a(gurumeditation.o)
                              Game.o (defaultExceptionHandler)
/home/linux/devkitPro/libnds/lib/libnds9.a(keys.o)
                              Game.o (scanKeys)
/home/linux/devkitPro/libnds/lib/libnds9.a(sassert.o)
                              MapManager.o (__sassert)
/home/linux/devkitPro/libnds/lib/libnds9.a(trig.o)
                              /home/linux/devkitPro/libnds/lib/libnds9.a(background.o) (sinLerp)
/home/linux/devkitPro/libnds/lib/libnds9.a(dldi.o)
                              /home/linux/devkitPro/libnds/lib/libfat.a(disc.o) (dldiGetInternal)
/home/linux/devkitPro/libnds/lib/libnds9.a(dsi_sd.o)
                              /home/linux/devkitPro/libnds/lib/libfat.a(disc.o) (__io_dsisd)
/home/linux/devkitPro/libnds/lib/libnds9.a(initSystem.o)
                              /home/linux/devkitPro/devkitARM/bin/../lib/gcc/arm-none-eabi/4.8.2/../../../../arm-none-eabi/lib/thumb/ds_arm9_crt0.o (initSystem)
/home/linux/devkitPro/libnds/lib/libnds9.a(card.o)
                              /home/linux/devkitPro/libnds/lib/libfilesystem.a(nitrofs.o) (cardParamCommand)
/home/linux/devkitPro/libnds/lib/libnds9.a(fifosystem.o)
                              /home/linux/devkitPro/libnds/lib/libnds9.a(dsi_sd.o) (fifoSendValue32)
/home/linux/devkitPro/libnds/lib/libnds9.a(interrupts.o)
                              /home/linux/devkitPro/libnds/lib/libnds9.a(fifosystem.o) (irqSet)
/home/linux/devkitPro/libnds/lib/libnds9.a(libnds_exit.arm.o)
                              /home/linux/devkitPro/devkitARM/bin/../lib/gcc/arm-none-eabi/4.8.2/../../../../arm-none-eabi/lib/thumb/ds_arm9_crt0.o (__libnds_exit)
/home/linux/devkitPro/libnds/lib/libnds9.a(dcache.o)
                              /home/linux/devkitPro/libnds/lib/libnds9.a(dsi_sd.o) (DC_FlushRange)
/home/linux/devkitPro/libnds/lib/libnds9.a(exceptionHandler.o)
                              /home/linux/devkitPro/libnds/lib/libnds9.a(gurumeditation.o) (getCPSR)
/home/linux/devkitPro/libnds/lib/libnds9.a(dldi_stub.o)
                              /home/linux/devkitPro/libnds/lib/libnds9.a(dldi.o) (_io_dldi_stub)
/home/linux/devkitPro/libnds/lib/libnds9.a(mpu_setup.o)
                              /home/linux/devkitPro/devkitARM/bin/../lib/gcc/arm-none-eabi/4.8.2/../../../../arm-none-eabi/lib/thumb/ds_arm9_crt0.o (__libnds_mpu_setup)
/home/linux/devkitPro/libnds/lib/libnds9.a(biosCalls.o)
                              /home/linux/devkitPro/libnds/lib/libnds9.a(card.o) (swiDelay)
/home/linux/devkitPro/libnds/lib/libnds9.a(debugprint.o)
                              /home/linux/devkitPro/libnds/lib/libnds9.a(console.o) (nocashWrite)
/home/linux/devkitPro/libnds/lib/libnds9.a(interruptDispatcher.o)
                              /home/linux/devkitPro/libnds/lib/libnds9.a(interrupts.o) (IntrMain)
/home/linux/devkitPro/libnds/lib/libnds9.a(swiSoftReset.o)
                              /home/linux/devkitPro/libnds/lib/libnds9.a(fifosystem.o) (swiSoftReset)
[...]
Memory Configuration

Name             Origin             Length             Attributes
rom              0x0000000008000000 0x0000000002000000
ewram            0x0000000002000000 0x00000000003ff000
dtcm             0x000000000b000000 0x0000000000004000
vectors          0x0000000001000000 0x0000000000000100
itcm             0x0000000001000100 0x0000000000007f00
*default*        0x0000000000000000 0xffffffffffffffff

Linker script and memory map

                0x0000000001000000                __vectors_start = ORIGIN (vectors)
                0x0000000001000100                __itcm_start = ORIGIN (itcm)
                0x00000000023ff000                __ewram_end = (ORIGIN (ewram) + 0x3ff000)
                0x00000000023ff000                __eheap_end = (ORIGIN (ewram) + 0x3ff000)
                0x000000000b000000                __dtcm_start = ORIGIN (dtcm)
                0x000000000b004000                __dtcm_top = (ORIGIN (dtcm) + 0x4000)
                0x000000000b003ff8                __irq_flags = (__dtcm_top - 0x8)
                0x000000000b003ffc                __irq_vector = (__dtcm_top - 0x4)
                0x000000000b003f00                __sp_svc = (__dtcm_top - 0x100)
                0x000000000b003e00                __sp_irq = (__sp_svc - 0x100)
                0x000000000b003d00                __sp_usr = (__sp_irq - 0x100)

.init           0x0000000002000000      0x23c
                0x0000000002000000                __text_start = .
 *(.init)
 .init          0x0000000002000000      0x230 /home/linux/devkitPro/devkitARM/bin/../lib/gcc/arm-none-eabi/4.8.2/../../../../arm-none-eabi/lib/thumb/ds_arm9_crt0.o
                0x0000000002000000                _start
 .init          0x0000000002000230        0x4 /home/linux/devkitPro/devkitARM/bin/../lib/gcc/arm-none-eabi/4.8.2/thumb/crti.o
                0x0000000002000230                _init
 .init          0x0000000002000234        0x8 /home/linux/devkitPro/devkitARM/bin/../lib/gcc/arm-none-eabi/4.8.2/thumb/crtn.o
                0x000000000200023c                . = ALIGN (0x4)

.plt
 *(.plt)

.text           0x0000000002000240    0x2ccf0
 *(EXCLUDE_FILE(*.itcm*) .text)
 .text          0x0000000002000240        0x0 /home/linux/devkitPro/devkitARM/bin/../lib/gcc/arm-none-eabi/4.8.2/../../../../arm-none-eabi/lib/thumb/ds_arm9_crt0.o
 .text          0x0000000002000240        0x0 /home/linux/devkitPro/devkitARM/bin/../lib/gcc/arm-none-eabi/4.8.2/thumb/crti.o
 .text          0x0000000002000240       0xd0 /home/linux/devkitPro/devkitARM/bin/../lib/gcc/arm-none-eabi/4.8.2/thumb/crtbegin.o
 .text          0x0000000002000310        0x0 plain.o
 .text          0x0000000002000310        0x0 underground.o
 .text          0x0000000002000310        0x0 indoor.o
 .text          0x0000000002000310        0x0 main.o
 .text          0x0000000002000310       0xe4 Game.o
                0x0000000002000310                Game::~Game()
                0x0000000002000310                Game::~Game()
                0x0000000002000314                Game::initNitroFS()
                0x000000000200034c                Game::Game()
                0x000000000200034c                Game::Game()
                0x00000000020003a0                Game::initVideo()
                0x00000000020003dc                Game::mainLoop()
 .text          0x00000000020003f4      0x3a4 Map.o
                0x00000000020003f4                Map::Map(Tileset*, std::string, unsigned short, unsigned short, unsigned short, unsigned short, unsigned short)
                0x00000000020003f4                Map::Map(Tileset*, std::string, unsigned short, unsigned short, unsigned short, unsigned short, unsigned short)
                0x0000000002000470                Map::~Map()
                0x0000000002000470                Map::~Map()
                0x0000000002000484                Map::screenPos(short, short) const
                0x00000000020004a8                Map::loadTile(short, short, signed char, signed char)
                0x000000000200060c                Map::load()
 .text          0x0000000002000798       0x18 Player.o
                0x0000000002000798                Player::Player()
                0x0000000002000798                Player::Player()
                0x00000000020007a4                Player::~Player()
                0x00000000020007a4                Player::~Player()
 .text          0x00000000020007b0        0x8 Character.o
                0x00000000020007b0                Character::Character()
                0x00000000020007b0                Character::Character()
                0x00000000020007b4                Character::~Character()
                0x00000000020007b4                Character::~Character()
 .text          0x00000000020007b8       0x34 CharacterManager.o
                0x00000000020007b8                CharacterManager::init()
                0x00000000020007d0                CharacterManager::free()
 .text          0x00000000020007ec      0x7e0 MapManager.o
                0x00000000020007ec                MapManager::free()
                0x000000000200084c                MapManager::scrollMaps(signed char, signed char)
                0x0000000002000b08                MapManager::initTilesets()
                0x0000000002000b64                MapManager::initMaps()
                0x0000000002000f54                MapManager::init()
 .text          0x0000000002000fcc      0x350 libs5.o
                0x0000000002000fcc                enableSprites
                0x0000000002001060                clearSprite
                0x00000000020010a8                drawSprite
                0x0000000002001148                moveSprite
                0x000000000200118c                getSpriteX
                0x00000000020011ac                getSpriteY
                0x00000000020011c8                setSpritePriority
                0x00000000020011f8                setSpriteFlip
                0x0000000002001230                setSpritePalette
                0x0000000002001258                enableSpriteAlpha
                0x000000000200127c                disableSpriteAlpha
                0x00000000020012a0                enableSpriteMosaic
                0x00000000020012c4                disableSpriteMosaic
                0x00000000020012e8                setSpriteMosaic
 .text          0x000000000200131c      0x1d0 libs5_asm.o
                0x000000000200131c                loadTiles
                0x0000000002001360                loadPalette
                0x0000000002001390                loadPalette256
                0x000000000200141c                loadExtPalette
 .text          0x00000000020014ec        0x0 link.o
 .text          0x00000000020014ec        0x0 grass_effect.o
 .text          0x00000000020014ec        0x0 water_effect.o
 .text          0x00000000020014ec      0x9f4 /home/linux/devkitPro/libnds/lib/libfilesystem.a(nitrofs.o)
                0x0000000002001dd4                nitroFSInit
 .text          0x0000000002001ee0      0x33c /home/linux/devkitPro/libnds/lib/libfat.a(libfat.o)
                0x0000000002001ee0                fatMount
                0x0000000002001f9c                fatMountSimple
                0x0000000002001fb0                fatUnmount
                0x0000000002001fe4                fatInit
                0x0000000002002130                fatInitDefault
                0x000000000200213c                fatGetVolumeLabel
 .text          0x000000000200221c      0x728 /home/linux/devkitPro/libnds/lib/libfat.a(partition.o)
                0x000000000200221c                FindFirstValidPartition_buf
                0x00000000020023a4                FindFirstValidPartition
                0x00000000020023cc                _FAT_partition_getPartitionFromPath
                0x00000000020023e0                _FAT_partition_createFSinfo
                0x000000000200249c                _FAT_partition_readFSinfo
                0x0000000002002554                _FAT_partition_constructor_buf
                0x00000000020027fc                _FAT_partition_constructor
                0x000000000200283c                _FAT_partition_writeFSinfo
                0x00000000020028e8                _FAT_partition_destructor
                0x0000000002002928                _FAT_getCwdClusterPtr
 .text          0x0000000002002944      0x4ac /home/linux/devkitPro/libnds/lib/libfat.a(cache.o)
                0x0000000002002a34                _FAT_cache_constructor
                0x0000000002002ad0                _FAT_cache_readSectors
                0x0000000002002b34                _FAT_cache_readPartialSector
                0x0000000002002b70                _FAT_cache_readLittleEndianValue
                0x0000000002002bd4                _FAT_cache_writePartialSector
                0x0000000002002c1c                _FAT_cache_writeLittleEndianValue
                0x0000000002002c6c                _FAT_cache_eraseWritePartialSector
                0x0000000002002cc4                _FAT_cache_writeSectors
                0x0000000002002d30                _FAT_cache_flush
                0x0000000002002d8c                _FAT_cache_destructor
                0x0000000002002dc0                _FAT_cache_invalidate
 .text          0x0000000002002df0     0x1444 /home/linux/devkitPro/libnds/lib/libfat.a(directory.o)
                0x0000000002003094                _FAT_directory_entryGetCluster
                0x00000000020030b0                _FAT_directory_getNextEntry
                0x0000000002003324                _FAT_directory_getFirstEntry
                0x0000000002003344                _FAT_directory_getRootEntry
                0x00000000020033a0                _FAT_directory_getVolumeLabel
                0x0000000002003460                _FAT_directory_entryFromPosition
                0x0000000002003590                _FAT_directory_entryFromPath
                0x00000000020037cc                _FAT_directory_removeEntry
                0x000000000200389c                _FAT_directory_addEntry
                0x000000000200410c                _FAT_directory_chdir
                0x000000000200415c                _FAT_directory_entryStat
 .text          0x0000000002004234        0x8 /home/linux/devkitPro/libnds/lib/libfat.a(disc.o)
 .text          0x000000000200423c      0x950 /home/linux/devkitPro/libnds/lib/libfat.a(fatdir.o)
                0x000000000200423c                _FAT_stat_r
                0x00000000020042d8                _FAT_link_r
                0x00000000020042e4                _FAT_unlink_r
                0x0000000002004458                _FAT_chdir_r
                0x00000000020044c8                _FAT_rename_r
                0x0000000002004694                _FAT_mkdir_r
                0x0000000002004954                _FAT_statvfs_r
                0x00000000020049dc                _FAT_diropen_r
                0x0000000002004a9c                _FAT_dirreset_r
                0x0000000002004ae8                _FAT_dirnext_r
                0x0000000002004b6c                _FAT_dirclose_r
 .text          0x0000000002004b8c     0x13a8 /home/linux/devkitPro/libnds/lib/libfat.a(fatfile.o)
                0x0000000002004ed4                _FAT_findEntry
                0x0000000002004f10                FAT_getAttr
                0x0000000002004f38                FAT_setAttr
                0x0000000002004fd8                _FAT_open_r
                0x0000000002005318                _FAT_syncToDisc
                0x0000000002005338                _FAT_close_r
                0x00000000020053b0                _FAT_read_r
                0x00000000020056dc                _FAT_write_r
                0x0000000002005b78                _FAT_seek_r
                0x0000000002005cec                _FAT_fstat_r
                0x0000000002005d84                _FAT_ftruncate_r
                0x0000000002005eec                _FAT_fsync_r
 .text          0x0000000002005f34      0x4c0 /home/linux/devkitPro/libnds/lib/libfat.a(file_allocation_table.o)
                0x0000000002006084                _FAT_fat_nextCluster
                0x00000000020061a0                _FAT_fat_linkFreeCluster
                0x0000000002006238                _FAT_fat_linkFreeClusterCleared
                0x00000000020062a8                _FAT_fat_clearLinks
                0x000000000200630c                _FAT_fat_trimChain
                0x0000000002006394                _FAT_fat_lastCluster
                0x00000000020063c8                _FAT_fat_freeClusterCount
 .text          0x00000000020063f4       0xb8 /home/linux/devkitPro/libnds/lib/libfat.a(filetime.o)
                0x00000000020063f4                _FAT_filetime_getTimeFromRTC
                0x0000000002006434                _FAT_filetime_getDateFromRTC
                0x0000000002006474                _FAT_filetime_to_time_t
 .text          0x00000000020064ac       0x10 /home/linux/devkitPro/libnds/lib/libfat.a(lock.o)
                0x00000000020064ac                _FAT_lock_init
                0x00000000020064b0                _FAT_lock_deinit
                0x00000000020064b4                _FAT_lock
                0x00000000020064b8                _FAT_unlock
 .text          0x00000000020064bc      0x334 /home/linux/devkitPro/libnds/lib/libnds9.a(background.o)
                0x00000000020064bc                bgIsText
                0x00000000020064c8                checkIfText
                0x0000000002006520                bgUpdate
                0x0000000002006624                bgInit_call
                0x0000000002006704                bgInitSub_call
 .text          0x00000000020067f0      0xa28 /home/linux/devkitPro/libnds/lib/libnds9.a(console.o)
                0x000000000200689c                nocash_write
                0x00000000020068ac                consoleGetDefault
                0x00000000020068b8                consoleSelect
                0x00000000020068c8                consoleDebugInit
                0x000000000200691c                consolePrintChar
                0x0000000002006ae8                consoleLoadFont
                0x0000000002006d78                consoleSetFont
                0x0000000002006d98                consoleInit
                0x0000000002006f00                consoleDemoInit
                0x0000000002006f44                con_write
                0x00000000020071e4                consoleClear
                0x00000000020071f4                consoleSetWindow
 .text          0x0000000002007218      0x358 /home/linux/devkitPro/libnds/lib/libnds9.a(gurumeditation.o)
                0x0000000002007218                ARMShift
                0x0000000002007290                getExceptionAddress
                0x0000000002007444                guruMeditationDump
                0x0000000002007560                defaultExceptionHandler
 .text          0x0000000002007570      0x104 /home/linux/devkitPro/libnds/lib/libnds9.a(keys.o)
                0x0000000002007570                scanKeys
                0x00000000020075e4                keysHeld
                0x00000000020075f0                keysDown
                0x0000000002007600                keysDownRepeat
                0x0000000002007610                keysSetRepeat
                0x0000000002007628                keysUp
                0x0000000002007638                keysCurrent
 .text          0x0000000002007674       0x30 /home/linux/devkitPro/libnds/lib/libnds9.a(sassert.o)
                0x0000000002007674                __sassert
 .text          0x00000000020076a4      0x240 /home/linux/devkitPro/libnds/lib/libnds9.a(trig.o)
                0x00000000020076a4                asinComp
                0x00000000020076cc                sinLutLookup
                0x0000000002007704                sinLerp
                0x000000000200773c                cosLerp
                0x0000000002007750                tanLutLookup
                0x0000000002007788                tanLerp
                0x000000000200782c                asinLerp
                0x00000000020078a8                acosLerp
                0x00000000020078bc                atanComp
 .text          0x00000000020078e4      0x234 /home/linux/devkitPro/libnds/lib/libnds9.a(dldi.o)
                0x00000000020078e4                dldiGetInternal
                0x000000000200791c                dldiIsValid
                0x0000000002007954                dldiFixDriverAddresses
                0x0000000002007a30                dldiLoadFromFile
                0x0000000002007b0c                dldiFree
 .text          0x0000000002007b18      0x148 /home/linux/devkitPro/libnds/lib/libnds9.a(dsi_sd.o)
                0x0000000002007b18                sdio_ClearStatus
                0x0000000002007b28                sdio_Shutdown
                0x0000000002007b38                sdio_Startup
                0x0000000002007b84                sdio_IsInserted
                0x0000000002007bb8                sdio_ReadSectors
                0x0000000002007c0c                sdio_WriteSectors
 .text          0x0000000002007c60      0x140 /home/linux/devkitPro/libnds/lib/libnds9.a(initSystem.o)
                0x0000000002007c60                initSystem
 .text          0x0000000002007da0      0x23c /home/linux/devkitPro/libnds/lib/libnds9.a(card.o)
                0x0000000002007da0                cardWriteCommand
                0x0000000002007dc4                cardPolledTransfer
                0x0000000002007e14                cardStartTransfer
                0x0000000002007e70                cardWriteAndRead
                0x0000000002007eb4                cardParamCommand
                0x0000000002007ee4                cardReadID
                0x0000000002007f0c                cardReset
                0x0000000002007f80                cardReadHeader
 .text          0x0000000002007fdc      0xce0 /home/linux/devkitPro/libnds/lib/libnds9.a(fifosystem.o)
                0x0000000002008254                fifoSendAddress
                0x0000000002008280                fifoSendValue32
                0x00000000020082bc                fifoSendDatamsg
                0x000000000200832c                fifoGetAddress
                0x00000000020083a0                fifoSetAddressHandler
                0x000000000200841c                fifoGetValue32
                0x0000000002008490                fifoSetValue32Handler
                0x000000000200850c                fifoGetDatamsg
                0x00000000020089b0                fifoSetDatamsgHandler
                0x0000000002008a54                fifoCheckAddress
                0x0000000002008a7c                fifoCheckDatamsg
                0x0000000002008aa4                fifoCheckDatamsgLength
                0x0000000002008adc                fifoCheckValue32
                0x0000000002008b04                fifoInit
 .text          0x0000000002008cbc      0x1ec /home/linux/devkitPro/libnds/lib/libnds9.a(interrupts.o)
                0x0000000002008cbc                irqDummy
                0x0000000002008cc0                irqSet
                0x0000000002008d2c                irqInit
                0x0000000002008d78                irqInitHandler
                0x0000000002008da8                irqEnable
                0x0000000002008e0c                irqDisable
                0x0000000002008e70                irqClear
 .text          0x0000000002008ea8       0x58 /home/linux/devkitPro/libnds/lib/libnds9.a(libnds_exit.arm.o)
                0x0000000002008ea8                systemErrorExit
                0x0000000002008eac                __libnds_exit
 .text          0x0000000002008f00       0x70 /home/linux/devkitPro/libnds/lib/libnds9.a(dcache.o)
                0x0000000002008f00                DC_FlushAll
                0x0000000002008f2c                DC_FlushRange
                0x0000000002008f48                DC_InvalidateAll
                0x0000000002008f54                DC_InvalidateRange
 .text          0x0000000002008f70       0xdc /home/linux/devkitPro/libnds/lib/libnds9.a(exceptionHandler.o)
                0x0000000002008f70                getCPSR
                0x0000000002008f78                enterException
                0x0000000002008fec                exceptionC
                0x0000000002008ff0                exceptionStack
                0x0000000002008ff4                exceptionRegisters
 *fill*         0x000000000200904c       0x34 ff
 .text          0x0000000002009080     0x8000 /home/linux/devkitPro/libnds/lib/libnds9.a(dldi_stub.o)
                0x0000000002009080                _io_dldi_stub
 .text          0x0000000002011080      0x1b4 /home/linux/devkitPro/libnds/lib/libnds9.a(mpu_setup.o)
                0x0000000002011080                __libnds_mpu_setup
                0x00000000020111c0                memCached
                0x00000000020111d8                memUncached
 *fill*         0x0000000002011234        0xc ff
 .text          0x0000000002011240       0x70 /home/linux/devkitPro/libnds/lib/libnds9.a(biosCalls.o)
                0x0000000002011240                swiDelay
                0x0000000002011244                swiIntrWait
                0x0000000002011248                swiWaitForVBlank
                0x000000000201124c                swiSleep
                0x0000000002011250                swiChangeSoundBias
                0x0000000002011254                swiDivide
                0x0000000002011258                swiRemainder
                0x000000000201125e                swiDivMod
                0x000000000201126a                swiCopy
                0x000000000201126e                swiFastCopy
                0x0000000002011272                swiSqrt
                0x0000000002011276                swiCRC16
                0x000000000201127a                swiIsDebugger
                0x000000000201127e                swiUnpackBits
                0x0000000002011282                swiDecompressLZSSWram
                0x0000000002011286                swiDecompressLZSSVramNTR
                0x000000000201128a                swiDecompressLZSSVramTWL
                0x000000000201128e                swiDecompressHuffman
                0x0000000002011292                swiDecompressRLEWram
                0x0000000002011296                swiDecompressRLEVram
                0x000000000201129a                swiWaitForIRQ
                0x000000000201129e                swiDecodeDelta8
                0x00000000020112a2                swiDecodeDelta16
                0x00000000020112a6                swiSetHaltCR
 .text          0x00000000020112b0       0xa4 /home/linux/devkitPro/libnds/lib/libnds9.a(debugprint.o)
                0x00000000020112b0                nocashWrite
                0x00000000020112b2                nocashMessage
 .text          0x0000000002011354        0x0 /home/linux/devkitPro/libnds/lib/libnds9.a(interruptDispatcher.o)
 *fill*         0x0000000002011354        0xc ff
 .text          0x0000000002011360       0x30 /home/linux/devkitPro/libnds/lib/libnds9.a(swiSoftReset.o)
                0x0000000002011360                swiSoftReset
 .text          0x0000000002011390        0x0 /home/linux/devkitPro/libnds/lib/libnds9.a(default_font.bin.o)
 .text          0x0000000002011390       0x28 /home/linux/devkitPro/libnds/lib/libnds9.a(exceptions.o)
                0x0000000002011390                setExceptionHandler
 .text          0x00000000020113b8      0x128 /home/linux/devkitPro/libnds/lib/libnds9.a(system.o)
                0x00000000020113b8                setSDcallback
                0x00000000020113c4                systemMsgHandler
                0x0000000002011408                systemSleep
                0x0000000002011420                systemValueHandler
                0x000000000201145c                powerOn
                0x0000000002011488                powerOff
                0x00000000020114b0                ledBlink
                0x00000000020114c0                getBatteryLevel
 .text          0x00000000020114e0      0x1f8 /home/linux/devkitPro/libnds/lib/libnds9.a(video.o)
                0x00000000020114e0                vramSetPrimaryBanks
                0x0000000002011524                vramSetMainBanks
                0x0000000002011568                vramSetBanks_EFG
                0x00000000020115a0                vramRestorePrimaryBanks
                0x00000000020115ac                vramRestoreMainBanks
                0x00000000020115b8                vramRestoreBanks_EFG
                0x00000000020115c4                setBrightness
                0x0000000002011604                vramDefault
 .text          0x00000000020116d8        0x0 /home/linux/devkitPro/devkitARM/bin/../lib/gcc/arm-none-eabi/4.8.2/../../../../arm-none-eabi/lib/thumb/libstdc++.a(new_op.o)
 .text          0x00000000020116d8        0x0 /home/linux/devkitPro/devkitARM/bin/../lib/gcc/arm-none-eabi/4.8.2/../../../../arm-none-eabi/lib/thumb/libstdc++.a(eh_call.o)
 .text          0x00000000020116d8        0x0 /home/linux/devkitPro/devkitARM/bin/../lib/gcc/arm-none-eabi/4.8.2/../../../../arm-none-eabi/lib/thumb/libstdc++.a(new_opv.o)
 .text          0x00000000020116d8        0x0 /home/linux/devkitPro/devkitARM/bin/../lib/gcc/arm-none-eabi/4.8.2/../../../../arm-none-eabi/lib/thumb/libstdc++.a(eh_personality.o)
 .text          0x00000000020116d8        0x0 /home/linux/devkitPro/devkitARM/bin/../lib/gcc/arm-none-eabi/4.8.2/../../../../arm-none-eabi/lib/thumb/libstdc++.a(del_op.o)
 .text          0x00000000020116d8        0x0 /home/linux/devkitPro/devkitARM/bin/../lib/gcc/arm-none-eabi/4.8.2/../../../../arm-none-eabi/lib/thumb/libstdc++.a(atexit_arm.o)
 .text          0x00000000020116d8        0x0 /home/linux/devkitPro/devkitARM/bin/../lib/gcc/arm-none-eabi/4.8.2/../../../../arm-none-eabi/lib/thumb/libstdc++.a(eh_terminate.o)
 .text          0x00000000020116d8        0x0 /home/linux/devkitPro/devkitARM/bin/../lib/gcc/arm-none-eabi/4.8.2/../../../../arm-none-eabi/lib/thumb/libstdc++.a(eh_exception.o)
 .text          0x00000000020116d8        0x0 /home/linux/devkitPro/devkitARM/bin/../lib/gcc/arm-none-eabi/4.8.2/../../../../arm-none-eabi/lib/thumb/libstdc++.a(eh_alloc.o)
 .text          0x00000000020116d8        0x0 /home/linux/devkitPro/devkitARM/bin/../lib/gcc/arm-none-eabi/4.8.2/../../../../arm-none-eabi/lib/thumb/libstdc++.a(bad_alloc.o)
 .text          0x00000000020116d8        0x0 /home/linux/devkitPro/devkitARM/bin/../lib/gcc/arm-none-eabi/4.8.2/../../../../arm-none-eabi/lib/thumb/libstdc++.a(del_opv.o)
 .text          0x00000000020116d8        0x0 /home/linux/devkitPro/devkitARM/bin/../lib/gcc/arm-none-eabi/4.8.2/../../../../arm-none-eabi/lib/thumb/libstdc++.a(class_type_info.o)
 .text          0x00000000020116d8        0x0 /home/linux/devkitPro/devkitARM/bin/../lib/gcc/arm-none-eabi/4.8.2/../../../../arm-none-eabi/lib/thumb/libstdc++.a(new_handler.o)
 .text          0x00000000020116d8        0x0 /home/linux/devkitPro/devkitARM/bin/../lib/gcc/arm-none-eabi/4.8.2/../../../../arm-none-eabi/lib/thumb/libstdc++.a(string-inst.o)
 .text          0x00000000020116d8        0x0 /home/linux/devkitPro/devkitARM/bin/../lib/gcc/arm-none-eabi/4.8.2/../../../../arm-none-eabi/lib/thumb/libstdc++.a(functexcept.o)
 .text          0x00000000020116d8        0x0 /home/linux/devkitPro/devkitARM/bin/../lib/gcc/arm-none-eabi/4.8.2/../../../../arm-none-eabi/lib/thumb/libstdc++.a(eh_arm.o)
 .text          0x00000000020116d8        0x0 /home/linux/devkitPro/devkitARM/bin/../lib/gcc/arm-none-eabi/4.8.2/../../../../arm-none-eabi/lib/thumb/libstdc++.a(eh_throw.o)
 .text          0x00000000020116d8        0x0 /home/linux/devkitPro/devkitARM/bin/../lib/gcc/arm-none-eabi/4.8.2/../../../../arm-none-eabi/lib/thumb/libstdc++.a(pure.o)
 .text          0x00000000020116d8        0x0 /home/linux/devkitPro/devkitARM/bin/../lib/gcc/arm-none-eabi/4.8.2/../../../../arm-none-eabi/lib/thumb/libstdc++.a(bad_cast.o)
 .text          0x00000000020116d8        0x0 /home/linux/devkitPro/devkitARM/bin/../lib/gcc/arm-none-eabi/4.8.2/../../../../arm-none-eabi/lib/thumb/libstdc++.a(eh_globals.o)
 .text          0x00000000020116d8        0x0 /home/linux/devkitPro/devkitARM/bin/../lib/gcc/arm-none-eabi/4.8.2/../../../../arm-none-eabi/lib/thumb/libstdc++.a(eh_catch.o)
 .text          0x00000000020116d8        0x0 /home/linux/devkitPro/devkitARM/bin/../lib/gcc/arm-none-eabi/4.8.2/../../../../arm-none-eabi/lib/thumb/libstdc++.a(si_class_type_info.o)
 .text          0x00000000020116d8        0x0 /home/linux/devkitPro/devkitARM/bin/../lib/gcc/arm-none-eabi/4.8.2/../../../../arm-none-eabi/lib/thumb/libstdc++.a(eh_unex_handler.o)
 .text          0x00000000020116d8        0x0 /home/linux/devkitPro/devkitARM/bin/../lib/gcc/arm-none-eabi/4.8.2/../../../../arm-none-eabi/lib/thumb/libstdc++.a(tinfo.o)
 .text          0x00000000020116d8        0x0 /home/linux/devkitPro/devkitARM/bin/../lib/gcc/arm-none-eabi/4.8.2/../../../../arm-none-eabi/lib/thumb/libstdc++.a(bad_typeid.o)
 .text          0x00000000020116d8        0x0 /home/linux/devkitPro/devkitARM/bin/../lib/gcc/arm-none-eabi/4.8.2/../../../../arm-none-eabi/lib/thumb/libstdc++.a(eh_term_handler.o)
 .text          0x00000000020116d8        0x0 /home/linux/devkitPro/devkitARM/bin/../lib/gcc/arm-none-eabi/4.8.2/../../../../arm-none-eabi/lib/thumb/libstdc++.a(ios_failure.o)
 .text          0x00000000020116d8        0x0 /home/linux/devkitPro/devkitARM/bin/../lib/gcc/arm-none-eabi/4.8.2/../../../../arm-none-eabi/lib/thumb/libstdc++.a(stdexcept.o)
 .text          0x00000000020116d8        0x0 /home/linux/devkitPro/devkitARM/bin/../lib/gcc/arm-none-eabi/4.8.2/../../../../arm-none-eabi/lib/thumb/libstdc++.a(functional.o)
 .text          0x00000000020116d8        0x0 /home/linux/devkitPro/devkitARM/bin/../lib/gcc/arm-none-eabi/4.8.2/../../../../arm-none-eabi/lib/thumb/libstdc++.a(future.o)
 .text          0x00000000020116d8        0x0 /home/linux/devkitPro/devkitARM/bin/../lib/gcc/arm-none-eabi/4.8.2/../../../../arm-none-eabi/lib/thumb/libstdc++.a(regex.o)
 .text          0x00000000020116d8        0x0 /home/linux/devkitPro/devkitARM/bin/../lib/gcc/arm-none-eabi/4.8.2/../../../../arm-none-eabi/lib/thumb/libstdc++.a(system_error.o)
 .text          0x00000000020116d8        0x0 /home/linux/devkitPro/devkitARM/bin/../lib/gcc/arm-none-eabi/4.8.2/../../../../arm-none-eabi/lib/thumb/libstdc++.a(guard.o)
 .text          0x00000000020116d8        0x0 /home/linux/devkitPro/devkitARM/bin/../lib/gcc/arm-none-eabi/4.8.2/../../../../arm-none-eabi/lib/thumb/libstdc++.a(vterminate.o)
 .text          0x00000000020116d8        0x0 /home/linux/devkitPro/devkitARM/bin/../lib/gcc/arm-none-eabi/4.8.2/../../../../arm-none-eabi/lib/thumb/libstdc++.a(guard_error.o)
 .text          0x00000000020116d8        0x0 /home/linux/devkitPro/devkitARM/bin/../lib/gcc/arm-none-eabi/4.8.2/../../../../arm-none-eabi/lib/thumb/libstdc++.a(eh_type.o)
 .text          0x00000000020116d8     0x60e0 /home/linux/devkitPro/devkitARM/bin/../lib/gcc/arm-none-eabi/4.8.2/../../../../arm-none-eabi/lib/thumb/libstdc++.a(cp-demangle.o)
                0x00000000020176c4                __cxa_demangle
                0x000000000201778c                __gcclibcxx_demangle_callback
 .text          0x00000000020177b8       0xc0 /home/linux/devkitPro/devkitARM/bin/../lib/gcc/arm-none-eabi/4.8.2/../../../../arm-none-eabi/lib/thumb/libm.a(lib_a-w_sqrt.o)
                0x00000000020177b8                sqrt
 .text          0x0000000002017878      0x1c0 /home/linux/devkitPro/devkitARM/bin/../lib/gcc/arm-none-eabi/4.8.2/../../../../arm-none-eabi/lib/thumb/libm.a(lib_a-e_sqrt.o)
                0x0000000002017878                __ieee754_sqrt
 .text          0x0000000002017a38       0x5c /home/linux/devkitPro/devkitARM/bin/../lib/gcc/arm-none-eabi/4.8.2/../../../../arm-none-eabi/lib/thumb/libm.a(lib_a-s_fpclassify.o)
                0x0000000002017a38                __fpclassifyd
 .text          0x0000000002017a94        0x0 /home/linux/devkitPro/devkitARM/bin/../lib/gcc/arm-none-eabi/4.8.2/../../../../arm-none-eabi/lib/thumb/libm.a(lib_a-s_lib_ver.o)
 .text          0x0000000002017a94        0x4 /home/linux/devkitPro/devkitARM/bin/../lib/gcc/arm-none-eabi/4.8.2/../../../../arm-none-eabi/lib/thumb/libm.a(lib_a-s_matherr.o)
                0x0000000002017a94                matherr
 .text          0x0000000002017a98      0x11c /home/linux/devkitPro/devkitARM/bin/../lib/gcc/arm-none-eabi/4.8.2/thumb/libgcc.a(_udivsi3.o)
                0x0000000002017a98                __udivsi3
                0x0000000002017a98                __aeabi_uidiv
                0x0000000002017b94                __aeabi_uidivmod
 .text          0x0000000002017bb4      0x150 /home/linux/devkitPro/devkitARM/bin/../lib/gcc/arm-none-eabi/4.8.2/thumb/libgcc.a(_divsi3.o)
                0x0000000002017bb4                __aeabi_idiv
                0x0000000002017bb4                __divsi3
                0x0000000002017ce4                __aeabi_idivmod
 .text          0x0000000002017d04        0x4 /home/linux/devkitPro/devkitARM/bin/../lib/gcc/arm-none-eabi/4.8.2/thumb/libgcc.a(_dvmd_tls.o)
                0x0000000002017d04                __aeabi_ldiv0
                0x0000000002017d04                __aeabi_idiv0
 .text          0x0000000002017d08      0x41c /home/linux/devkitPro/devkitARM/bin/../lib/gcc/arm-none-eabi/4.8.2/thumb/libgcc.a(_arm_addsubdf3.o)
                0x0000000002017d08                __aeabi_drsub
                0x0000000002017d10                __aeabi_dsub
                0x0000000002017d10                __subdf3
                0x0000000002017d14                __adddf3
                0x0000000002017d14                __aeabi_dadd
                0x0000000002018024                __aeabi_ui2d
                0x0000000002018024                __floatunsidf
                0x0000000002018048                __floatsidf
                0x0000000002018048                __aeabi_i2d
                0x0000000002018070                __extendsfdf2
                0x0000000002018070                __aeabi_f2d
                0x00000000020180b0                __aeabi_ul2d
                0x00000000020180b0                __floatundidf
                0x00000000020180c4                __floatdidf
                0x00000000020180c4                __aeabi_l2d
 .text          0x0000000002018124      0x49c /home/linux/devkitPro/devkitARM/bin/../lib/gcc/arm-none-eabi/4.8.2/thumb/libgcc.a(_arm_muldivdf3.o)
                0x0000000002018124                __aeabi_dmul
                0x0000000002018124                __muldf3
                0x00000000020183b4                __aeabi_ddiv
                0x00000000020183b4                __divdf3
 .text          0x00000000020185c0      0x144 /home/linux/devkitPro/devkitARM/bin/../lib/gcc/arm-none-eabi/4.8.2/thumb/libgcc.a(_arm_cmpdf2.o)
                0x00000000020185c0                __gtdf2
                0x00000000020185c0                __gedf2
                0x00000000020185c8                __ltdf2
                0x00000000020185c8                __ledf2
                0x00000000020185d0                __cmpdf2
                0x00000000020185d0                __eqdf2
                0x00000000020185d0                __nedf2
                0x0000000002018658                __aeabi_cdrcmple
                0x0000000002018674                __aeabi_cdcmple
                0x0000000002018674                __aeabi_cdcmpeq
                0x000000000201868c                __aeabi_dcmpeq
                0x00000000020186a4                __aeabi_dcmplt
                0x00000000020186bc                __aeabi_dcmple
                0x00000000020186d4                __aeabi_dcmpge
                0x00000000020186ec                __aeabi_dcmpgt
 .text          0x0000000002018704       0x54 /home/linux/devkitPro/devkitARM/bin/../lib/gcc/arm-none-eabi/4.8.2/thumb/libgcc.a(_arm_fixunsdfsi.o)
                0x0000000002018704                __fixunsdfsi
                0x0000000002018704                __aeabi_d2uiz
 .text          0x0000000002018758       0x4c /home/linux/devkitPro/devkitARM/bin/../lib/gcc/arm-none-eabi/4.8.2/thumb/libgcc.a(_muldi3.o)
                0x0000000002018758                __aeabi_lmul
                0x0000000002018758                __muldi3
 .text          0x00000000020187a4      0xac4 /home/linux/devkitPro/devkitARM/bin/../lib/gcc/arm-none-eabi/4.8.2/thumb/libgcc.a(unwind-arm.o)
                0x0000000002018aa0                _Unwind_GetCFA
                0x0000000002018aa4                __gnu_Unwind_RaiseException
                0x0000000002018afc                __gnu_Unwind_ForcedUnwind
                0x0000000002018b14                __gnu_Unwind_Resume
                0x0000000002018b5c                __gnu_Unwind_Resume_or_Rethrow
                0x0000000002018b7c                _Unwind_Complete
                0x0000000002018b80                _Unwind_DeleteException
                0x0000000002018b98                _Unwind_VRS_Get
                0x0000000002018bec                _Unwind_VRS_Set
                0x0000000002018c40                __gnu_Unwind_Backtrace
                0x0000000002018fac                __aeabi_unwind_cpp_pr0
                0x0000000002018fbc                __aeabi_unwind_cpp_pr1
                0x0000000002018fcc                __aeabi_unwind_cpp_pr2
                0x0000000002018fdc                _Unwind_VRS_Pop
 .text          0x0000000002019268      0x1d8 /home/linux/devkitPro/devkitARM/bin/../lib/gcc/arm-none-eabi/4.8.2/thumb/libgcc.a(libunwind.o)
                0x0000000002019268                __restore_core_regs
                0x0000000002019268                restore_core_regs
                0x0000000002019284                __gnu_Unwind_Restore_VFP
                0x000000000201928c                __gnu_Unwind_Save_VFP
                0x0000000002019294                __gnu_Unwind_Restore_VFP_D
                0x000000000201929c                __gnu_Unwind_Save_VFP_D
                0x00000000020192a4                __gnu_Unwind_Restore_VFP_D_16_to_31
                0x00000000020192ac                __gnu_Unwind_Save_VFP_D_16_to_31
                0x00000000020192b4                __gnu_Unwind_Restore_WMMXD
                0x00000000020192f8                __gnu_Unwind_Save_WMMXD
                0x000000000201933c                __gnu_Unwind_Restore_WMMXC
                0x0000000002019350                __gnu_Unwind_Save_WMMXC
                0x0000000002019364                ___Unwind_RaiseException
                0x0000000002019364                _Unwind_RaiseException
                0x0000000002019390                ___Unwind_Resume
                0x0000000002019390                _Unwind_Resume
                0x00000000020193bc                _Unwind_Resume_or_Rethrow
                0x00000000020193bc                ___Unwind_Resume_or_Rethrow
                0x00000000020193e8                ___Unwind_ForcedUnwind
                0x00000000020193e8                _Unwind_ForcedUnwind
                0x0000000002019414                _Unwind_Backtrace
                0x0000000002019414                ___Unwind_Backtrace
 .text          0x0000000002019440      0x3c4 /home/linux/devkitPro/devkitARM/bin/../lib/gcc/arm-none-eabi/4.8.2/thumb/libgcc.a(pr-support.o)
                0x00000000020194a0                __gnu_unwind_execute
                0x00000000020197a0                __gnu_unwind_frame
                0x00000000020197cc                _Unwind_GetRegionStart
                0x00000000020197dc                _Unwind_GetLanguageSpecificData
                0x00000000020197f4                _Unwind_GetDataRelBase
                0x00000000020197fc                _Unwind_GetTextRelBase
 .text          0x0000000002019804       0x10 /home/linux/devkitPro/devkitARM/bin/../lib/gcc/arm-none-eabi/4.8.2/../../../../arm-none-eabi/lib/thumb/libg.a(lib_a-abort.o)
                0x0000000002019804                abort
 .text          0x0000000002019814       0x64 /home/linux/devkitPro/devkitARM/bin/../lib/gcc/arm-none-eabi/4.8.2/../../../../arm-none-eabi/lib/thumb/libg.a(lib_a-bsearch.o)
                0x0000000002019814                bsearch
 .text          0x0000000002019878       0x10 /home/linux/devkitPro/devkitARM/bin/../lib/gcc/arm-none-eabi/4.8.2/../../../../arm-none-eabi/lib/thumb/libg.a(lib_a-ctype_.o)
                0x0000000002019878                __set_ctype
 .text          0x0000000002019888       0x18 /home/linux/devkitPro/devkitARM/bin/../lib/gcc/arm-none-eabi/4.8.2/../../../../arm-none-eabi/lib/thumb/libg.a(lib_a-cxa_atexit.o)
                0x0000000002019888                __cxa_atexit
 .text          0x00000000020198a0        0xc /home/linux/devkitPro/devkitARM/bin/../lib/gcc/arm-none-eabi/4.8.2/../../../../arm-none-eabi/lib/thumb/libg.a(lib_a-errno.o)
                0x00000000020198a0                __errno
 .text          0x00000000020198ac       0xb0 /home/linux/devkitPro/devkitARM/bin/../lib/gcc/arm-none-eabi/4.8.2/../../../../arm-none-eabi/lib/thumb/libg.a(lib_a-fclose.o)
                0x00000000020198ac                _fclose_r
                0x0000000002019940                fclose
 .text          0x000000000201995c      0x1bc /home/linux/devkitPro/devkitARM/bin/../lib/gcc/arm-none-eabi/4.8.2/../../../../arm-none-eabi/lib/thumb/libg.a(lib_a-fflush.o)
                0x000000000201995c                __sflush_r
                0x0000000002019ab8                _fflush_r
                0x0000000002019ae8                fflush
 .text          0x0000000002019b18      0x248 /home/linux/devkitPro/devkitARM/bin/../lib/gcc/arm-none-eabi/4.8.2/../../../../arm-none-eabi/lib/thumb/libg.a(lib_a-findfp.o)
                0x0000000002019b20                _cleanup_r
                0x0000000002019b34                __sfmoreglue
                0x0000000002019b68                _cleanup
                0x0000000002019b84                __sinit
                0x0000000002019c84                __sfp
                0x0000000002019d18                __sfp_lock_acquire
                0x0000000002019d1c                __sfp_lock_release
                0x0000000002019d20                __sinit_lock_acquire
                0x0000000002019d24                __sinit_lock_release
                0x0000000002019d28                __fp_lock_all
                0x0000000002019d44                __fp_unlock_all
 .text          0x0000000002019d60       0xa8 /home/linux/devkitPro/devkitARM/bin/../lib/gcc/arm-none-eabi/4.8.2/../../../../arm-none-eabi/lib/thumb/libg.a(lib_a-fopen.o)
                0x0000000002019d60                _fopen_r
                0x0000000002019dec                fopen
 .text          0x0000000002019e08       0x58 /home/linux/devkitPro/devkitARM/bin/../lib/gcc/arm-none-eabi/4.8.2/../../../../arm-none-eabi/lib/thumb/libg.a(lib_a-fputc.o)
                0x0000000002019e08                _fputc_r
                0x0000000002019e30                fputc
 .text          0x0000000002019e60       0x78 /home/linux/devkitPro/devkitARM/bin/../lib/gcc/arm-none-eabi/4.8.2/../../../../arm-none-eabi/lib/thumb/libg.a(lib_a-fputs.o)
                0x0000000002019e60                _fputs_r
                0x0000000002019ebc                fputs
 .text          0x0000000002019ed8      0x19c /home/linux/devkitPro/devkitARM/bin/../lib/gcc/arm-none-eabi/4.8.2/../../../../arm-none-eabi/lib/thumb/libg.a(lib_a-fread.o)
                0x0000000002019ed8                _fread_r
                0x000000000201a04c                fread
 .text          0x000000000201a074      0x238 /home/linux/devkitPro/devkitARM/bin/../lib/gcc/arm-none-eabi/4.8.2/../../../../arm-none-eabi/lib/thumb/libg.a(lib_a-freer.o)
                0x000000000201a074                _malloc_trim_r
                0x000000000201a118                _free_r
 .text          0x000000000201a2ac       0x2c /home/linux/devkitPro/devkitARM/bin/../lib/gcc/arm-none-eabi/4.8.2/../../../../arm-none-eabi/lib/thumb/libg.a(lib_a-fseek.o)
                0x000000000201a2ac                _fseek_r
                0x000000000201a2b8                fseek
 .text          0x000000000201a2d8      0x34c /home/linux/devkitPro/devkitARM/bin/../lib/gcc/arm-none-eabi/4.8.2/../../../../arm-none-eabi/lib/thumb/libg.a(lib_a-fseeko.o)
                0x000000000201a2d8                _fseeko_r
                0x000000000201a600                fseeko
 .text          0x000000000201a624      0x330 /home/linux/devkitPro/devkitARM/bin/../lib/gcc/arm-none-eabi/4.8.2/../../../../arm-none-eabi/lib/thumb/libg.a(lib_a-fvwrite.o)
                0x000000000201a624                __sfvwrite_r
 .text          0x000000000201a954       0xa4 /home/linux/devkitPro/devkitARM/bin/../lib/gcc/arm-none-eabi/4.8.2/../../../../arm-none-eabi/lib/thumb/libg.a(lib_a-fwalk.o)
                0x000000000201a954                _fwalk
                0x000000000201a9a0                _fwalk_reent
 .text          0x000000000201a9f8       0x9c /home/linux/devkitPro/devkitARM/bin/../lib/gcc/arm-none-eabi/4.8.2/../../../../arm-none-eabi/lib/thumb/libg.a(lib_a-fwrite.o)
                0x000000000201a9f8                _fwrite_r
                0x000000000201aa6c                fwrite
 .text          0x000000000201aa94        0x0 /home/linux/devkitPro/devkitARM/bin/../lib/gcc/arm-none-eabi/4.8.2/../../../../arm-none-eabi/lib/thumb/libg.a(lib_a-impure.o)
 .text          0x000000000201aa94       0x58 /home/linux/devkitPro/devkitARM/bin/../lib/gcc/arm-none-eabi/4.8.2/../../../../arm-none-eabi/lib/thumb/libg.a(lib_a-init.o)
                0x000000000201aa94                __libc_init_array
 .text          0x000000000201aaec       0x40 /home/linux/devkitPro/devkitARM/bin/../lib/gcc/arm-none-eabi/4.8.2/../../../../arm-none-eabi/lib/thumb/libg.a(lib_a-iprintf.o)
                0x000000000201aaec                iprintf
                0x000000000201ab10                _iprintf_r
 .text          0x000000000201ab2c       0x10 /home/linux/devkitPro/devkitARM/bin/../lib/gcc/arm-none-eabi/4.8.2/../../../../arm-none-eabi/lib/thumb/libg.a(lib_a-lcltime_r.o)
                0x000000000201ab2c                localtime_r
 .text          0x000000000201ab3c      0x934 /home/linux/devkitPro/devkitARM/bin/../lib/gcc/arm-none-eabi/4.8.2/../../../../arm-none-eabi/lib/thumb/libg.a(lib_a-locale.o)
                0x000000000201b1fc                _setlocale_r
                0x000000000201b410                __locale_charset
                0x000000000201b418                __locale_mb_cur_max
                0x000000000201b424                __locale_msgcharset
                0x000000000201b430                __locale_cjk_lang
                0x000000000201b43c                _localeconv_r
                0x000000000201b448                setlocale
                0x000000000201b464                localeconv
 .text          0x000000000201b470       0xe4 /home/linux/devkitPro/devkitARM/bin/../lib/gcc/arm-none-eabi/4.8.2/../../../../arm-none-eabi/lib/thumb/libg.a(lib_a-makebuf.o)
                0x000000000201b470                __smakebuf_r
 .text          0x000000000201b554       0x30 /home/linux/devkitPro/devkitARM/bin/../lib/gcc/arm-none-eabi/4.8.2/../../../../arm-none-eabi/lib/thumb/libg.a(lib_a-malloc.o)
                0x000000000201b554                malloc
                0x000000000201b56c                free
 .text          0x000000000201b584      0x510 /home/linux/devkitPro/devkitARM/bin/../lib/gcc/arm-none-eabi/4.8.2/../../../../arm-none-eabi/lib/thumb/libg.a(lib_a-mallocr.o)
                0x000000000201b584                _malloc_r
 .text          0x000000000201ba94       0xf8 /home/linux/devkitPro/devkitARM/bin/../lib/gcc/arm-none-eabi/4.8.2/../../../../arm-none-eabi/lib/thumb/libg.a(lib_a-mbrtowc.o)
                0x000000000201ba94                _mbrtowc_r
                0x000000000201bb0c                mbrtowc
 .text          0x000000000201bb8c       0x40 /home/linux/devkitPro/devkitARM/bin/../lib/gcc/arm-none-eabi/4.8.2/../../../../arm-none-eabi/lib/thumb/libg.a(lib_a-mbsrtowcs.o)
                0x000000000201bb8c                _mbsrtowcs_r
                0x000000000201bba4                mbsrtowcs
 .text          0x000000000201bbcc      0x5bc /home/linux/devkitPro/devkitARM/bin/../lib/gcc/arm-none-eabi/4.8.2/../../../../arm-none-eabi/lib/thumb/libg.a(lib_a-mbtowc_r.o)
                0x000000000201bbcc                __utf8_mbtowc
                0x000000000201be34                _mbtowc_r
                0x000000000201be70                __ascii_mbtowc
                0x000000000201bea0                __sjis_mbtowc
                0x000000000201bf58                __eucjp_mbtowc
                0x000000000201c040                __jis_mbtowc
 .text          0x000000000201c188       0x8c /home/linux/devkitPro/devkitARM/bin/../lib/gcc/arm-none-eabi/4.8.2/../../../../arm-none-eabi/lib/thumb/libg.a(lib_a-memchr-stub.o)
                0x000000000201c188                memchr
 .text          0x000000000201c214       0x50 /home/linux/devkitPro/devkitARM/bin/../lib/gcc/arm-none-eabi/4.8.2/../../../../arm-none-eabi/lib/thumb/libg.a(lib_a-memcmp.o)
                0x000000000201c214                memcmp
 .text          0x000000000201c264       0x88 /home/linux/devkitPro/devkitARM/bin/../lib/gcc/arm-none-eabi/4.8.2/../../../../arm-none-eabi/lib/thumb/libg.a(lib_a-memcpy-stub.o)
                0x000000000201c264                memcpy
 .text          0x000000000201c2ec       0xa8 /home/linux/devkitPro/devkitARM/bin/../lib/gcc/arm-none-eabi/4.8.2/../../../../arm-none-eabi/lib/thumb/libg.a(lib_a-memmove.o)
                0x000000000201c2ec                memmove
 .text          0x000000000201c394       0xa4 /home/linux/devkitPro/devkitARM/bin/../lib/gcc/arm-none-eabi/4.8.2/../../../../arm-none-eabi/lib/thumb/libg.a(lib_a-memset.o)
                0x000000000201c394                memset
 .text          0x000000000201c438      0x51c /home/linux/devkitPro/devkitARM/bin/../lib/gcc/arm-none-eabi/4.8.2/../../../../arm-none-eabi/lib/thumb/libg.a(lib_a-mktime.o)
                0x000000000201c618                mktime
 .text          0x000000000201c954      0x494 /home/linux/devkitPro/devkitARM/bin/../lib/gcc/arm-none-eabi/4.8.2/../../../../arm-none-eabi/lib/thumb/libg.a(lib_a-mktm_r.o)
                0x000000000201c954                __tzcalc_limits
                0x000000000201caf0                _mktm_r
 .text          0x000000000201cde8        0x8 /home/linux/devkitPro/devkitARM/bin/../lib/gcc/arm-none-eabi/4.8.2/../../../../arm-none-eabi/lib/thumb/libg.a(lib_a-mlock.o)
                0x000000000201cde8                __malloc_lock
                0x000000000201cdec                __malloc_unlock
 .text          0x000000000201cdf0       0x40 /home/linux/devkitPro/devkitARM/bin/../lib/gcc/arm-none-eabi/4.8.2/../../../../arm-none-eabi/lib/thumb/libg.a(lib_a-printf.o)
                0x000000000201cdf0                _printf_r
                0x000000000201ce0c                printf
 .text          0x000000000201ce30       0xc8 /home/linux/devkitPro/devkitARM/bin/../lib/gcc/arm-none-eabi/4.8.2/../../../../arm-none-eabi/lib/thumb/libg.a(lib_a-putc.o)
                0x000000000201ce30                _putc_r
                0x000000000201ce90                putc
 .text          0x000000000201cef8       0x78 /home/linux/devkitPro/devkitARM/bin/../lib/gcc/arm-none-eabi/4.8.2/../../../../arm-none-eabi/lib/thumb/libg.a(lib_a-puts.o)
                0x000000000201cef8                _puts_r
                0x000000000201cf58                puts
 .text          0x000000000201cf70       0x1c /home/linux/devkitPro/devkitARM/bin/../lib/gcc/arm-none-eabi/4.8.2/../../../../arm-none-eabi/lib/thumb/libg.a(lib_a-realloc.o)
                0x000000000201cf70                realloc
 .text          0x000000000201cf8c      0x36c /home/linux/devkitPro/devkitARM/bin/../lib/gcc/arm-none-eabi/4.8.2/../../../../arm-none-eabi/lib/thumb/libg.a(lib_a-reallocr.o)
                0x000000000201cf8c                _realloc_r
 .text          0x000000000201d2f8      0x148 /home/linux/devkitPro/devkitARM/bin/../lib/gcc/arm-none-eabi/4.8.2/../../../../arm-none-eabi/lib/thumb/libg.a(lib_a-refill.o)
                0x000000000201d318                __srefill_r
 .text          0x000000000201d440      0x110 /home/linux/devkitPro/devkitARM/bin/../lib/gcc/arm-none-eabi/4.8.2/../../../../arm-none-eabi/lib/thumb/libg.a(lib_a-setvbuf.o)
                0x000000000201d440                setvbuf
 .text          0x000000000201d550      0x198 /home/linux/devkitPro/devkitARM/bin/../lib/gcc/arm-none-eabi/4.8.2/../../../../arm-none-eabi/lib/thumb/libg.a(lib_a-signal.o)
                0x000000000201d550                _init_signal_r
                0x000000000201d590                _signal_r
                0x000000000201d5d0                _raise_r
                0x000000000201d630                __sigtramp_r
                0x000000000201d684                raise
                0x000000000201d69c                signal
                0x000000000201d6b8                _init_signal
                0x000000000201d6cc                __sigtramp
 .text          0x000000000201d6e8       0xa0 /home/linux/devkitPro/devkitARM/bin/../lib/gcc/arm-none-eabi/4.8.2/../../../../arm-none-eabi/lib/thumb/libg.a(lib_a-siscanf.o)
                0x000000000201d6e8                siscanf
                0x000000000201d738                _siscanf_r
 .text          0x000000000201d788       0x84 /home/linux/devkitPro/devkitARM/bin/../lib/gcc/arm-none-eabi/4.8.2/../../../../arm-none-eabi/lib/thumb/libg.a(lib_a-sprintf.o)
                0x000000000201d788                _sprintf_r
                0x000000000201d7c8                sprintf
 .text          0x000000000201d80c       0xac /home/linux/devkitPro/devkitARM/bin/../lib/gcc/arm-none-eabi/4.8.2/../../../../arm-none-eabi/lib/thumb/libg.a(lib_a-stdio.o)
                0x000000000201d80c                __sread
                0x000000000201d838                __seofread
                0x000000000201d83c                __swrite
                0x000000000201d878                __sseek
                0x000000000201d8a8                __sclose
 .text          0x000000000201d8b8       0x4c /home/linux/devkitPro/devkitARM/bin/../lib/gcc/arm-none-eabi/4.8.2/../../../../arm-none-eabi/lib/thumb/libg.a(lib_a-stpcpy.o)
                0x000000000201d8b8                stpcpy
 .text          0x000000000201d904       0x50 /home/linux/devkitPro/devkitARM/bin/../lib/gcc/arm-none-eabi/4.8.2/../../../../arm-none-eabi/lib/thumb/libg.a(lib_a-strcasecmp.o)
                0x000000000201d904                strcasecmp
 .text          0x000000000201d954       0x54 /home/linux/devkitPro/devkitARM/bin/../lib/gcc/arm-none-eabi/4.8.2/../../../../arm-none-eabi/lib/thumb/libg.a(lib_a-strcat.o)
                0x000000000201d954                strcat
 .text          0x000000000201d9a8       0xdc /home/linux/devkitPro/devkitARM/bin/../lib/gcc/arm-none-eabi/4.8.2/../../../../arm-none-eabi/lib/thumb/libg.a(lib_a-strchr.o)
                0x000000000201d9a8                strchr
 .text          0x000000000201da84       0x14 /home/linux/devkitPro/devkitARM/bin/../lib/gcc/arm-none-eabi/4.8.2/../../../../arm-none-eabi/lib/thumb/libg.a(lib_a-strcmp.o)
                0x000000000201da84                strcmp
 .text          0x000000000201da98       0x10 /home/linux/devkitPro/devkitARM/bin/../lib/gcc/arm-none-eabi/4.8.2/../../../../arm-none-eabi/lib/thumb/libg.a(lib_a-strcpy.o)
                0x000000000201da98                strcpy
 .text          0x000000000201daa8       0x18 /home/linux/devkitPro/devkitARM/bin/../lib/gcc/arm-none-eabi/4.8.2/../../../../arm-none-eabi/lib/thumb/libg.a(lib_a-strdup.o)
                0x000000000201daa8                strdup
 .text          0x000000000201dac0       0x2c /home/linux/devkitPro/devkitARM/bin/../lib/gcc/arm-none-eabi/4.8.2/../../../../arm-none-eabi/lib/thumb/libg.a(lib_a-strdup_r.o)
                0x000000000201dac0                _strdup_r
 .text          0x000000000201daec      0x2a4 /home/linux/devkitPro/devkitARM/bin/../lib/gcc/arm-none-eabi/4.8.2/../../../../arm-none-eabi/lib/thumb/libg.a(lib_a-strerror.o)
                0x000000000201daec                _strerror_r
                0x000000000201dd74                strerror
 .text          0x000000000201dd90       0x50 /home/linux/devkitPro/devkitARM/bin/../lib/gcc/arm-none-eabi/4.8.2/../../../../arm-none-eabi/lib/thumb/libg.a(lib_a-strlcpy.o)
                0x000000000201dd90                strlcpy
 .text          0x000000000201dde0       0x10 /home/linux/devkitPro/devkitARM/bin/../lib/gcc/arm-none-eabi/4.8.2/../../../../arm-none-eabi/lib/thumb/libg.a(lib_a-strlen.o)
                0x000000000201dde0                strlen
 .text          0x000000000201ddf0       0x60 /home/linux/devkitPro/devkitARM/bin/../lib/gcc/arm-none-eabi/4.8.2/../../../../arm-none-eabi/lib/thumb/libg.a(lib_a-strncasecmp.o)
                0x000000000201ddf0                strncasecmp
 .text          0x000000000201de50       0xbc /home/linux/devkitPro/devkitARM/bin/../lib/gcc/arm-none-eabi/4.8.2/../../../../arm-none-eabi/lib/thumb/libg.a(lib_a-strncmp.o)
                0x000000000201de50                strncmp
 .text          0x000000000201df0c       0x78 /home/linux/devkitPro/devkitARM/bin/../lib/gcc/arm-none-eabi/4.8.2/../../../../arm-none-eabi/lib/thumb/libg.a(lib_a-strncpy.o)
                0x000000000201df0c                strncpy
 .text          0x000000000201df84       0x34 /home/linux/devkitPro/devkitARM/bin/../lib/gcc/arm-none-eabi/4.8.2/../../../../arm-none-eabi/lib/thumb/libg.a(lib_a-strnlen.o)
                0x000000000201df84                strnlen
 .text          0x000000000201dfb8       0x58 /home/linux/devkitPro/devkitARM/bin/../lib/gcc/arm-none-eabi/4.8.2/../../../../arm-none-eabi/lib/thumb/libg.a(lib_a-strpbrk.o)
                0x000000000201dfb8                strpbrk
 .text          0x000000000201e010       0x2c /home/linux/devkitPro/devkitARM/bin/../lib/gcc/arm-none-eabi/4.8.2/../../../../arm-none-eabi/lib/thumb/libg.a(lib_a-strrchr.o)
                0x000000000201e010                strrchr
 .text          0x000000000201e03c      0x190 /home/linux/devkitPro/devkitARM/bin/../lib/gcc/arm-none-eabi/4.8.2/../../../../arm-none-eabi/lib/thumb/libg.a(lib_a-strtol.o)
                0x000000000201e03c                _strtol_r
                0x000000000201e1ac                strtol
 .text          0x000000000201e1cc      0xadc /home/linux/devkitPro/devkitARM/bin/../lib/gcc/arm-none-eabi/4.8.2/../../../../arm-none-eabi/lib/thumb/libg.a(lib_a-svfiscanf.o)
                0x000000000201e1cc                _sungetc_r
                0x000000000201e254                __ssrefill_r
                0x000000000201e298                _sfread_r
                0x000000000201e320                __ssvfiscanf_r
 .text          0x000000000201eca8     0x17a8 /home/linux/devkitPro/devkitARM/bin/../lib/gcc/arm-none-eabi/4.8.2/../../../../arm-none-eabi/lib/thumb/libg.a(lib_a-svfprintf.o)
                0x000000000201eca8                _svfprintf_r
 .text          0x0000000002020450       0x18 /home/linux/devkitPro/devkitARM/bin/../lib/gcc/arm-none-eabi/4.8.2/../../../../arm-none-eabi/lib/thumb/libg.a(lib_a-sysclose.o)
                0x0000000002020450                close
 .text          0x0000000002020468       0x20 /home/linux/devkitPro/devkitARM/bin/../lib/gcc/arm-none-eabi/4.8.2/../../../../arm-none-eabi/lib/thumb/libg.a(lib_a-syslseek.o)
                0x0000000002020468                lseek
 .text          0x0000000002020488       0x24 /home/linux/devkitPro/devkitARM/bin/../lib/gcc/arm-none-eabi/4.8.2/../../../../arm-none-eabi/lib/thumb/libg.a(lib_a-sysopen.o)
                0x0000000002020488                open
 .text          0x00000000020204ac       0x20 /home/linux/devkitPro/devkitARM/bin/../lib/gcc/arm-none-eabi/4.8.2/../../../../arm-none-eabi/lib/thumb/libg.a(lib_a-sysread.o)
                0x00000000020204ac                read
 .text          0x00000000020204cc       0x20 /home/linux/devkitPro/devkitARM/bin/../lib/gcc/arm-none-eabi/4.8.2/../../../../arm-none-eabi/lib/thumb/libg.a(lib_a-syswrite.o)
                0x00000000020204cc                write
 .text          0x00000000020204ec       0x30 /home/linux/devkitPro/devkitARM/bin/../lib/gcc/arm-none-eabi/4.8.2/../../../../arm-none-eabi/lib/thumb/libg.a(lib_a-time.o)
                0x00000000020204ec                time
 .text          0x000000000202051c      0x7a4 /home/linux/devkitPro/devkitARM/bin/../lib/gcc/arm-none-eabi/4.8.2/../../../../arm-none-eabi/lib/thumb/libg.a(lib_a-towlower.o)
                0x000000000202051c                towlower
 .text          0x0000000002020cc0      0x9ac /home/linux/devkitPro/devkitARM/bin/../lib/gcc/arm-none-eabi/4.8.2/../../../../arm-none-eabi/lib/thumb/libg.a(lib_a-towupper.o)
                0x0000000002020cc0                towupper
 .text          0x000000000202166c        0x8 /home/linux/devkitPro/devkitARM/bin/../lib/gcc/arm-none-eabi/4.8.2/../../../../arm-none-eabi/lib/thumb/libg.a(lib_a-tzlock.o)
                0x000000000202166c                __tz_lock
                0x0000000002021670                __tz_unlock
 .text          0x0000000002021674        0x0 /home/linux/devkitPro/devkitARM/bin/../lib/gcc/arm-none-eabi/4.8.2/../../../../arm-none-eabi/lib/thumb/libg.a(lib_a-tzvars.o)
 .text          0x0000000002021674      0x184 /home/linux/devkitPro/devkitARM/bin/../lib/gcc/arm-none-eabi/4.8.2/../../../../arm-none-eabi/lib/thumb/libg.a(lib_a-ungetc.o)
                0x0000000002021674                __submore
                0x00000000020216fc                _ungetc_r
                0x00000000020217dc                ungetc
 .text          0x00000000020217f8        0x4 /home/linux/devkitPro/devkitARM/bin/../lib/gcc/arm-none-eabi/4.8.2/../../../../arm-none-eabi/lib/thumb/libg.a(lib_a-u_strerr.o)
                0x00000000020217f8                _user_strerror
 .text          0x00000000020217fc      0xe60 /home/linux/devkitPro/devkitARM/bin/../lib/gcc/arm-none-eabi/4.8.2/../../../../arm-none-eabi/lib/thumb/libg.a(lib_a-vfiprintf.o)
                0x000000000202187c                __sprint_r
                0x0000000002021894                _vfiprintf_r
                0x00000000020225c0                vfiprintf
 *fill*         0x000000000202265c        0x4 ff
 .text          0x0000000002022660     0x1930 /home/linux/devkitPro/devkitARM/bin/../lib/gcc/arm-none-eabi/4.8.2/../../../../arm-none-eabi/lib/thumb/libg.a(lib_a-vfprintf.o)
                0x0000000002022660                _vfprintf_r
                0x0000000002023ef0                vfprintf
 .text          0x0000000002023f90       0x30 /home/linux/devkitPro/devkitARM/bin/../lib/gcc/arm-none-eabi/4.8.2/../../../../arm-none-eabi/lib/thumb/libg.a(lib_a-viprintf.o)
                0x0000000002023f90                viprintf
                0x0000000002023fac                _viprintf_r
 .text          0x0000000002023fc0       0xd8 /home/linux/devkitPro/devkitARM/bin/../lib/gcc/arm-none-eabi/4.8.2/../../../../arm-none-eabi/lib/thumb/libg.a(lib_a-wbuf.o)
                0x0000000002023fc0                __swbuf_r
                0x000000000202407c                __swbuf
 .text          0x0000000002024098       0xdc /home/linux/devkitPro/devkitARM/bin/../lib/gcc/arm-none-eabi/4.8.2/../../../../arm-none-eabi/lib/thumb/libg.a(lib_a-wcrtomb.o)
                0x0000000002024098                _wcrtomb_r
                0x0000000002024100                wcrtomb
 .text          0x0000000002024174       0x40 /home/linux/devkitPro/devkitARM/bin/../lib/gcc/arm-none-eabi/4.8.2/../../../../arm-none-eabi/lib/thumb/libg.a(lib_a-wcsrtombs.o)
                0x0000000002024174                _wcsrtombs_r
                0x000000000202418c                wcsrtombs
 .text          0x00000000020241b4       0x54 /home/linux/devkitPro/devkitARM/bin/../lib/gcc/arm-none-eabi/4.8.2/../../../../arm-none-eabi/lib/thumb/libg.a(lib_a-wctob.o)
                0x00000000020241b4                wctob
 .text          0x0000000002024208      0x28c /home/linux/devkitPro/devkitARM/bin/../lib/gcc/arm-none-eabi/4.8.2/../../../../arm-none-eabi/lib/thumb/libg.a(lib_a-wctomb_r.o)
                0x0000000002024208                __utf8_wctomb
                0x00000000020242c8                _wctomb_r
                0x0000000002024300                __ascii_wctomb
                0x0000000002024320                __sjis_wctomb
                0x0000000002024394                __eucjp_wctomb
                0x0000000002024414                __jis_wctomb
 .text          0x0000000002024494       0xd0 /home/linux/devkitPro/devkitARM/bin/../lib/gcc/arm-none-eabi/4.8.2/../../../../arm-none-eabi/lib/thumb/libg.a(lib_a-wsetup.o)
                0x0000000002024494                __swsetup_r
 .text          0x0000000002024564       0xc4 /home/linux/devkitPro/devkitARM/bin/../lib/gcc/arm-none-eabi/4.8.2/../../../../arm-none-eabi/lib/thumb/libg.a(lib_a-__atexit.o)
                0x0000000002024564                __register_exitproc
 .text          0x0000000002024628       0x40 /home/linux/devkitPro/devkitARM/bin/../lib/gcc/arm-none-eabi/4.8.2/../../../../arm-none-eabi/lib/thumb/libg.a(lib_a-div.o)
                0x0000000002024628                div
 .text          0x0000000002024668     0x1140 /home/linux/devkitPro/devkitARM/bin/../lib/gcc/arm-none-eabi/4.8.2/../../../../arm-none-eabi/lib/thumb/libg.a(lib_a-dtoa.o)
                0x00000000020247bc                _dtoa_r
 .text          0x00000000020257a8       0xa4 /home/linux/devkitPro/devkitARM/bin/../lib/gcc/arm-none-eabi/4.8.2/../../../../arm-none-eabi/lib/thumb/libg.a(lib_a-flags.o)
                0x00000000020257a8                __sflags
 .text          0x000000000202584c      0x104 /home/linux/devkitPro/devkitARM/bin/../lib/gcc/arm-none-eabi/4.8.2/../../../../arm-none-eabi/lib/thumb/libg.a(lib_a-fputwc.o)
                0x000000000202584c                _fputwc_r
                0x0000000002025920                fputwc
 .text          0x0000000002025950       0xa8 /home/linux/devkitPro/devkitARM/bin/../lib/gcc/arm-none-eabi/4.8.2/../../../../arm-none-eabi/lib/thumb/libg.a(lib_a-getenv_r.o)
                0x0000000002025950                _findenv_r
                0x00000000020259e8                _getenv_r
 .text          0x00000000020259f8        0x8 /home/linux/devkitPro/devkitARM/bin/../lib/gcc/arm-none-eabi/4.8.2/../../../../arm-none-eabi/lib/thumb/libg.a(lib_a-gettzinfo.o)
                0x00000000020259f8                __gettzinfo
 .text          0x0000000002025a00       0x78 /home/linux/devkitPro/devkitARM/bin/../lib/gcc/arm-none-eabi/4.8.2/../../../../arm-none-eabi/lib/thumb/libg.a(lib_a-iswspace.o)
                0x0000000002025a00                iswspace
 .text          0x0000000002025a78      0x1e8 /home/linux/devkitPro/devkitARM/bin/../lib/gcc/arm-none-eabi/4.8.2/../../../../arm-none-eabi/lib/thumb/libg.a(lib_a-jp2uc.o)
                0x0000000002025bfc                _jp2uc
 .text          0x0000000002025c60       0xf0 /home/linux/devkitPro/devkitARM/bin/../lib/gcc/arm-none-eabi/4.8.2/../../../../arm-none-eabi/lib/thumb/libg.a(lib_a-mbsnrtowcs.o)
                0x0000000002025c60                _mbsnrtowcs_r
                0x0000000002025d24                mbsnrtowcs
 .text          0x0000000002025d50      0x968 /home/linux/devkitPro/devkitARM/bin/../lib/gcc/arm-none-eabi/4.8.2/../../../../arm-none-eabi/lib/thumb/libg.a(lib_a-mprec.o)
                0x0000000002025d50                _Balloc
                0x0000000002025da4                _Bfree
                0x0000000002025dbc                __multadd
                0x0000000002025e68                __s2b
                0x0000000002025f04                __hi0bits
                0x0000000002025f44                __lo0bits
                0x0000000002025fa4                __i2b
                0x0000000002025fbc                __multiply
                0x0000000002026104                __pow5mult
                0x00000000020261c0                __lshift
                0x0000000002026284                __mcmp
                0x00000000020262c0                __mdiff
                0x00000000020263b0                __ulp
                0x00000000020263f8                __b2d
                0x00000000020264a8                __d2b
                0x0000000002026568                __ratio
                0x00000000020265dc                _mprec_log10
                0x000000000202661c                __copybits
                0x0000000002026660                __any_on
 .text          0x00000000020266b8       0x7c /home/linux/devkitPro/devkitARM/bin/../lib/gcc/arm-none-eabi/4.8.2/../../../../arm-none-eabi/lib/thumb/libg.a(lib_a-sccl.o)
                0x00000000020266b8                __sccl
 *fill*         0x0000000002026734        0x4 ff
 .text          0x0000000002026738      0x228 /home/linux/devkitPro/devkitARM/bin/../lib/gcc/arm-none-eabi/4.8.2/../../../../arm-none-eabi/lib/thumb/libg.a(lib_a-strtoll_r.o)
                0x0000000002026738                _strtoll_r
 .text          0x0000000002026960      0x1fc /home/linux/devkitPro/devkitARM/bin/../lib/gcc/arm-none-eabi/4.8.2/../../../../arm-none-eabi/lib/thumb/libg.a(lib_a-strtoull_r.o)
                0x0000000002026960                _strtoull_r
 .text          0x0000000002026b5c      0x1ac /home/linux/devkitPro/devkitARM/bin/../lib/gcc/arm-none-eabi/4.8.2/../../../../arm-none-eabi/lib/thumb/libg.a(lib_a-strtoul.o)
                0x0000000002026b5c                _strtoul_r
                0x0000000002026ce8                strtoul
 .text          0x0000000002026d08      0xd98 /home/linux/devkitPro/devkitARM/bin/../lib/gcc/arm-none-eabi/4.8.2/../../../../arm-none-eabi/lib/thumb/libg.a(lib_a-svfiprintf.o)
                0x0000000002026d08                __ssprint_r
                0x0000000002026e38                _svfiprintf_r
 .text          0x0000000002027aa0      0x13c /home/linux/devkitPro/devkitARM/bin/../lib/gcc/arm-none-eabi/4.8.2/../../../../arm-none-eabi/lib/thumb/libg.a(lib_a-wcsnrtombs.o)
                0x0000000002027aa0                _wcsnrtombs_r
                0x0000000002027bac                wcsnrtombs
 .text          0x0000000002027bdc       0x64 /home/linux/devkitPro/devkitARM/bin/../lib/gcc/arm-none-eabi/4.8.2/../../../../arm-none-eabi/lib/thumb/libg.a(lib_a-callocr.o)
                0x0000000002027bdc                _calloc_r
 .text          0x0000000002027c40        0x0 /home/linux/devkitPro/devkitARM/bin/../lib/gcc/arm-none-eabi/4.8.2/../../../../arm-none-eabi/lib/thumb/libg.a(lib_a-environ.o)
 .text          0x0000000002027c40        0x8 /home/linux/devkitPro/devkitARM/bin/../lib/gcc/arm-none-eabi/4.8.2/../../../../arm-none-eabi/lib/thumb/libg.a(lib_a-envlock.o)
                0x0000000002027c40                __env_lock
                0x0000000002027c44                __env_unlock
 .text          0x0000000002027c48      0x144 /home/linux/devkitPro/devkitARM/bin/../lib/gcc/arm-none-eabi/4.8.2/../../../../arm-none-eabi/lib/thumb/libsysbase.a(iosupport.o)
                0x0000000002027c48                setDefaultDevice
                0x0000000002027c5c                FindDevice
                0x0000000002027ccc                RemoveDevice
                0x0000000002027cf0                AddDevice
                0x0000000002027d6c                GetDeviceOpTab
 .text          0x0000000002027d8c       0x50 /home/linux/devkitPro/devkitARM/bin/../lib/gcc/arm-none-eabi/4.8.2/../../../../arm-none-eabi/lib/thumb/libsysbase.a(close.o)
                0x0000000002027d8c                _close_r
 .text          0x0000000002027ddc       0x50 /home/linux/devkitPro/devkitARM/bin/../lib/gcc/arm-none-eabi/4.8.2/../../../../arm-none-eabi/lib/thumb/libsysbase.a(fstat.o)
                0x0000000002027ddc                _fstat_r
 .text          0x0000000002027e2c        0xc /home/linux/devkitPro/devkitARM/bin/../lib/gcc/arm-none-eabi/4.8.2/../../../../arm-none-eabi/lib/thumb/libsysbase.a(getpid.o)
                0x0000000002027e2c                _getpid_r
 .text          0x0000000002027e38        0x4 /home/linux/devkitPro/devkitARM/bin/../lib/gcc/arm-none-eabi/4.8.2/../../../../arm-none-eabi/lib/thumb/libsysbase.a(isatty.o)
                0x0000000002027e38                _isatty_r
 .text          0x0000000002027e3c        0xc /home/linux/devkitPro/devkitARM/bin/../lib/gcc/arm-none-eabi/4.8.2/../../../../arm-none-eabi/lib/thumb/libsysbase.a(kill.o)
                0x0000000002027e3c                _kill_r
 .text          0x0000000002027e48       0x50 /home/linux/devkitPro/devkitARM/bin/../lib/gcc/arm-none-eabi/4.8.2/../../../../arm-none-eabi/lib/thumb/libsysbase.a(lseek.o)
                0x0000000002027e48                _lseek_r
 .text          0x0000000002027e98       0xa0 /home/linux/devkitPro/devkitARM/bin/../lib/gcc/arm-none-eabi/4.8.2/../../../../arm-none-eabi/lib/thumb/libsysbase.a(open.o)
                0x0000000002027e98                _open_r
 .text          0x0000000002027f38       0x50 /home/linux/devkitPro/devkitARM/bin/../lib/gcc/arm-none-eabi/4.8.2/../../../../arm-none-eabi/lib/thumb/libsysbase.a(read.o)
                0x0000000002027f38                _read_r
 .text          0x0000000002027f88       0x54 /home/linux/devkitPro/devkitARM/bin/../lib/gcc/arm-none-eabi/4.8.2/../../../../arm-none-eabi/lib/thumb/libsysbase.a(sbrk.o)
                0x0000000002027f88                _sbrk_r
 .text          0x0000000002027fdc       0x44 /home/linux/devkitPro/devkitARM/bin/../lib/gcc/arm-none-eabi/4.8.2/../../../../arm-none-eabi/lib/thumb/libsysbase.a(times.o)
                0x0000000002027fdc                _times
                0x0000000002027ff0                _times_r
                0x0000000002027ff8                _gettimeofday_r
 .text          0x0000000002028020       0x58 /home/linux/devkitPro/devkitARM/bin/../lib/gcc/arm-none-eabi/4.8.2/../../../../arm-none-eabi/lib/thumb/libsysbase.a(write.o)
                0x0000000002028020                _write_r
 .text          0x0000000002028078       0x18 /home/linux/devkitPro/devkitARM/bin/../lib/gcc/arm-none-eabi/4.8.2/../../../../arm-none-eabi/lib/thumb/libsysbase.a(_exit.o)
                0x0000000002028078                _exit
 .text          0x0000000002028090        0x0 /home/linux/devkitPro/devkitARM/bin/../lib/gcc/arm-none-eabi/4.8.2/../../../../arm-none-eabi/lib/thumb/libsysbase.a(malloc_vars.o)
 .text          0x0000000002028090      0x25c /home/linux/devkitPro/devkitARM/bin/../lib/gcc/arm-none-eabi/4.8.2/../../../../arm-none-eabi/lib/thumb/libsysbase.a(chdir.o)
                0x0000000002028090                _concatenate_path
                0x00000000020281c0                chdir
                0x00000000020282a0                getcwd
 .text          0x00000000020282ec       0x50 /home/linux/devkitPro/devkitARM/bin/../lib/gcc/arm-none-eabi/4.8.2/../../../../arm-none-eabi/lib/thumb/libsysbase.a(build_argv.o)
                0x00000000020282ec                build_argv
 .text          0x000000000202833c        0x0 /home/linux/devkitPro/devkitARM/bin/../lib/gcc/arm-none-eabi/4.8.2/../../../../arm-none-eabi/lib/thumb/libsysbase.a(syscall_support.o)
 .text          0x000000000202833c       0x88 /home/linux/devkitPro/devkitARM/bin/../lib/gcc/arm-none-eabi/4.8.2/../../../../arm-none-eabi/lib/thumb/libsysbase.a(handle_manager.o)
                0x000000000202833c                __release_handle
                0x0000000002028368                __alloc_handle
                0x00000000020283a4                __get_handle
 .text          0x00000000020283c4       0x5c /home/linux/devkitPro/devkitARM/bin/../lib/gcc/arm-none-eabi/4.8.2/thumb/libgcc.a(_arm_fixdfsi.o)
                0x00000000020283c4                __fixdfsi
                0x00000000020283c4                __aeabi_d2iz
 .text          0x0000000002028420       0x3c /home/linux/devkitPro/devkitARM/bin/../lib/gcc/arm-none-eabi/4.8.2/thumb/libgcc.a(_aeabi_uldivmod.o)
                0x0000000002028420                __aeabi_uldivmod
 .text          0x000000000202845c       0x74 /home/linux/devkitPro/devkitARM/bin/../lib/gcc/arm-none-eabi/4.8.2/thumb/libgcc.a(bpabi.o)
                0x000000000202845c                __gnu_ldivmod_helper
                0x0000000002028498                __gnu_uldivmod_helper
 .text          0x00000000020284d0      0x3cc /home/linux/devkitPro/devkitARM/bin/../lib/gcc/arm-none-eabi/4.8.2/thumb/libgcc.a(_divdi3.o)
                0x00000000020284d0                __divdi3
 .text          0x000000000202889c      0x378 /home/linux/devkitPro/devkitARM/bin/../lib/gcc/arm-none-eabi/4.8.2/thumb/libgcc.a(_udivdi3.o)
                0x000000000202889c                __udivdi3
 .text          0x0000000002028c14       0x48 /home/linux/devkitPro/devkitARM/bin/../lib/gcc/arm-none-eabi/4.8.2/thumb/libgcc.a(_clzsi2.o)
                0x0000000002028c14                __clzsi2
 .text          0x0000000002028c5c        0x0 /home/linux/devkitPro/devkitARM/bin/../lib/gcc/arm-none-eabi/4.8.2/thumb/crtend.o
 .text          0x0000000002028c5c        0x0 /home/linux/devkitPro/devkitARM/bin/../lib/gcc/arm-none-eabi/4.8.2/thumb/crtn.o
 *(.text.*)
 .text.startup  0x0000000002028c5c       0x1c main.o
                0x0000000002028c5c                main
 .text._ZNSt6vectorIP7TilesetSaIS1_EED2Ev
                0x0000000002028c78       0x14 MapManager.o
                0x0000000002028c78                std::vector<Tileset*, std::allocator<Tileset*> >::~vector()
                0x0000000002028c78                std::vector<Tileset*, std::allocator<Tileset*> >::~vector()
 .text._ZNSt6vectorIS_IP3MapSaIS1_EESaIS3_EED2Ev
                0x0000000002028c8c       0x30 MapManager.o
                0x0000000002028c8c                std::vector<std::vector<Map*, std::allocator<Map*> >, std::allocator<std::vector<Map*, std::allocator<Map*> > > >::~vector()
                0x0000000002028c8c                std::vector<std::vector<Map*, std::allocator<Map*> >, std::allocator<std::vector<Map*, std::allocator<Map*> > > >::~vector()
 .text._ZNSt6vectorIS_IP3MapSaIS1_EESaIS3_EE19_M_emplace_back_auxIIRKS3_EEEvDpOT_
                0x0000000002028cbc      0x170 MapManager.o
                0x0000000002028cbc                void std::vector<std::vector<Map*, std::allocator<Map*> >, std::allocator<std::vector<Map*, std::allocator<Map*> > > >::_M_emplace_back_aux<std::vector<Map*, std::allocator<Map*> > const&>(std::vector<Map*, std::allocator<Map*> > const&)
                0x0000000002028cbc                void std::vector<std::vector<Map*, std::allocator<Map*> >, std::allocator<std::vector<Map*, std::allocator<Map*> > > >::_M_emplace_back_aux<std::vector<Map*, std::allocator<Map*> > const&>(std::vector<Map*, std::allocator<Map*> > const&)
 .text._ZNSt6vectorIP7TilesetSaIS1_EE19_M_emplace_back_auxIIS1_EEEvDpOT_
                0x0000000002028e2c       0x80 MapManager.o
                0x0000000002028e2c                void std::vector<Tileset*, std::allocator<Tileset*> >::_M_emplace_back_aux<Tileset*>(Tileset*&&)
                0x0000000002028e2c                void std::vector<Tileset*, std::allocator<Tileset*> >::_M_emplace_back_aux<Tileset*>(Tileset*&&)
 .text._ZNSt6vectorIP3MapSaIS1_EE19_M_emplace_back_auxIIS1_EEEvDpOT_
                0x0000000002028eac       0x80 MapManager.o
                0x0000000002028eac                void std::vector<Map*, std::allocator<Map*> >::_M_emplace_back_aux<Map*>(Map*&&)
                0x0000000002028eac                void std::vector<Map*, std::allocator<Map*> >::_M_emplace_back_aux<Map*>(Map*&&)
 .text._ZNSt6vectorIP3MapSaIS1_EE12emplace_backIIS1_EEEvDpOT_
                0x0000000002028f2c       0x24 MapManager.o
                0x0000000002028f2c                void std::vector<Map*, std::allocator<Map*> >::emplace_back<Map*>(Map*&&)
                0x0000000002028f2c                void std::vector<Map*, std::allocator<Map*> >::emplace_back<Map*>(Map*&&)
 .text.startup  0x0000000002028f50       0x3c MapManager.o
 .text._Znwj    0x0000000002028f8c       0x60 /home/linux/devkitPro/devkitARM/bin/../lib/gcc/arm-none-eabi/4.8.2/../../../../arm-none-eabi/lib/thumb/libstdc++.a(new_op.o)
                0x0000000002028f8c                operator new(unsigned int)
 .text._ZN10__cxxabiv1L24__is_gxx_exception_classEPc
                0x0000000002028fec       0x40 /home/linux/devkitPro/devkitARM/bin/../lib/gcc/arm-none-eabi/4.8.2/../../../../arm-none-eabi/lib/thumb/libstdc++.a(eh_call.o)
 .text.__cxa_call_terminate
                0x000000000202902c       0x20 /home/linux/devkitPro/devkitARM/bin/../lib/gcc/arm-none-eabi/4.8.2/../../../../arm-none-eabi/lib/thumb/libstdc++.a(eh_call.o)
                0x000000000202902c                __cxa_call_terminate
 .text.__cxa_call_unexpected
                0x000000000202904c       0xfc /home/linux/devkitPro/devkitARM/bin/../lib/gcc/arm-none-eabi/4.8.2/../../../../arm-none-eabi/lib/thumb/libstdc++.a(eh_call.o)
                0x000000000202904c                __cxa_call_unexpected
 .text._Znaj    0x0000000002029148       0x18 /home/linux/devkitPro/devkitARM/bin/../lib/gcc/arm-none-eabi/4.8.2/../../../../arm-none-eabi/lib/thumb/libstdc++.a(new_opv.o)
                0x0000000002029148                operator new[](unsigned int)
 .text._ZL12read_sleb128PKhPl
                0x0000000002029160       0x34 /home/linux/devkitPro/devkitARM/bin/../lib/gcc/arm-none-eabi/4.8.2/../../../../arm-none-eabi/lib/thumb/libstdc++.a(eh_personality.o)
 .text._ZL28read_encoded_value_with_basehjPKhPj
                0x0000000002029194       0xe0 /home/linux/devkitPro/devkitARM/bin/../lib/gcc/arm-none-eabi/4.8.2/../../../../arm-none-eabi/lib/thumb/libstdc++.a(eh_personality.o)
 .text._ZL21base_of_encoded_valuehP15_Unwind_Context
                0x0000000002029274       0x48 /home/linux/devkitPro/devkitARM/bin/../lib/gcc/arm-none-eabi/4.8.2/../../../../arm-none-eabi/lib/thumb/libstdc++.a(eh_personality.o)
 .text._ZL17parse_lsda_headerP15_Unwind_ContextPKhP16lsda_header_info
                0x00000000020292bc       0x9c /home/linux/devkitPro/devkitARM/bin/../lib/gcc/arm-none-eabi/4.8.2/../../../../arm-none-eabi/lib/thumb/libstdc++.a(eh_personality.o)
 .text.__gxx_personality_v0
                0x0000000002029358      0x3f8 /home/linux/devkitPro/devkitARM/bin/../lib/gcc/arm-none-eabi/4.8.2/../../../../arm-none-eabi/lib/thumb/libstdc++.a(eh_personality.o)
                0x0000000002029358                __gxx_personality_v0
 .text._ZdlPv   0x0000000002029750       0x10 /home/linux/devkitPro/devkitARM/bin/../lib/gcc/arm-none-eabi/4.8.2/../../../../arm-none-eabi/lib/thumb/libstdc++.a(del_op.o)
                0x0000000002029750                operator delete(void*)
 .text.__aeabi_atexit
                0x0000000002029760       0x14 /home/linux/devkitPro/devkitARM/bin/../lib/gcc/arm-none-eabi/4.8.2/../../../../arm-none-eabi/lib/thumb/libstdc++.a(atexit_arm.o)
                0x0000000002029760                __aeabi_atexit
 .text._ZN10__cxxabiv111__terminateEPFvvE
                0x0000000002029774       0x2c /home/linux/devkitPro/devkitARM/bin/../lib/gcc/arm-none-eabi/4.8.2/../../../../arm-none-eabi/lib/thumb/libstdc++.a(eh_terminate.o)
                0x0000000002029774                __cxxabiv1::__terminate(void (*)())
 .text._ZSt9terminatev
                0x00000000020297a0       0x10 /home/linux/devkitPro/devkitARM/bin/../lib/gcc/arm-none-eabi/4.8.2/../../../../arm-none-eabi/lib/thumb/libstdc++.a(eh_terminate.o)
                0x00000000020297a0                std::terminate()
 .text._ZN10__cxxabiv112__unexpectedEPFvvE
                0x00000000020297b0        0xc /home/linux/devkitPro/devkitARM/bin/../lib/gcc/arm-none-eabi/4.8.2/../../../../arm-none-eabi/lib/thumb/libstdc++.a(eh_terminate.o)
                0x00000000020297b0                __cxxabiv1::__unexpected(void (*)())
 .text._ZSt10unexpectedv
                0x00000000020297bc       0x10 /home/linux/devkitPro/devkitARM/bin/../lib/gcc/arm-none-eabi/4.8.2/../../../../arm-none-eabi/lib/thumb/libstdc++.a(eh_terminate.o)
                0x00000000020297bc                std::unexpected()
 .text._ZSt13set_terminatePFvvE
                0x00000000020297cc       0x10 /home/linux/devkitPro/devkitARM/bin/../lib/gcc/arm-none-eabi/4.8.2/../../../../arm-none-eabi/lib/thumb/libstdc++.a(eh_terminate.o)
                0x00000000020297cc                std::set_terminate(void (*)())
 .text._ZSt14set_unexpectedPFvvE
                0x00000000020297dc       0x10 /home/linux/devkitPro/devkitARM/bin/../lib/gcc/arm-none-eabi/4.8.2/../../../../arm-none-eabi/lib/thumb/libstdc++.a(eh_terminate.o)
                0x00000000020297dc                std::set_unexpected(void (*)())
 .text._ZNSt9exceptionD2Ev
                0x00000000020297ec        0xc /home/linux/devkitPro/devkitARM/bin/../lib/gcc/arm-none-eabi/4.8.2/../../../../arm-none-eabi/lib/thumb/libstdc++.a(eh_exception.o)
                0x00000000020297ec                std::exception::~exception()
                0x00000000020297ec                std::exception::~exception()
 .text._ZNSt13bad_exceptionD2Ev
                0x00000000020297f8        0xc /home/linux/devkitPro/devkitARM/bin/../lib/gcc/arm-none-eabi/4.8.2/../../../../arm-none-eabi/lib/thumb/libstdc++.a(eh_exception.o)
                0x00000000020297f8                std::bad_exception::~bad_exception()
                0x00000000020297f8                std::bad_exception::~bad_exception()
 .text._ZN10__cxxabiv115__forced_unwindD2Ev
                0x0000000002029804        0xc /home/linux/devkitPro/devkitARM/bin/../lib/gcc/arm-none-eabi/4.8.2/../../../../arm-none-eabi/lib/thumb/libstdc++.a(eh_exception.o)
                0x0000000002029804                __cxxabiv1::__forced_unwind::~__forced_unwind()
                0x0000000002029804                __cxxabiv1::__forced_unwind::~__forced_unwind()
 .text._ZN10__cxxabiv119__foreign_exceptionD2Ev
                0x0000000002029810        0xc /home/linux/devkitPro/devkitARM/bin/../lib/gcc/arm-none-eabi/4.8.2/../../../../arm-none-eabi/lib/thumb/libstdc++.a(eh_exception.o)
                0x0000000002029810                __cxxabiv1::__foreign_exception::~__foreign_exception()
                0x0000000002029810                __cxxabiv1::__foreign_exception::~__foreign_exception()
 .text._ZNKSt9exception4whatEv
                0x000000000202981c        0x8 /home/linux/devkitPro/devkitARM/bin/../lib/gcc/arm-none-eabi/4.8.2/../../../../arm-none-eabi/lib/thumb/libstdc++.a(eh_exception.o)
                0x000000000202981c                std::exception::what() const
 .text._ZNKSt13bad_exception4whatEv
                0x0000000002029824        0x8 /home/linux/devkitPro/devkitARM/bin/../lib/gcc/arm-none-eabi/4.8.2/../../../../arm-none-eabi/lib/thumb/libstdc++.a(eh_exception.o)
                0x0000000002029824                std::bad_exception::what() const
 .text._ZNSt9exceptionD0Ev
                0x000000000202982c       0x1c /home/linux/devkitPro/devkitARM/bin/../lib/gcc/arm-none-eabi/4.8.2/../../../../arm-none-eabi/lib/thumb/libstdc++.a(eh_exception.o)
                0x000000000202982c                std::exception::~exception()
 .text._ZNSt13bad_exceptionD0Ev
                0x0000000002029848       0x1c /home/linux/devkitPro/devkitARM/bin/../lib/gcc/arm-none-eabi/4.8.2/../../../../arm-none-eabi/lib/thumb/libstdc++.a(eh_exception.o)
                0x0000000002029848                std::bad_exception::~bad_exception()
 .text._ZN10__cxxabiv115__forced_unwindD0Ev
                0x0000000002029864       0x1c /home/linux/devkitPro/devkitARM/bin/../lib/gcc/arm-none-eabi/4.8.2/../../../../arm-none-eabi/lib/thumb/libstdc++.a(eh_exception.o)
                0x0000000002029864                __cxxabiv1::__forced_unwind::~__forced_unwind()
 .text._ZN10__cxxabiv119__foreign_exceptionD0Ev
                0x0000000002029880       0x1c /home/linux/devkitPro/devkitARM/bin/../lib/gcc/arm-none-eabi/4.8.2/../../../../arm-none-eabi/lib/thumb/libstdc++.a(eh_exception.o)
                0x0000000002029880                __cxxabiv1::__foreign_exception::~__foreign_exception()
 .text.__cxa_allocate_exception
                0x000000000202989c       0x68 /home/linux/devkitPro/devkitARM/bin/../lib/gcc/arm-none-eabi/4.8.2/../../../../arm-none-eabi/lib/thumb/libstdc++.a(eh_alloc.o)
                0x000000000202989c                __cxa_allocate_exception
 .text.__cxa_free_exception
                0x0000000002029904       0x38 /home/linux/devkitPro/devkitARM/bin/../lib/gcc/arm-none-eabi/4.8.2/../../../../arm-none-eabi/lib/thumb/libstdc++.a(eh_alloc.o)
                0x0000000002029904                __cxa_free_exception
 .text.__cxa_allocate_dependent_exception
                0x000000000202993c       0x60 /home/linux/devkitPro/devkitARM/bin/../lib/gcc/arm-none-eabi/4.8.2/../../../../arm-none-eabi/lib/thumb/libstdc++.a(eh_alloc.o)
                0x000000000202993c                __cxa_allocate_dependent_exception
 .text.__cxa_free_dependent_exception
                0x000000000202999c       0x3c /home/linux/devkitPro/devkitARM/bin/../lib/gcc/arm-none-eabi/4.8.2/../../../../arm-none-eabi/lib/thumb/libstdc++.a(eh_alloc.o)
                0x000000000202999c                __cxa_free_dependent_exception
 .text._ZNKSt9bad_alloc4whatEv
                0x00000000020299d8        0x8 /home/linux/devkitPro/devkitARM/bin/../lib/gcc/arm-none-eabi/4.8.2/../../../../arm-none-eabi/lib/thumb/libstdc++.a(bad_alloc.o)
                0x00000000020299d8                std::bad_alloc::what() const
 .text._ZNSt9bad_allocD2Ev
                0x00000000020299e0       0x1c /home/linux/devkitPro/devkitARM/bin/../lib/gcc/arm-none-eabi/4.8.2/../../../../arm-none-eabi/lib/thumb/libstdc++.a(bad_alloc.o)
                0x00000000020299e0                std::bad_alloc::~bad_alloc()
                0x00000000020299e0                std::bad_alloc::~bad_alloc()
 .text._ZNSt9bad_allocD0Ev
                0x00000000020299fc       0x20 /home/linux/devkitPro/devkitARM/bin/../lib/gcc/arm-none-eabi/4.8.2/../../../../arm-none-eabi/lib/thumb/libstdc++.a(bad_alloc.o)
                0x00000000020299fc                std::bad_alloc::~bad_alloc()
 .text._ZdaPv   0x0000000002029a1c        0xc /home/linux/devkitPro/devkitARM/bin/../lib/gcc/arm-none-eabi/4.8.2/../../../../arm-none-eabi/lib/thumb/libstdc++.a(del_opv.o)
                0x0000000002029a1c                operator delete[](void*)
 .text._ZNK10__cxxabiv117__class_type_info11__do_upcastEPKS0_PPv
                0x0000000002029a28       0x40 /home/linux/devkitPro/devkitARM/bin/../lib/gcc/arm-none-eabi/4.8.2/../../../../arm-none-eabi/lib/thumb/libstdc++.a(class_type_info.o)
                0x0000000002029a28                __cxxabiv1::__class_type_info::__do_upcast(__cxxabiv1::__class_type_info const*, void**) const
 .text._ZNK10__cxxabiv117__class_type_info20__do_find_public_srcEiPKvPKS0_S2_
                0x0000000002029a68       0x14 /home/linux/devkitPro/devkitARM/bin/../lib/gcc/arm-none-eabi/4.8.2/../../../../arm-none-eabi/lib/thumb/libstdc++.a(class_type_info.o)
                0x0000000002029a68                __cxxabiv1::__class_type_info::__do_find_public_src(int, void const*, __cxxabiv1::__class_type_info const*, void const*) const
 .text._ZN10__cxxabiv117__class_type_infoD2Ev
                0x0000000002029a7c       0x1c /home/linux/devkitPro/devkitARM/bin/../lib/gcc/arm-none-eabi/4.8.2/../../../../arm-none-eabi/lib/thumb/libstdc++.a(class_type_info.o)
                0x0000000002029a7c                __cxxabiv1::__class_type_info::~__class_type_info()
                0x0000000002029a7c                __cxxabiv1::__class_type_info::~__class_type_info()
 .text._ZN10__cxxabiv117__class_type_infoD0Ev
                0x0000000002029a98       0x20 /home/linux/devkitPro/devkitARM/bin/../lib/gcc/arm-none-eabi/4.8.2/../../../../arm-none-eabi/lib/thumb/libstdc++.a(class_type_info.o)
                0x0000000002029a98                __cxxabiv1::__class_type_info::~__class_type_info()
 .text._ZNK10__cxxabiv117__class_type_info11__do_upcastEPKS0_PKvRNS0_15__upcast_resultE
                0x0000000002029ab8       0x20 /home/linux/devkitPro/devkitARM/bin/../lib/gcc/arm-none-eabi/4.8.2/../../../../arm-none-eabi/lib/thumb/libstdc++.a(class_type_info.o)
                0x0000000002029ab8                __cxxabiv1::__class_type_info::__do_upcast(__cxxabiv1::__class_type_info const*, void const*, __cxxabiv1::__class_type_info::__upcast_result&) const
 .text._ZNK10__cxxabiv117__class_type_info10__do_catchEPKSt9type_infoPPvj
                0x0000000002029ad8       0x30 /home/linux/devkitPro/devkitARM/bin/../lib/gcc/arm-none-eabi/4.8.2/../../../../arm-none-eabi/lib/thumb/libstdc++.a(class_type_info.o)
                0x0000000002029ad8                __cxxabiv1::__class_type_info::__do_catch(std::type_info const*, void**, unsigned int) const
 .text._ZNK10__cxxabiv117__class_type_info12__do_dyncastEiNS0_10__sub_kindEPKS0_PKvS3_S5_RNS0_16__dyncast_resultE
                0x0000000002029b08       0x44 /home/linux/devkitPro/devkitARM/bin/../lib/gcc/arm-none-eabi/4.8.2/../../../../arm-none-eabi/lib/thumb/libstdc++.a(class_type_info.o)
                0x0000000002029b08                __cxxabiv1::__class_type_info::__do_dyncast(int, __cxxabiv1::__class_type_info::__sub_kind, __cxxabiv1::__class_type_info const*, void const*, __cxxabiv1::__class_type_info const*, void const*, __cxxabiv1::__class_type_info::__dyncast_result&) const
 .text._ZSt15set_new_handlerPFvvE
                0x0000000002029b4c       0x10 /home/linux/devkitPro/devkitARM/bin/../lib/gcc/arm-none-eabi/4.8.2/../../../../arm-none-eabi/lib/thumb/libstdc++.a(new_handler.o)
                0x0000000002029b4c                std::set_new_handler(void (*)())
 .text._ZNKSs4dataEv
                0x0000000002029b5c        0x4 /home/linux/devkitPro/devkitARM/bin/../lib/gcc/arm-none-eabi/4.8.2/../../../../arm-none-eabi/lib/thumb/libstdc++.a(string-inst.o)
                0x0000000002029b5c                std::string::data() const
 .text._ZNKSs6lengthEv
                0x0000000002029b60        0x8 /home/linux/devkitPro/devkitARM/bin/../lib/gcc/arm-none-eabi/4.8.2/../../../../arm-none-eabi/lib/thumb/libstdc++.a(string-inst.o)